Component: ARM Compiler 5.06 update 6 (build 750) Tool: armlink [4d35ed]

==============================================================================

Section Cross References

    startup_stm32l053xx.o(RESET) refers to startup_stm32l053xx.o(STACK) for __initial_sp
    startup_stm32l053xx.o(RESET) refers to startup_stm32l053xx.o(.text) for Reset_Handler
    startup_stm32l053xx.o(RESET) refers to stm32l0xx_it.o(i.NMI_Handler) for NMI_Handler
    startup_stm32l053xx.o(RESET) refers to stm32l0xx_it.o(i.HardFault_Handler) for HardFault_Handler
    startup_stm32l053xx.o(RESET) refers to port.o(i.SVC_Handler) for SVC_Handler
    startup_stm32l053xx.o(RESET) refers to port.o(.emb_text) for PendSV_Handler
    startup_stm32l053xx.o(RESET) refers to port.o(i.SysTick_Handler) for SysTick_Handler
    startup_stm32l053xx.o(RESET) refers to stm32l0xx_it.o(i.TIM2_IRQHandler) for TIM2_IRQHandler
    startup_stm32l053xx.o(.text) refers to system_stm32l0xx.o(i.SystemInit) for SystemInit
    startup_stm32l053xx.o(.text) refers to entry.o(.ARM.Collect$$$$00000000) for __main
    main.o(i.HAL_TIM_PeriodElapsedCallback) refers to stm32l0xx_hal.o(i.HAL_IncTick) for HAL_IncTick
    main.o(i.SystemClock_Config) refers to memseta.o(.text) for __aeabi_memclr4
    main.o(i.SystemClock_Config) refers to stm32l0xx_hal_rcc.o(i.HAL_RCC_OscConfig) for HAL_RCC_OscConfig
    main.o(i.SystemClock_Config) refers to stm32l0xx_hal_rcc.o(i.HAL_RCC_ClockConfig) for HAL_RCC_ClockConfig
    main.o(i.SystemClock_Config) refers to stm32l0xx_hal_rcc_ex.o(i.HAL_RCCEx_PeriphCLKConfig) for HAL_RCCEx_PeriphCLKConfig
    main.o(i.main) refers to stm32l0xx_hal.o(i.HAL_Init) for HAL_Init
    main.o(i.main) refers to main.o(i.SystemClock_Config) for SystemClock_Config
    main.o(i.main) refers to gpio.o(i.MX_GPIO_Init) for MX_GPIO_Init
    main.o(i.main) refers to usart.o(i.MX_USART1_UART_Init) for MX_USART1_UART_Init
    main.o(i.main) refers to freertos.o(i.MX_FREERTOS_Init) for MX_FREERTOS_Init
    main.o(i.main) refers to cmsis_os.o(i.osKernelStart) for osKernelStart
    gpio.o(i.MX_GPIO_Init) refers to memseta.o(.text) for __aeabi_memclr4
    gpio.o(i.MX_GPIO_Init) refers to stm32l0xx_hal_gpio.o(i.HAL_GPIO_WritePin) for HAL_GPIO_WritePin
    gpio.o(i.MX_GPIO_Init) refers to stm32l0xx_hal_gpio.o(i.HAL_GPIO_Init) for HAL_GPIO_Init
    freertos.o(i.Callback01) refers to stm32l0xx_hal_gpio.o(i.HAL_GPIO_TogglePin) for HAL_GPIO_TogglePin
    freertos.o(i.Callback02) refers to stm32l0xx_hal_gpio.o(i.HAL_GPIO_TogglePin) for HAL_GPIO_TogglePin
    freertos.o(i.LED1Task) refers to cmsis_os.o(i.osDelay) for osDelay
    freertos.o(i.LED2ask) refers to cmsis_os.o(i.osDelay) for osDelay
    freertos.o(i.MX_FREERTOS_Init) refers to cmsis_os.o(i.osTimerCreate) for osTimerCreate
    freertos.o(i.MX_FREERTOS_Init) refers to cmsis_os.o(i.osTimerStart) for osTimerStart
    freertos.o(i.MX_FREERTOS_Init) refers to memcpya.o(.text) for __aeabi_memcpy4
    freertos.o(i.MX_FREERTOS_Init) refers to cmsis_os.o(i.osThreadCreate) for osThreadCreate
    freertos.o(i.MX_FREERTOS_Init) refers to freertos.o(.constdata) for .constdata
    freertos.o(i.MX_FREERTOS_Init) refers to freertos.o(.data) for .data
    freertos.o(i.vApplicationGetIdleTaskMemory) refers to freertos.o(.bss) for .bss
    freertos.o(i.vApplicationGetTimerTaskMemory) refers to freertos.o(.bss) for .bss
    freertos.o(.constdata) refers to freertos.o(i.Callback01) for Callback01
    freertos.o(.constdata) refers to freertos.o(i.Callback02) for Callback02
    freertos.o(.constdata) refers to freertos.o(.conststring) for .conststring
    freertos.o(.constdata) refers to freertos.o(i.LED1Task) for LED1Task
    freertos.o(.constdata) refers to freertos.o(i.LED2ask) for LED2ask
    usart.o(i.HAL_UART_MspDeInit) refers to stm32l0xx_hal_gpio.o(i.HAL_GPIO_DeInit) for HAL_GPIO_DeInit
    usart.o(i.HAL_UART_MspInit) refers to memseta.o(.text) for __aeabi_memclr4
    usart.o(i.HAL_UART_MspInit) refers to stm32l0xx_hal_gpio.o(i.HAL_GPIO_Init) for HAL_GPIO_Init
    usart.o(i.MX_USART1_UART_Init) refers to stm32l0xx_hal_uart.o(i.HAL_UART_Init) for HAL_UART_Init
    usart.o(i.MX_USART1_UART_Init) refers to main.o(i.Error_Handler) for Error_Handler
    usart.o(i.MX_USART1_UART_Init) refers to usart.o(.bss) for .bss
    stm32l0xx_it.o(i.TIM2_IRQHandler) refers to stm32l0xx_hal_tim.o(i.HAL_TIM_IRQHandler) for HAL_TIM_IRQHandler
    stm32l0xx_it.o(i.TIM2_IRQHandler) refers to stm32l0xx_hal_timebase_tim.o(.bss) for htim2
    stm32l0xx_hal_msp.o(i.HAL_MspInit) refers to stm32l0xx_hal_cortex.o(i.HAL_NVIC_SetPriority) for HAL_NVIC_SetPriority
    stm32l0xx_hal_timebase_tim.o(i.HAL_InitTick) refers to stm32l0xx_hal_cortex.o(i.HAL_NVIC_SetPriority) for HAL_NVIC_SetPriority
    stm32l0xx_hal_timebase_tim.o(i.HAL_InitTick) refers to stm32l0xx_hal_cortex.o(i.HAL_NVIC_EnableIRQ) for HAL_NVIC_EnableIRQ
    stm32l0xx_hal_timebase_tim.o(i.HAL_InitTick) refers to stm32l0xx_hal_rcc.o(i.HAL_RCC_GetClockConfig) for HAL_RCC_GetClockConfig
[...]
    Removing stm32l0xx_hal_tim.o(i.HAL_TIM_OC_Start), (36 bytes).
    Removing stm32l0xx_hal_tim.o(i.HAL_TIM_OC_Start_DMA), (268 bytes).
    Removing stm32l0xx_hal_tim.o(i.HAL_TIM_OC_Start_IT), (82 bytes).
    Removing stm32l0xx_hal_tim.o(i.HAL_TIM_OC_Stop), (40 bytes).
    Removing stm32l0xx_hal_tim.o(i.HAL_TIM_OC_Stop_DMA), (124 bytes).
    Removing stm32l0xx_hal_tim.o(i.HAL_TIM_OC_Stop_IT), (84 bytes).
    Removing stm32l0xx_hal_tim.o(i.HAL_TIM_OnePulse_ConfigChannel), (202 bytes).
    Removing stm32l0xx_hal_tim.o(i.HAL_TIM_OnePulse_DeInit), (44 bytes).
    Removing stm32l0xx_hal_tim.o(i.HAL_TIM_OnePulse_GetState), (6 bytes).
    Removing stm32l0xx_hal_tim.o(i.HAL_TIM_OnePulse_Init), (72 bytes).
    Removing stm32l0xx_hal_tim.o(i.HAL_TIM_OnePulse_MspDeInit), (2 bytes).
    Removing stm32l0xx_hal_tim.o(i.HAL_TIM_OnePulse_MspInit), (2 bytes).
    Removing stm32l0xx_hal_tim.o(i.HAL_TIM_OnePulse_Start), (28 bytes).
    Removing stm32l0xx_hal_tim.o(i.HAL_TIM_OnePulse_Start_IT), (48 bytes).
    Removing stm32l0xx_hal_tim.o(i.HAL_TIM_OnePulse_Stop), (52 bytes).
    Removing stm32l0xx_hal_tim.o(i.HAL_TIM_OnePulse_Stop_IT), (72 bytes).
    Removing stm32l0xx_hal_tim.o(i.HAL_TIM_PWM_ConfigChannel), (208 bytes).
    Removing stm32l0xx_hal_tim.o(i.HAL_TIM_PWM_DeInit), (44 bytes).
    Removing stm32l0xx_hal_tim.o(i.HAL_TIM_PWM_GetState), (6 bytes).
    Removing stm32l0xx_hal_tim.o(i.HAL_TIM_PWM_Init), (52 bytes).
    Removing stm32l0xx_hal_tim.o(i.HAL_TIM_PWM_MspDeInit), (2 bytes).
    Removing stm32l0xx_hal_tim.o(i.HAL_TIM_PWM_MspInit), (2 bytes).
    Removing stm32l0xx_hal_tim.o(i.HAL_TIM_PWM_PulseFinishedHalfCpltCallback), (2 bytes).
    Removing stm32l0xx_hal_tim.o(i.HAL_TIM_PWM_Start), (36 bytes).
    Removing stm32l0xx_hal_tim.o(i.HAL_TIM_PWM_Start_DMA), (268 bytes).
    Removing stm32l0xx_hal_tim.o(i.HAL_TIM_PWM_Start_IT), (82 bytes).
    Removing stm32l0xx_hal_tim.o(i.HAL_TIM_PWM_Stop), (44 bytes).
    Removing stm32l0xx_hal_tim.o(i.HAL_TIM_PWM_Stop_DMA), (124 bytes).
    Removing stm32l0xx_hal_tim.o(i.HAL_TIM_PWM_Stop_IT), (84 bytes).
    Removing stm32l0xx_hal_tim.o(i.HAL_TIM_PeriodElapsedCallback), (2 bytes).
    Removing stm32l0xx_hal_tim.o(i.HAL_TIM_PeriodElapsedHalfCpltCallback), (2 bytes).
    Removing stm32l0xx_hal_tim.o(i.HAL_TIM_ReadCapturedValue), (44 bytes).
    Removing stm32l0xx_hal_tim.o(i.HAL_TIM_SlaveConfigSynchro), (76 bytes).
    Removing stm32l0xx_hal_tim.o(i.HAL_TIM_SlaveConfigSynchro_IT), (76 bytes).
    Removing stm32l0xx_hal_tim.o(i.HAL_TIM_TriggerHalfCpltCallback), (2 bytes).
    Removing stm32l0xx_hal_tim.o(i.TIM_CCxChannelCmd), (26 bytes).
    Removing stm32l0xx_hal_tim.o(i.TIM_DMACaptureCplt), (62 bytes).
    Removing stm32l0xx_hal_tim.o(i.TIM_DMACaptureHalfCplt), (62 bytes).
    Removing stm32l0xx_hal_tim.o(i.TIM_DMADelayPulseCplt), (62 bytes).
    Removing stm32l0xx_hal_tim.o(i.TIM_DMADelayPulseHalfCplt), (62 bytes).
    Removing stm32l0xx_hal_tim.o(i.TIM_DMAError), (16 bytes).
    Removing stm32l0xx_hal_tim.o(i.TIM_DMAPeriodElapsedCplt), (16 bytes).
    Removing stm32l0xx_hal_tim.o(i.TIM_DMAPeriodElapsedHalfCplt), (16 bytes).
    Removing stm32l0xx_hal_tim.o(i.TIM_DMATriggerCplt), (16 bytes).
    Removing stm32l0xx_hal_tim.o(i.TIM_DMATriggerHalfCplt), (16 bytes).
    Removing stm32l0xx_hal_tim.o(i.TIM_ETR_SetConfig), (22 bytes).
    Removing stm32l0xx_hal_tim.o(i.TIM_ITRx_SetConfig), (16 bytes).
    Removing stm32l0xx_hal_tim.o(i.TIM_OC1_SetConfig), (48 bytes).
    Removing stm32l0xx_hal_tim.o(i.TIM_OC2_SetConfig), (50 bytes).
    Removing stm32l0xx_hal_tim.o(i.TIM_OC3_SetConfig), (54 bytes).
    Removing stm32l0xx_hal_tim.o(i.TIM_OC4_SetConfig), (54 bytes).
    Removing stm32l0xx_hal_tim.o(i.TIM_SlaveTimer_SetConfig), (134 bytes).
    Removing stm32l0xx_hal_tim.o(i.TIM_TI1_ConfigInputStage), (34 bytes).
    Removing stm32l0xx_hal_tim.o(i.TIM_TI1_SetConfig), (76 bytes).
    Removing stm32l0xx_hal_tim.o(i.TIM_TI2_ConfigInputStage), (38 bytes).
    Removing stm32l0xx_hal_tim.o(i.TIM_TI2_SetConfig), (52 bytes).
    Removing stm32l0xx_hal_tim_ex.o(.rev16_text), (4 bytes).
    Removing stm32l0xx_hal_tim_ex.o(.revsh_text), (4 bytes).
    Removing stm32l0xx_hal_tim_ex.o(i.HAL_TIMEx_MasterConfigSynchronization), (60 bytes).
    Removing stm32l0xx_hal_tim_ex.o(i.HAL_TIMEx_RemapConfig), (28 bytes).
    Removing stm32l0xx_hal_uart.o(.rev16_text), (4 bytes).
    Removing stm32l0xx_hal_uart.o(.revsh_text), (4 bytes).
    Removing stm32l0xx_hal_uart.o(i.HAL_HalfDuplex_EnableReceiver), (54 bytes).
    Removing stm32l0xx_hal_uart.o(i.HAL_HalfDuplex_EnableTransmitter), (54 bytes).
    Removing stm32l0xx_hal_uart.o(i.HAL_HalfDuplex_Init), (116 bytes).
    Removing stm32l0xx_hal_uart.o(i.HAL_LIN_Init), (146 bytes).
    Removing stm32l0xx_hal_uart.o(i.HAL_LIN_SendBreak), (44 bytes).
    Removing stm32l0xx_hal_uart.o(i.HAL_MultiProcessor_DisableMuteMode), (46 bytes).
    Removing stm32l0xx_hal_uart.o(i.HAL_MultiProcessor_EnableMuteMode), (46 bytes).
    Removing stm32l0xx_hal_uart.o(i.HAL_MultiProcessor_EnterMuteMode), (12 bytes).
    Removing stm32l0xx_hal_uart.o(i.HAL_MultiProcessor_Init), (142 bytes).
    Removing stm32l0xx_hal_uart.o(i.HAL_UART_Abort), (162 bytes).
    Removing stm32l0xx_hal_uart.o(i.HAL_UART_AbortCpltCallback), (2 bytes).
    Removing stm32l0xx_hal_uart.o(i.HAL_UART_AbortReceive), (110 bytes).
    Removing stm32l0xx_hal_uart.o(i.HAL_UART_AbortReceiveCpltCallback), (2 bytes).
    Removing stm32l0xx_hal_uart.o(i.HAL_UART_AbortReceive_IT), (124 bytes).
    Removing stm32l0xx_hal_uart.o(i.HAL_UART_AbortTransmit), (82 bytes).
    Removing stm32l0xx_hal_uart.o(i.HAL_UART_AbortTransmitCpltCallback), (2 bytes).
    Removing stm32l0xx_hal_uart.o(i.HAL_UART_AbortTransmit_IT), (88 bytes).
    Removing stm32l0xx_hal_uart.o(i.HAL_UART_Abort_IT), (204 bytes).
    Removing stm32l0xx_hal_uart.o(i.HAL_UART_DMAPause), (94 bytes).
    Removing stm32l0xx_hal_uart.o(i.HAL_UART_DMAResume), (86 bytes).
    Removing stm32l0xx_hal_uart.o(i.HAL_UART_DMAStop), (122 bytes).
    Removing stm32l0xx_hal_uart.o(i.HAL_UART_DeInit), (58 bytes).
    Removing stm32l0xx_hal_uart.o(i.HAL_UART_ErrorCallback), (2 bytes).
    Removing stm32l0xx_hal_uart.o(i.HAL_UART_GetError), (4 bytes).
    Removing stm32l0xx_hal_uart.o(i.HAL_UART_GetState), (10 bytes).
    Removing stm32l0xx_hal_uart.o(i.HAL_UART_IRQHandler), (316 bytes).
    Removing stm32l0xx_hal_uart.o(i.HAL_UART_MspDeInit), (2 bytes).
    Removing stm32l0xx_hal_uart.o(i.HAL_UART_MspInit), (2 bytes).
    Removing stm32l0xx_hal_uart.o(i.HAL_UART_Receive), (260 bytes).
    Removing stm32l0xx_hal_uart.o(i.HAL_UART_Receive_DMA), (184 bytes).
    Removing stm32l0xx_hal_uart.o(i.HAL_UART_Receive_IT), (196 bytes).
    Removing stm32l0xx_hal_uart.o(i.HAL_UART_RxCpltCallback), (2 bytes).
    Removing stm32l0xx_hal_uart.o(i.HAL_UART_RxHalfCpltCallback), (2 bytes).
    Removing stm32l0xx_hal_uart.o(i.HAL_UART_Transmit), (206 bytes).
    Removing stm32l0xx_hal_uart.o(i.HAL_UART_Transmit_DMA), (172 bytes).
    Removing stm32l0xx_hal_uart.o(i.HAL_UART_Transmit_IT), (120 bytes).
    Removing stm32l0xx_hal_uart.o(i.HAL_UART_TxCpltCallback), (2 bytes).
    Removing stm32l0xx_hal_uart.o(i.HAL_UART_TxHalfCpltCallback), (2 bytes).
    Removing stm32l0xx_hal_uart.o(i.UART_DMAAbortOnError), (20 bytes).
    Removing stm32l0xx_hal_uart.o(i.UART_DMAError), (72 bytes).
    Removing stm32l0xx_hal_uart.o(i.UART_DMAReceiveCplt), (62 bytes).
    Removing stm32l0xx_hal_uart.o(i.UART_DMARxAbortCallback), (60 bytes).
    Removing stm32l0xx_hal_uart.o(i.UART_DMARxHalfCplt), (10 bytes).
    Removing stm32l0xx_hal_uart.o(i.UART_DMARxOnlyAbortCallback), (36 bytes).
    Removing stm32l0xx_hal_uart.o(i.UART_DMATransmitCplt), (48 bytes).
    Removing stm32l0xx_hal_uart.o(i.UART_DMATxAbortCallback), (50 bytes).
    Removing stm32l0xx_hal_uart.o(i.UART_DMATxHalfCplt), (10 bytes).
    Removing stm32l0xx_hal_uart.o(i.UART_DMATxOnlyAbortCallback), (20 bytes).
    Removing stm32l0xx_hal_uart.o(i.UART_EndRxTransfer), (32 bytes).
    Removing stm32l0xx_hal_uart.o(i.UART_EndTxTransfer), (16 bytes).
    Removing stm32l0xx_hal_uart.o(i.UART_RxISR_16BIT), (88 bytes).
    Removing stm32l0xx_hal_uart.o(i.UART_RxISR_8BIT), (88 bytes).
    Removing stm32l0xx_hal_uart.o(i.UART_TxISR_16BIT), (64 bytes).
    Removing stm32l0xx_hal_uart.o(i.UART_TxISR_8BIT), (60 bytes).
    Removing stm32l0xx_hal_uart_ex.o(.rev16_text), (4 bytes).
    Removing stm32l0xx_hal_uart_ex.o(.revsh_text), (4 bytes).
    Removing stm32l0xx_hal_uart_ex.o(i.HAL_MultiProcessorEx_AddressLength_Set), (52 bytes).
    Removing stm32l0xx_hal_uart_ex.o(i.HAL_RS485Ex_Init), (136 bytes).
    Removing stm32l0xx_hal_uart_ex.o(i.HAL_UARTEx_DisableClockStopMode), (36 bytes).
    Removing stm32l0xx_hal_uart_ex.o(i.HAL_UARTEx_DisableStopMode), (34 bytes).
    Removing stm32l0xx_hal_uart_ex.o(i.HAL_UARTEx_EnableClockStopMode), (36 bytes).
    Removing stm32l0xx_hal_uart_ex.o(i.HAL_UARTEx_EnableStopMode), (34 bytes).
    Removing stm32l0xx_hal_uart_ex.o(i.HAL_UARTEx_StopModeWakeUpSourceConfig), (152 bytes).
    Removing stm32l0xx_hal_uart_ex.o(i.HAL_UARTEx_WakeupCallback), (2 bytes).
    Removing system_stm32l0xx.o(.rev16_text), (4 bytes).
    Removing system_stm32l0xx.o(.revsh_text), (4 bytes).
    Removing system_stm32l0xx.o(i.SystemCoreClockUpdate), (156 bytes).
    Removing event_groups.o(i.prvTestWaitCondition), (22 bytes).
    Removing event_groups.o(i.vEventGroupClearBitsCallback), (8 bytes).
    Removing event_groups.o(i.vEventGroupDelete), (60 bytes).
    Removing event_groups.o(i.vEventGroupSetBitsCallback), (8 bytes).
    Removing event_groups.o(i.xEventGroupClearBits), (40 bytes).
    Removing event_groups.o(i.xEventGroupCreate), (28 bytes).
    Removing event_groups.o(i.xEventGroupCreateStatic), (34 bytes).
    Removing event_groups.o(i.xEventGroupGetBitsFromISR), (18 bytes).
    Removing event_groups.o(i.xEventGroupSetBits), (116 bytes).
    Removing event_groups.o(i.xEventGroupSync), (164 bytes).
    Removing event_groups.o(i.xEventGroupWaitBits), (204 bytes).
    Removing queue.o(i.pcQueueGetName), (40 bytes).
    Removing queue.o(i.prvInitialiseMutex), (24 bytes).
    Removing queue.o(i.uxQueueMessagesWaiting), (24 bytes).
    Removing queue.o(i.uxQueueMessagesWaitingFromISR), (12 bytes).
    Removing queue.o(i.uxQueueSpacesAvailable), (28 bytes).
    Removing queue.o(i.vQueueDelete), (30 bytes).
    Removing queue.o(i.vQueueUnregisterQueue), (40 bytes).
    Removing queue.o(i.xQueueCreateMutex), (22 bytes).
    Removing queue.o(i.xQueueCreateMutexStatic), (26 bytes).
    Removing queue.o(i.xQueueGenericCreate), (60 bytes).
    Removing queue.o(i.xQueueGiveFromISR), (116 bytes).
    Removing queue.o(i.xQueueIsQueueEmptyFromISR), (22 bytes).
    Removing queue.o(i.xQueueIsQueueFullFromISR), (24 bytes).
    Removing queue.o(i.xQueuePeek), (258 bytes).
    Removing queue.o(i.xQueuePeekFromISR), (76 bytes).
    Removing queue.o(i.xQueueReceiveFromISR), (120 bytes).
    Removing queue.o(i.xQueueSemaphoreTake), (320 bytes).
    Removing stream_buffer.o(i.prvBytesInBuffer), (18 bytes).
    Removing stream_buffer.o(i.prvInitialiseNewStreamBuffer), (56 bytes).
    Removing stream_buffer.o(i.prvReadBytesFromBuffer), (106 bytes).
    Removing stream_buffer.o(i.prvReadMessageFromBuffer), (66 bytes).
    Removing stream_buffer.o(i.prvWriteBytesToBuffer), (88 bytes).
    Removing stream_buffer.o(i.prvWriteMessageToBuffer), (62 bytes).
    Removing stream_buffer.o(i.vStreamBufferDelete), (30 bytes).
    Removing stream_buffer.o(i.xStreamBufferBytesAvailable), (16 bytes).
    Removing stream_buffer.o(i.xStreamBufferGenericCreate), (60 bytes).
    Removing stream_buffer.o(i.xStreamBufferGenericCreateStatic), (68 bytes).
    Removing stream_buffer.o(i.xStreamBufferIsEmpty), (24 bytes).
    Removing stream_buffer.o(i.xStreamBufferIsFull), (38 bytes).
    Removing stream_buffer.o(i.xStreamBufferReceive), (172 bytes).
    Removing stream_buffer.o(i.xStreamBufferReceiveCompletedFromISR), (58 bytes).
    Removing stream_buffer.o(i.xStreamBufferReceiveFromISR), (110 bytes).
    Removing stream_buffer.o(i.xStreamBufferReset), (52 bytes).
    Removing stream_buffer.o(i.xStreamBufferSend), (198 bytes).
    Removing stream_buffer.o(i.xStreamBufferSendCompletedFromISR), (58 bytes).
    Removing stream_buffer.o(i.xStreamBufferSendFromISR), (110 bytes).
    Removing stream_buffer.o(i.xStreamBufferSetTriggerLevel), (32 bytes).
    Removing stream_buffer.o(i.xStreamBufferSpacesAvailable), (28 bytes).
    Removing tasks.o(i.pcTaskGetName), (24 bytes).
    Removing tasks.o(i.prvTaskIsTaskSuspended), (44 bytes).
    Removing tasks.o(i.pvTaskIncrementMutexHeldCount), (24 bytes).
    Removing tasks.o(i.ulTaskNotifyTake), (96 bytes).
    Removing tasks.o(i.uxTaskGetNumberOfTasks), (12 bytes).
    Removing tasks.o(i.uxTaskPriorityGet), (32 bytes).
    Removing tasks.o(i.uxTaskPriorityGetFromISR), (32 bytes).
    Removing tasks.o(i.uxTaskResetEventItemValue), (24 bytes).
    Removing tasks.o(i.vTaskDelete), (120 bytes).
    Removing tasks.o(i.vTaskEndScheduler), (20 bytes).
    Removing tasks.o(i.vTaskNotifyGiveFromISR), (140 bytes).
    Removing tasks.o(i.vTaskPlaceOnUnorderedEventList), (60 bytes).
    Removing tasks.o(i.vTaskPriorityDisinheritAfterTimeout), (112 bytes).
    Removing tasks.o(i.vTaskPrioritySet), (148 bytes).
    Removing tasks.o(i.vTaskRemoveFromUnorderedEventList), (92 bytes).
    Removing tasks.o(i.vTaskResume), (92 bytes).
    Removing tasks.o(i.vTaskSetTimeOutState), (36 bytes).
    Removing tasks.o(i.vTaskSuspend), (136 bytes).
    Removing tasks.o(i.xTaskGenericNotify), (164 bytes).
    Removing tasks.o(i.xTaskGenericNotifyFromISR), (196 bytes).
    Removing tasks.o(i.xTaskGetCurrentTaskHandle), (12 bytes).
    Removing tasks.o(i.xTaskGetTickCountFromISR), (12 bytes).
    Removing tasks.o(i.xTaskNotifyStateClear), (48 bytes).
    Removing tasks.o(i.xTaskNotifyWait), (124 bytes).
    Removing tasks.o(i.xTaskPriorityInherit), (120 bytes).
    Removing tasks.o(i.xTaskResumeFromISR), (108 bytes).
    Removing timers.o(i.pcTimerGetName), (12 bytes).
    Removing timers.o(i.pvTimerGetTimerID), (24 bytes).
    Removing timers.o(i.vTimerSetTimerID), (24 bytes).
    Removing timers.o(i.xTimerGetExpiryTime), (12 bytes).
    Removing timers.o(i.xTimerGetPeriod), (12 bytes).
    Removing timers.o(i.xTimerGetTimerDaemonTaskHandle), (20 bytes).
    Removing timers.o(i.xTimerIsTimerActive), (34 bytes).
    Removing cmsis_os.o(.rev16_text), (4 bytes).
    Removing cmsis_os.o(.revsh_text), (4 bytes).
    Removing cmsis_os.o(i.makeCmsisPriority), (14 bytes).
    Removing cmsis_os.o(i.osAbortDelay), (4 bytes).
    Removing cmsis_os.o(i.osDelayUntil), (4 bytes).
    Removing cmsis_os.o(i.osKernelRunning), (18 bytes).
    Removing cmsis_os.o(i.osKernelSysTick), (22 bytes).
    Removing cmsis_os.o(i.osMailAlloc), (14 bytes).
    Removing cmsis_os.o(i.osMailCAlloc), (32 bytes).
    Removing cmsis_os.o(i.osMailCreate), (92 bytes).
    Removing cmsis_os.o(i.osMailFree), (18 bytes).
    Removing cmsis_os.o(i.osMailGet), (136 bytes).
    Removing cmsis_os.o(i.osMailPut), (88 bytes).
    Removing cmsis_os.o(i.osMessageAvailableSpace), (8 bytes).
    Removing cmsis_os.o(i.osMessageCreate), (40 bytes).
    Removing cmsis_os.o(i.osMessageDelete), (26 bytes).
    Removing cmsis_os.o(i.osMessageGet), (140 bytes).
    Removing cmsis_os.o(i.osMessagePeek), (76 bytes).
    Removing cmsis_os.o(i.osMessagePut), (88 bytes).
    Removing cmsis_os.o(i.osMessageWaiting), (26 bytes).
    Removing cmsis_os.o(i.osMutexCreate), (24 bytes).
    Removing cmsis_os.o(i.osMutexDelete), (26 bytes).
    Removing cmsis_os.o(i.osMutexRelease), (76 bytes).
    Removing cmsis_os.o(i.osMutexWait), (100 bytes).
    Removing cmsis_os.o(i.osPoolAlloc), (100 bytes).
    Removing cmsis_os.o(i.osPoolCAlloc), (20 bytes).
    Removing cmsis_os.o(i.osPoolCreate), (94 bytes).
    Removing cmsis_os.o(i.osPoolFree), (48 bytes).
    Removing cmsis_os.o(i.osRecursiveMutexCreate), (4 bytes).
    Removing cmsis_os.o(i.osRecursiveMutexRelease), (4 bytes).
    Removing cmsis_os.o(i.osRecursiveMutexWait), (4 bytes).
    Removing cmsis_os.o(i.osSemaphoreCreate), (64 bytes).
    Removing cmsis_os.o(i.osSemaphoreDelete), (26 bytes).
    Removing cmsis_os.o(i.osSemaphoreGetCount), (8 bytes).
    Removing cmsis_os.o(i.osSemaphoreRelease), (76 bytes).
    Removing cmsis_os.o(i.osSemaphoreWait), (100 bytes).
    Removing cmsis_os.o(i.osSignalSet), (88 bytes).
    Removing cmsis_os.o(i.osSignalWait), (90 bytes).
    Removing cmsis_os.o(i.osSystickHandler), (16 bytes).
    Removing cmsis_os.o(i.osThreadGetId), (8 bytes).
    Removing cmsis_os.o(i.osThreadGetPriority), (30 bytes).
    Removing cmsis_os.o(i.osThreadList), (4 bytes).
    Removing cmsis_os.o(i.osThreadResume), (44 bytes).
    Removing cmsis_os.o(i.osThreadResumeAll), (18 bytes).
    Removing cmsis_os.o(i.osThreadSetPriority), (22 bytes).
    Removing cmsis_os.o(i.osThreadSuspend), (10 bytes).
    Removing cmsis_os.o(i.osThreadSuspendAll), (10 bytes).
    Removing cmsis_os.o(i.osThreadTerminate), (10 bytes).
    Removing cmsis_os.o(i.osThreadYield), (10 bytes).
    Removing cmsis_os.o(i.osTimerDelete), (46 bytes).
    Removing cmsis_os.o(i.osTimerStop), (84 bytes).
    Removing heap_4.o(i.vPortInitialiseBlocks), (2 bytes).
    Removing heap_4.o(i.xPortGetFreeHeapSize), (12 bytes).
    Removing heap_4.o(i.xPortGetMinimumEverFreeHeapSize), (12 bytes).
    Removing port.o(i.vPortEndScheduler), (24 bytes).

584 unused section(s) (total 37834 bytes) removed from the image.

==============================================================================

Image Symbol Table

    Local Symbols

    Symbol Name                              Value     Ov Type        Size  Object(Section)

    ../Drivers/STM32L0xx_HAL_Driver/Src/stm32l0xx_hal.c 0x00000000   Number         0  stm32l0xx_hal.o ABSOLUTE
    ../Drivers/STM32L0xx_HAL_Driver/Src/stm32l0xx_hal_cortex.c 0x00000000   Number         0  stm32l0xx_hal_cortex.o ABSOLUTE
    ../Drivers/STM32L0xx_HAL_Driver/Src/stm32l0xx_hal_dma.c 0x00000000   Number         0  stm32l0xx_hal_dma.o ABSOLUTE
    ../Drivers/STM32L0xx_HAL_Driver/Src/stm32l0xx_hal_flash.c 0x00000000   Number         0  stm32l0xx_hal_flash.o ABSOLUTE
    ../Drivers/STM32L0xx_HAL_Driver/Src/stm32l0xx_hal_flash_ex.c 0x00000000   Number         0  stm32l0xx_hal_flash_ex.o ABSOLUTE
    ../Drivers/STM32L0xx_HAL_Driver/Src/stm32l0xx_hal_flash_ramfunc.c 0x00000000   Number         0  stm32l0xx_hal_flash_ramfunc.o ABSOLUTE
    ../Drivers/STM32L0xx_HAL_Driver/Src/stm32l0xx_hal_gpio.c 0x00000000   Number         0  stm32l0xx_hal_gpio.o ABSOLUTE
    ../Drivers/STM32L0xx_HAL_Driver/Src/stm32l0xx_hal_i2c.c 0x00000000   Number         0  stm32l0xx_hal_i2c.o ABSOLUTE
    ../Drivers/STM32L0xx_HAL_Driver/Src/stm32l0xx_hal_i2c_ex.c 0x00000000   Number         0  stm32l0xx_hal_i2c_ex.o ABSOLUTE
    ../Drivers/STM32L0xx_HAL_Driver/Src/stm32l0xx_hal_pwr.c 0x00000000   Number         0  stm32l0xx_hal_pwr.o ABSOLUTE
    ../Drivers/STM32L0xx_HAL_Driver/Src/stm32l0xx_hal_pwr_ex.c 0x00000000   Number         0  stm32l0xx_hal_pwr_ex.o ABSOLUTE
    ../Drivers/STM32L0xx_HAL_Driver/Src/stm32l0xx_hal_rcc.c 0x00000000   Number         0  stm32l0xx_hal_rcc.o ABSOLUTE
    ../Drivers/STM32L0xx_HAL_Driver/Src/stm32l0xx_hal_rcc_ex.c 0x00000000   Number         0  stm32l0xx_hal_rcc_ex.o ABSOLUTE
    ../Drivers/STM32L0xx_HAL_Driver/Src/stm32l0xx_hal_tim.c 0x00000000   Number         0  stm32l0xx_hal_tim.o ABSOLUTE
    ../Drivers/STM32L0xx_HAL_Driver/Src/stm32l0xx_hal_tim_ex.c 0x00000000   Number         0  stm32l0xx_hal_tim_ex.o ABSOLUTE
    ../Drivers/STM32L0xx_HAL_Driver/Src/stm32l0xx_hal_uart.c 0x00000000   Number         0  stm32l0xx_hal_uart.o ABSOLUTE
    ../Drivers/STM32L0xx_HAL_Driver/Src/stm32l0xx_hal_uart_ex.c 0x00000000   Number         0  stm32l0xx_hal_uart_ex.o ABSOLUTE
    ../Middlewares/Third_Party/FreeRTOS/Source/CMSIS_RTOS/cmsis_os.c 0x00000000   Number         0  cmsis_os.o ABSOLUTE
    ../Middlewares/Third_Party/FreeRTOS/Source/croutine.c 0x00000000   Number         0  croutine.o ABSOLUTE
    ../Middlewares/Third_Party/FreeRTOS/Source/event_groups.c 0x00000000   Number         0  event_groups.o ABSOLUTE
    ../Middlewares/Third_Party/FreeRTOS/Source/list.c 0x00000000   Number         0  list.o ABSOLUTE
    ../Middlewares/Third_Party/FreeRTOS/Source/portable/MemMang/heap_4.c 0x00000000   Number         0  heap_4.o ABSOLUTE
    ../Middlewares/Third_Party/FreeRTOS/Source/portable/RVDS/ARM_CM0/port.c 0x00000000   Number         0  port.o ABSOLUTE
    ../Middlewares/Third_Party/FreeRTOS/Source/queue.c 0x00000000   Number         0  queue.o ABSOLUTE
    ../Middlewares/Third_Party/FreeRTOS/Source/stream_buffer.c 0x00000000   Number         0  stream_buffer.o ABSOLUTE
    ../Middlewares/Third_Party/FreeRTOS/Source/tasks.c 0x00000000   Number         0  tasks.o ABSOLUTE
    ../Middlewares/Third_Party/FreeRTOS/Source/timers.c 0x00000000   Number         0  timers.o ABSOLUTE
    ../Src/freertos.c                        0x00000000   Number         0  freertos.o ABSOLUTE
    ../Src/gpio.c                            0x00000000   Number         0  gpio.o ABSOLUTE
    ../Src/main.c                            0x00000000   Number         0  main.o ABSOLUTE
    ../Src/stm32l0xx_hal_msp.c               0x00000000   Number         0  stm32l0xx_hal_msp.o ABSOLUTE
    ../Src/stm32l0xx_hal_timebase_tim.c      0x00000000   Number         0  stm32l0xx_hal_timebase_tim.o ABSOLUTE
    ../Src/stm32l0xx_it.c                    0x00000000   Number         0  stm32l0xx_it.o ABSOLUTE
    ../Src/system_stm32l0xx.c                0x00000000   Number         0  system_stm32l0xx.o ABSOLUTE
    ../Src/usart.c                           0x00000000   Number         0  usart.o ABSOLUTE
    ../clib/microlib/division.c              0x00000000   Number         0  uidiv.o ABSOLUTE
    ../clib/microlib/division.c              0x00000000   Number         0  uldiv.o ABSOLUTE
    ../clib/microlib/init/entry.s            0x00000000   Number         0  entry9a.o ABSOLUTE
    ../clib/microlib/init/entry.s            0x00000000   Number         0  entry11b.o ABSOLUTE
    ../clib/microlib/init/entry.s            0x00000000   Number         0  entry7a.o ABSOLUTE
    ../clib/microlib/init/entry.s            0x00000000   Number         0  entry7b.o ABSOLUTE
    ../clib/microlib/init/entry.s            0x00000000   Number         0  entry2.o ABSOLUTE
    ../clib/microlib/init/entry.s            0x00000000   Number         0  entry11a.o ABSOLUTE
    ../clib/microlib/init/entry.s            0x00000000   Number         0  entry.o ABSOLUTE
    ../clib/microlib/init/entry.s            0x00000000   Number         0  entry10b.o ABSOLUTE
    ../clib/microlib/init/entry.s            0x00000000   Number         0  entry10a.o ABSOLUTE
    ../clib/microlib/init/entry.s            0x00000000   Number         0  entry8a.o ABSOLUTE
    ../clib/microlib/init/entry.s            0x00000000   Number         0  entry9b.o ABSOLUTE
    ../clib/microlib/init/entry.s            0x00000000   Number         0  entry5.o ABSOLUTE
    ../clib/microlib/init/entry.s            0x00000000   Number         0  entry8b.o ABSOLUTE
    ../clib/microlib/longlong.c              0x00000000   Number         0  llshl.o ABSOLUTE
    ../clib/microlib/longlong.c              0x00000000   Number         0  llushr.o ABSOLUTE
    ../clib/microlib/string/memcpy.c         0x00000000   Number         0  memcpyb.o ABSOLUTE
    ../clib/microlib/string/memcpy.c         0x00000000   Number         0  memcpya.o ABSOLUTE
    ../clib/microlib/string/memset.c         0x00000000   Number         0  memseta.o ABSOLUTE
    ../clib/microlib/string/memset.c         0x00000000   Number         0  memset.o ABSOLUTE
    ..\Drivers\STM32L0xx_HAL_Driver\Src\stm32l0xx_hal.c 0x00000000   Number         0  stm32l0xx_hal.o ABSOLUTE
    ..\Drivers\STM32L0xx_HAL_Driver\Src\stm32l0xx_hal_cortex.c 0x00000000   Number         0  stm32l0xx_hal_cortex.o ABSOLUTE
    ..\Drivers\STM32L0xx_HAL_Driver\Src\stm32l0xx_hal_dma.c 0x00000000   Number         0  stm32l0xx_hal_dma.o ABSOLUTE
    ..\Drivers\STM32L0xx_HAL_Driver\Src\stm32l0xx_hal_flash.c 0x00000000   Number         0  stm32l0xx_hal_flash.o ABSOLUTE
    ..\Drivers\STM32L0xx_HAL_Driver\Src\stm32l0xx_hal_flash_ex.c 0x00000000   Number         0  stm32l0xx_hal_flash_ex.o ABSOLUTE
    ..\Drivers\STM32L0xx_HAL_Driver\Src\stm32l0xx_hal_flash_ramfunc.c 0x00000000   Number         0  stm32l0xx_hal_flash_ramfunc.o ABSOLUTE
    ..\Drivers\STM32L0xx_HAL_Driver\Src\stm32l0xx_hal_gpio.c 0x00000000   Number         0  stm32l0xx_hal_gpio.o ABSOLUTE
    ..\Drivers\STM32L0xx_HAL_Driver\Src\stm32l0xx_hal_i2c.c 0x00000000   Number         0  stm32l0xx_hal_i2c.o ABSOLUTE
    ..\Drivers\STM32L0xx_HAL_Driver\Src\stm32l0xx_hal_i2c_ex.c 0x00000000   Number         0  stm32l0xx_hal_i2c_ex.o ABSOLUTE
    ..\Drivers\STM32L0xx_HAL_Driver\Src\stm32l0xx_hal_pwr.c 0x00000000   Number         0  stm32l0xx_hal_pwr.o ABSOLUTE
    ..\Drivers\STM32L0xx_HAL_Driver\Src\stm32l0xx_hal_pwr_ex.c 0x00000000   Number         0  stm32l0xx_hal_pwr_ex.o ABSOLUTE
    ..\Drivers\STM32L0xx_HAL_Driver\Src\stm32l0xx_hal_rcc.c 0x00000000   Number         0  stm32l0xx_hal_rcc.o ABSOLUTE
    ..\Drivers\STM32L0xx_HAL_Driver\Src\stm32l0xx_hal_rcc_ex.c 0x00000000   Number         0  stm32l0xx_hal_rcc_ex.o ABSOLUTE
    ..\Drivers\STM32L0xx_HAL_Driver\Src\stm32l0xx_hal_tim.c 0x00000000   Number         0  stm32l0xx_hal_tim.o ABSOLUTE
    ..\Drivers\STM32L0xx_HAL_Driver\Src\stm32l0xx_hal_tim_ex.c 0x00000000   Number         0  stm32l0xx_hal_tim_ex.o ABSOLUTE
    ..\Drivers\STM32L0xx_HAL_Driver\Src\stm32l0xx_hal_uart.c 0x00000000   Number         0  stm32l0xx_hal_uart.o ABSOLUTE
    ..\Drivers\STM32L0xx_HAL_Driver\Src\stm32l0xx_hal_uart_ex.c 0x00000000   Number         0  stm32l0xx_hal_uart_ex.o ABSOLUTE
    ..\Middlewares\Third_Party\FreeRTOS\Source\CMSIS_RTOS\cmsis_os.c 0x00000000   Number         0  cmsis_os.o ABSOLUTE
    ..\Middlewares\Third_Party\FreeRTOS\Source\portable\RVDS\ARM_CM0\port.c 0x00000000   Number         0  port.o ABSOLUTE
    ..\Src\freertos.c                        0x00000000   Number         0  freertos.o ABSOLUTE
    ..\Src\gpio.c                            0x00000000   Number         0  gpio.o ABSOLUTE
    ..\Src\main.c                            0x00000000   Number         0  main.o ABSOLUTE
    ..\Src\stm32l0xx_hal_msp.c               0x00000000   Number         0  stm32l0xx_hal_msp.o ABSOLUTE
    ..\Src\stm32l0xx_hal_timebase_tim.c      0x00000000   Number         0  stm32l0xx_hal_timebase_tim.o ABSOLUTE
    ..\Src\stm32l0xx_it.c                    0x00000000   Number         0  stm32l0xx_it.o ABSOLUTE
    ..\Src\system_stm32l0xx.c                0x00000000   Number         0  system_stm32l0xx.o ABSOLUTE
    ..\Src\usart.c                           0x00000000   Number         0  usart.o ABSOLUTE
    dc.s                                     0x00000000   Number         0  dc.o ABSOLUTE
    handlers.s                               0x00000000   Number         0  handlers.o ABSOLUTE
    init.s                                   0x00000000   Number         0  init.o ABSOLUTE
    startup_stm32l053xx.s                    0x00000000   Number         0  startup_stm32l053xx.o ABSOLUTE
    RESET                                    0x08000000   Section      192  startup_stm32l053xx.o(RESET)
    .ARM.Collect$$$$00000000                 0x080000c0   Section        0  entry.o(.ARM.Collect$$$$00000000)
    .ARM.Collect$$$$00000001                 0x080000c0   Section        4  entry2.o(.ARM.Collect$$$$00000001)
    .ARM.Collect$$$$00000004                 0x080000c4   Section        4  entry5.o(.ARM.Collect$$$$00000004)
    .ARM.Collect$$$$00000008                 0x080000c8   Section        0  entry7b.o(.ARM.Collect$$$$00000008)
    .ARM.Collect$$$$0000000A                 0x080000c8   Section        0  entry8b.o(.ARM.Collect$$$$0000000A)
    .ARM.Collect$$$$0000000B                 0x080000c8   Section        8  entry9a.o(.ARM.Collect$$$$0000000B)
    .ARM.Collect$$$$0000000D                 0x080000d0   Section        0  entry10a.o(.ARM.Collect$$$$0000000D)
    .ARM.Collect$$$$0000000F                 0x080000d0   Section        0  entry11a.o(.ARM.Collect$$$$0000000F)
    .ARM.Collect$$$$00002712                 0x080000d0   Section        4  entry2.o(.ARM.Collect$$$$00002712)
    __lit__00000000                          0x080000d0   Data           4  entry2.o(.ARM.Collect$$$$00002712)
    .emb_text                                0x080000d4   Section      120  port.o(.emb_text)
    .text                                    0x0800014c   Section       28  startup_stm32l053xx.o(.text)
    .text                                    0x08000168   Section        0  uidiv.o(.text)
    .text                                    0x08000194   Section        0  uldiv.o(.text)
    .text                                    0x080001f4   Section        0  memcpya.o(.text)
    .text                                    0x08000218   Section        0  memseta.o(.text)
    .text                                    0x0800023c   Section        0  llshl.o(.text)
    .text                                    0x0800025c   Section        0  llushr.o(.text)
    .text                                    0x08000280   Section       36  init.o(.text)
    i.Callback01                             0x080002a4   Section        0  freertos.o(i.Callback01)
    i.Callback02                             0x080002b4   Section        0  freertos.o(i.Callback02)
    i.Error_Handler                          0x080002c8   Section        0  main.o(i.Error_Handler)
    i.HAL_GPIO_Init                          0x080002cc   Section        0  stm32l0xx_hal_gpio.o(i.HAL_GPIO_Init)
    i.HAL_GPIO_TogglePin                     0x08000444   Section        0  stm32l0xx_hal_gpio.o(i.HAL_GPIO_TogglePin)
    i.HAL_GPIO_WritePin                      0x0800044c   Section        0  stm32l0xx_hal_gpio.o(i.HAL_GPIO_WritePin)
    i.HAL_GetTick                            0x08000458   Section        0  stm32l0xx_hal.o(i.HAL_GetTick)
    i.HAL_IncTick                            0x08000464   Section        0  stm32l0xx_hal.o(i.HAL_IncTick)
    i.HAL_Init                               0x08000474   Section        0  stm32l0xx_hal.o(i.HAL_Init)
    i.HAL_InitTick                           0x0800049c   Section        0  stm32l0xx_hal_timebase_tim.o(i.HAL_InitTick)
    i.HAL_MspInit                            0x0800050c   Section        0  stm32l0xx_hal_msp.o(i.HAL_MspInit)
    i.HAL_NVIC_EnableIRQ                     0x08000530   Section        0  stm32l0xx_hal_cortex.o(i.HAL_NVIC_EnableIRQ)
    i.HAL_NVIC_SetPriority                   0x08000544   Section        0  stm32l0xx_hal_cortex.o(i.HAL_NVIC_SetPriority)
    i.HAL_RCCEx_PeriphCLKConfig              0x0800054c   Section        0  stm32l0xx_hal_rcc_ex.o(i.HAL_RCCEx_PeriphCLKConfig)
    i.HAL_RCC_ClockConfig                    0x080006e4   Section        0  stm32l0xx_hal_rcc.o(i.HAL_RCC_ClockConfig)
    i.HAL_RCC_GetClockConfig                 0x08000850   Section        0  stm32l0xx_hal_rcc.o(i.HAL_RCC_GetClockConfig)
    i.HAL_RCC_GetPCLK1Freq                   0x08000890   Section        0  stm32l0xx_hal_rcc.o(i.HAL_RCC_GetPCLK1Freq)
    i.HAL_RCC_GetPCLK2Freq                   0x080008b0   Section        0  stm32l0xx_hal_rcc.o(i.HAL_RCC_GetPCLK2Freq)
    i.HAL_RCC_GetSysClockFreq                0x080008d0   Section        0  stm32l0xx_hal_rcc.o(i.HAL_RCC_GetSysClockFreq)
    i.HAL_RCC_OscConfig                      0x08000948   Section        0  stm32l0xx_hal_rcc.o(i.HAL_RCC_OscConfig)
    i.HAL_TIM_Base_Init                      0x08000dce   Section        0  stm32l0xx_hal_tim.o(i.HAL_TIM_Base_Init)
    i.HAL_TIM_Base_MspInit                   0x08000e02   Section        0  stm32l0xx_hal_tim.o(i.HAL_TIM_Base_MspInit)
    i.HAL_TIM_Base_Start_IT                  0x08000e04   Section        0  stm32l0xx_hal_tim.o(i.HAL_TIM_Base_Start_IT)
    i.HAL_TIM_IC_CaptureCallback             0x08000e24   Section        0  stm32l0xx_hal_tim.o(i.HAL_TIM_IC_CaptureCallback)
    i.HAL_TIM_IRQHandler                     0x08000e26   Section        0  stm32l0xx_hal_tim.o(i.HAL_TIM_IRQHandler)
    i.HAL_TIM_OC_DelayElapsedCallback        0x08000f4c   Section        0  stm32l0xx_hal_tim.o(i.HAL_TIM_OC_DelayElapsedCallback)
    i.HAL_TIM_PWM_PulseFinishedCallback      0x08000f4e   Section        0  stm32l0xx_hal_tim.o(i.HAL_TIM_PWM_PulseFinishedCallback)
    i.HAL_TIM_PeriodElapsedCallback          0x08000f50   Section        0  main.o(i.HAL_TIM_PeriodElapsedCallback)
    i.HAL_TIM_TriggerCallback                0x08000f62   Section        0  stm32l0xx_hal_tim.o(i.HAL_TIM_TriggerCallback)
    i.HAL_UART_Init                          0x08000f64   Section        0  stm32l0xx_hal_uart.o(i.HAL_UART_Init)
    i.HAL_UART_MspInit                       0x08000fd0   Section        0  usart.o(i.HAL_UART_MspInit)
    i.HardFault_Handler                      0x0800102c   Section        0  stm32l0xx_it.o(i.HardFault_Handler)
    i.LED1Task                               0x0800102e   Section        0  freertos.o(i.LED1Task)
    i.LED2ask                                0x08001036   Section        0  freertos.o(i.LED2ask)
    i.MX_FREERTOS_Init                       0x08001040   Section        0  freertos.o(i.MX_FREERTOS_Init)
    i.MX_GPIO_Init                           0x080010b8   Section        0  gpio.o(i.MX_GPIO_Init)
    i.MX_USART1_UART_Init                    0x08001120   Section        0  usart.o(i.MX_USART1_UART_Init)
    i.NMI_Handler                            0x08001158   Section        0  stm32l0xx_it.o(i.NMI_Handler)
    i.NVIC_SetPriority                       0x0800115c   Section        0  stm32l0xx_hal_cortex.o(i.NVIC_SetPriority)
    NVIC_SetPriority                         0x0800115d   Thumb Code    60  stm32l0xx_hal_cortex.o(i.NVIC_SetPriority)
    i.SVC_Handler                            0x080011a0   Section        0  port.o(i.SVC_Handler)
    i.SysTick_Handler                        0x080011a4   Section        0  port.o(i.SysTick_Handler)
    i.SystemClock_Config                     0x080011c8   Section        0  main.o(i.SystemClock_Config)
    i.SystemInit                             0x0800123c   Section        0  system_stm32l0xx.o(i.SystemInit)
    i.TIM2_IRQHandler                        0x08001290   Section        0  stm32l0xx_it.o(i.TIM2_IRQHandler)
    i.TIM_Base_SetConfig                     0x080012a0   Section        0  stm32l0xx_hal_tim.o(i.TIM_Base_SetConfig)
    TIM_Base_SetConfig                       0x080012a1   Thumb Code    78  stm32l0xx_hal_tim.o(i.TIM_Base_SetConfig)
    i.UART_AdvFeatureConfig                  0x080012f8   Section        0  stm32l0xx_hal_uart.o(i.UART_AdvFeatureConfig)
    i.UART_CheckIdleState                    0x080013c4   Section        0  stm32l0xx_hal_uart.o(i.UART_CheckIdleState)
    i.UART_SetConfig                         0x08001424   Section        0  stm32l0xx_hal_uart.o(i.UART_SetConfig)
    i.UART_WaitOnFlagUntilTimeout            0x0800164c   Section        0  stm32l0xx_hal_uart.o(i.UART_WaitOnFlagUntilTimeout)
    i.__ARM_common_switch8                   0x080016ae   Section        0  stm32l0xx_hal_dma.o(i.__ARM_common_switch8)
    i.__scatterload_copy                     0x080016c8   Section       14  handlers.o(i.__scatterload_copy)
    i.__scatterload_null                     0x080016d6   Section        2  handlers.o(i.__scatterload_null)
    i.__scatterload_zeroinit                 0x080016d8   Section       14  handlers.o(i.__scatterload_zeroinit)
    i.inHandlerMode                          0x080016e6   Section        0  cmsis_os.o(i.inHandlerMode)
    inHandlerMode                            0x080016e7   Thumb Code    12  cmsis_os.o(i.inHandlerMode)
    i.main                                   0x080016f2   Section        0  main.o(i.main)
    i.makeFreeRtosPriority                   0x0800170c   Section        0  cmsis_os.o(i.makeFreeRtosPriority)
    makeFreeRtosPriority                     0x0800170d   Thumb Code    12  cmsis_os.o(i.makeFreeRtosPriority)
    i.osDelay                                0x08001718   Section        0  cmsis_os.o(i.osDelay)
    i.osKernelStart                          0x08001728   Section        0  cmsis_os.o(i.osKernelStart)
    i.osThreadCreate                         0x08001732   Section        0  cmsis_os.o(i.osThreadCreate)
    i.osTimerCreate                          0x0800178c   Section        0  cmsis_os.o(i.osTimerCreate)
    i.osTimerStart                           0x080017cc   Section        0  cmsis_os.o(i.osTimerStart)
    i.prvAddCurrentTaskToDelayedList         0x08001820   Section        0  tasks.o(i.prvAddCurrentTaskToDelayedList)
    prvAddCurrentTaskToDelayedList           0x08001821   Thumb Code    78  tasks.o(i.prvAddCurrentTaskToDelayedList)
    i.prvAddNewTaskToReadyList               0x08001878   Section        0  tasks.o(i.prvAddNewTaskToReadyList)
    prvAddNewTaskToReadyList                 0x08001879   Thumb Code   176  tasks.o(i.prvAddNewTaskToReadyList)
    i.prvCheckForValidListAndQueue           0x08001930   Section        0  timers.o(i.prvCheckForValidListAndQueue)
    prvCheckForValidListAndQueue             0x08001931   Thumb Code    74  timers.o(i.prvCheckForValidListAndQueue)
    i.prvCopyDataFromQueue                   0x0800198c   Section        0  queue.o(i.prvCopyDataFromQueue)
    prvCopyDataFromQueue                     0x0800198d   Thumb Code    38  queue.o(i.prvCopyDataFromQueue)
    i.prvCopyDataToQueue                     0x080019b2   Section        0  queue.o(i.prvCopyDataToQueue)
    prvCopyDataToQueue                       0x080019b3   Thumb Code   112  queue.o(i.prvCopyDataToQueue)
    i.prvDeleteTCB                           0x08001a22   Section        0  tasks.o(i.prvDeleteTCB)
    prvDeleteTCB                             0x08001a23   Thumb Code    38  tasks.o(i.prvDeleteTCB)
    i.prvHeapInit                            0x08001a48   Section        0  heap_4.o(i.prvHeapInit)
    prvHeapInit                              0x08001a49   Thumb Code    60  heap_4.o(i.prvHeapInit)
    i.prvIdleTask                            0x08001a8c   Section        0  tasks.o(i.prvIdleTask)
    prvIdleTask                              0x08001a8d   Thumb Code    64  tasks.o(i.prvIdleTask)
    i.prvInitialiseNewQueue                  0x08001ad4   Section        0  queue.o(i.prvInitialiseNewQueue)
    prvInitialiseNewQueue                    0x08001ad5   Thumb Code    28  queue.o(i.prvInitialiseNewQueue)
    i.prvInitialiseNewTask                   0x08001af0   Section        0  tasks.o(i.prvInitialiseNewTask)
    prvInitialiseNewTask                     0x08001af1   Thumb Code   124  tasks.o(i.prvInitialiseNewTask)
    i.prvInitialiseNewTimer                  0x08001b6c   Section        0  timers.o(i.prvInitialiseNewTimer)
    prvInitialiseNewTimer                    0x08001b6d   Thumb Code    50  timers.o(i.prvInitialiseNewTimer)
    i.prvInsertBlockIntoFreeList             0x08001ba0   Section        0  heap_4.o(i.prvInsertBlockIntoFreeList)
    prvInsertBlockIntoFreeList               0x08001ba1   Thumb Code    72  heap_4.o(i.prvInsertBlockIntoFreeList)
    i.prvInsertTimerInActiveList             0x08001bec   Section        0  timers.o(i.prvInsertTimerInActiveList)
    prvInsertTimerInActiveList               0x08001bed   Thumb Code    52  timers.o(i.prvInsertTimerInActiveList)
    i.prvIsQueueEmpty                        0x08001c24   Section        0  queue.o(i.prvIsQueueEmpty)
    prvIsQueueEmpty                          0x08001c25   Thumb Code    28  queue.o(i.prvIsQueueEmpty)
    i.prvProcessReceivedCommands             0x08001c40   Section        0  timers.o(i.prvProcessReceivedCommands)
    prvProcessReceivedCommands               0x08001c41   Thumb Code   170  timers.o(i.prvProcessReceivedCommands)
    i.prvProcessTimerOrBlockTask             0x08001cf0   Section        0  timers.o(i.prvProcessTimerOrBlockTask)
    prvProcessTimerOrBlockTask               0x08001cf1   Thumb Code   152  timers.o(i.prvProcessTimerOrBlockTask)
    i.prvResetNextTaskUnblockTime            0x08001d8c   Section        0  tasks.o(i.prvResetNextTaskUnblockTime)
    prvResetNextTaskUnblockTime              0x08001d8d   Thumb Code    28  tasks.o(i.prvResetNextTaskUnblockTime)
    i.prvSampleTimeNow                       0x08001dac   Section        0  timers.o(i.prvSampleTimeNow)
    prvSampleTimeNow                         0x08001dad   Thumb Code    36  timers.o(i.prvSampleTimeNow)
    i.prvSwitchTimerLists                    0x08001dd4   Section        0  timers.o(i.prvSwitchTimerLists)
    prvSwitchTimerLists                      0x08001dd5   Thumb Code    92  timers.o(i.prvSwitchTimerLists)
    i.prvTaskExitError                       0x08001e34   Section        0  port.o(i.prvTaskExitError)
    prvTaskExitError                         0x08001e35   Thumb Code    14  port.o(i.prvTaskExitError)
    i.prvTimerTask                           0x08001e48   Section        0  timers.o(i.prvTimerTask)
    prvTimerTask                             0x08001e49   Thumb Code    32  timers.o(i.prvTimerTask)
    i.prvUnlockQueue                         0x08001e6c   Section        0  queue.o(i.prvUnlockQueue)
    prvUnlockQueue                           0x08001e6d   Thumb Code   112  queue.o(i.prvUnlockQueue)
    i.pvPortMalloc                           0x08001edc   Section        0  heap_4.o(i.pvPortMalloc)
    i.pxPortInitialiseStack                  0x08001f8c   Section        0  port.o(i.pxPortInitialiseStack)
    i.uxListRemove                           0x08001fac   Section        0  list.o(i.uxListRemove)
    i.vApplicationGetIdleTaskMemory          0x08001fd4   Section        0  freertos.o(i.vApplicationGetIdleTaskMemory)
    i.vApplicationGetTimerTaskMemory         0x08001fe8   Section        0  freertos.o(i.vApplicationGetTimerTaskMemory)
    i.vListInitialise                        0x08002000   Section        0  list.o(i.vListInitialise)
    i.vListInitialiseItem                    0x08002016   Section        0  list.o(i.vListInitialiseItem)
    i.vListInsert                            0x0800201c   Section        0  list.o(i.vListInsert)
    i.vListInsertEnd                         0x0800204c   Section        0  list.o(i.vListInsertEnd)
    i.vPortEnterCritical                     0x08002064   Section        0  port.o(i.vPortEnterCritical)
    i.vPortExitCritical                      0x0800207c   Section        0  port.o(i.vPortExitCritical)
    i.vPortFree                              0x08002098   Section        0  heap_4.o(i.vPortFree)
    i.vPortYield                             0x080020dc   Section        0  port.o(i.vPortYield)
    i.vQueueAddToRegistry                    0x080020f4   Section        0  queue.o(i.vQueueAddToRegistry)
    i.vQueueWaitForMessageRestricted         0x08002118   Section        0  queue.o(i.vQueueWaitForMessageRestricted)
    i.vTaskDelay                             0x0800215c   Section        0  tasks.o(i.vTaskDelay)
    i.vTaskInternalSetTimeOutState           0x0800218c   Section        0  tasks.o(i.vTaskInternalSetTimeOutState)
    i.vTaskMissedYield                       0x0800219c   Section        0  tasks.o(i.vTaskMissedYield)
    i.vTaskPlaceOnEventList                  0x080021a8   Section        0  tasks.o(i.vTaskPlaceOnEventList)
    i.vTaskPlaceOnEventListRestricted        0x080021cc   Section        0  tasks.o(i.vTaskPlaceOnEventListRestricted)
    i.vTaskStartScheduler                    0x080021fc   Section        0  tasks.o(i.vTaskStartScheduler)
    i.vTaskSuspendAll                        0x08002264   Section        0  tasks.o(i.vTaskSuspendAll)
    i.vTaskSwitchContext                     0x08002274   Section        0  tasks.o(i.vTaskSwitchContext)
    i.xPortStartScheduler                    0x080022cc   Section        0  port.o(i.xPortStartScheduler)
    i.xQueueGenericCreateStatic              0x0800231c   Section        0  queue.o(i.xQueueGenericCreateStatic)
    i.xQueueGenericReset                     0x0800235c   Section        0  queue.o(i.xQueueGenericReset)
    i.xQueueGenericSend                      0x080023c8   Section        0  queue.o(i.xQueueGenericSend)
    i.xQueueGenericSendFromISR               0x080024e0   Section        0  queue.o(i.xQueueGenericSendFromISR)
    i.xQueueReceive                          0x0800256c   Section        0  queue.o(i.xQueueReceive)
    i.xTaskCheckForTimeOut                   0x08002670   Section        0  tasks.o(i.xTaskCheckForTimeOut)
    i.xTaskCreate                            0x080026cc   Section        0  tasks.o(i.xTaskCreate)
    i.xTaskCreateStatic                      0x0800271e   Section        0  tasks.o(i.xTaskCreateStatic)
    i.xTaskGetSchedulerState                 0x08002764   Section        0  tasks.o(i.xTaskGetSchedulerState)
    i.xTaskGetTickCount                      0x08002784   Section        0  tasks.o(i.xTaskGetTickCount)
    i.xTaskIncrementTick                     0x08002790   Section        0  tasks.o(i.xTaskIncrementTick)
    i.xTaskPriorityDisinherit                0x0800284c   Section        0  tasks.o(i.xTaskPriorityDisinherit)
    i.xTaskRemoveFromEventList               0x080028b4   Section        0  tasks.o(i.xTaskRemoveFromEventList)
    i.xTaskResumeAll                         0x08002918   Section        0  tasks.o(i.xTaskResumeAll)
    i.xTimerCreate                           0x080029c4   Section        0  timers.o(i.xTimerCreate)
    i.xTimerCreateStatic                     0x080029f4   Section        0  timers.o(i.xTimerCreateStatic)
    i.xTimerCreateTimerTask                  0x08002a18   Section        0  timers.o(i.xTimerCreateTimerTask)
    i.xTimerGenericCommand                   0x08002a70   Section        0  timers.o(i.xTimerGenericCommand)
    .constdata                               0x08002ac0   Section       72  freertos.o(.constdata)
    .constdata                               0x08002b08   Section       25  system_stm32l0xx.o(.constdata)
    .constdata                               0x08002b21   Section        8  system_stm32l0xx.o(.constdata)
    .conststring                             0x08002b2c   Section       13  freertos.o(.conststring)
    .data                                    0x20000000   Section       16  freertos.o(.data)
    .data                                    0x20000010   Section        4  stm32l0xx_hal.o(.data)
    .data                                    0x20000014   Section        4  system_stm32l0xx.o(.data)
    .data                                    0x20000018   Section       60  tasks.o(.data)
    pxDelayedTaskList                        0x2000001c   Data           4  tasks.o(.data)
    pxOverflowDelayedTaskList                0x20000020   Data           4  tasks.o(.data)
    uxDeletedTasksWaitingCleanUp             0x20000024   Data           4  tasks.o(.data)
    uxCurrentNumberOfTasks                   0x20000028   Data           4  tasks.o(.data)
    xTickCount                               0x2000002c   Data           4  tasks.o(.data)
    uxTopReadyPriority                       0x20000030   Data           4  tasks.o(.data)
    xSchedulerRunning                        0x20000034   Data           4  tasks.o(.data)
    uxPendedTicks                            0x20000038   Data           4  tasks.o(.data)
    xYieldPending                            0x2000003c   Data           4  tasks.o(.data)
    xNumOfOverflows                          0x20000040   Data           4  tasks.o(.data)
    uxTaskNumber                             0x20000044   Data           4  tasks.o(.data)
    xNextTaskUnblockTime                     0x20000048   Data           4  tasks.o(.data)
    xIdleTaskHandle                          0x2000004c   Data           4  tasks.o(.data)
    uxSchedulerSuspended                     0x20000050   Data           4  tasks.o(.data)
    .data                                    0x20000054   Section       20  timers.o(.data)
    pxCurrentTimerList                       0x20000054   Data           4  timers.o(.data)
    pxOverflowTimerList                      0x20000058   Data           4  timers.o(.data)
    xTimerQueue                              0x2000005c   Data           4  timers.o(.data)
    xTimerTaskHandle                         0x20000060   Data           4  timers.o(.data)
    xLastTime                                0x20000064   Data           4  timers.o(.data)
    .data                                    0x20000068   Section       24  heap_4.o(.data)
    pxEnd                                    0x20000068   Data           4  heap_4.o(.data)
    xFreeBytesRemaining                      0x2000006c   Data           4  heap_4.o(.data)
    xMinimumEverFreeBytesRemaining           0x20000070   Data           4  heap_4.o(.data)
    xBlockAllocatedBit                       0x20000074   Data           4  heap_4.o(.data)
    xStart                                   0x20000078   Data           8  heap_4.o(.data)
    .data                                    0x20000080   Section        4  port.o(.data)
    uxCriticalNesting                        0x20000080   Data           4  port.o(.data)
    .bss                                     0x20000084   Section     1704  freertos.o(.bss)
    xIdleTaskTCBBuffer                       0x20000084   Data          84  freertos.o(.bss)
    xIdleStack                               0x200000d8   Data         512  freertos.o(.bss)
    xTimerTaskTCBBuffer                      0x200002d8   Data          84  freertos.o(.bss)
    xTimerStack                              0x2000032c   Data        1024  freertos.o(.bss)
    .bss                                     0x2000072c   Section      128  usart.o(.bss)
    .bss                                     0x200007ac   Section       60  stm32l0xx_hal_timebase_tim.o(.bss)
    .bss                                     0x200007e8   Section       64  queue.o(.bss)
    .bss                                     0x20000828   Section      240  tasks.o(.bss)
    pxReadyTasksLists                        0x20000828   Data         140  tasks.o(.bss)
    xDelayedTaskList1                        0x200008b4   Data          20  tasks.o(.bss)
    xDelayedTaskList2                        0x200008c8   Data          20  tasks.o(.bss)
    xPendingReadyList                        0x200008dc   Data          20  tasks.o(.bss)
    xTasksWaitingTermination                 0x200008f0   Data          20  tasks.o(.bss)
    xSuspendedTaskList                       0x20000904   Data          20  tasks.o(.bss)
    .bss                                     0x20000918   Section      232  timers.o(.bss)
    xActiveTimerList1                        0x20000918   Data          20  timers.o(.bss)
    xActiveTimerList2                        0x2000092c   Data          20  timers.o(.bss)
    xStaticTimerQueue                        0x20000940   Data          72  timers.o(.bss)
    ucStaticTimerQueueStorage                0x20000988   Data         120  timers.o(.bss)
    .bss                                     0x20000a00   Section     3072  heap_4.o(.bss)
    ucHeap                                   0x20000a00   Data        3072  heap_4.o(.bss)
    STACK                                    0x20001600   Section     1024  startup_stm32l053xx.o(STACK)

    Global Symbols

    Symbol Name                              Value     Ov Type        Size  Object(Section)

    BuildAttributes$$THM_ISAv3M$S$PE$A:L22$X:L11$S22$IEEE1$IW$USESV6$~STKCKD$USESV7$~SHL$OSPACE$EBA8$MICROLIB$REQ8$PRES8$EABIv2 0x00000000   Number         0  anon$$obj.o ABSOLUTE
    __ARM_use_no_argv                        0x00000000   Number         0  main.o ABSOLUTE
    __cpp_initialize__aeabi_                  - Undefined Weak Reference
    __cxa_finalize                            - Undefined Weak Reference
    __decompress                              - Undefined Weak Reference
    _clock_init                               - Undefined Weak Reference
    _microlib_exit                            - Undefined Weak Reference
    __Vectors_Size                           0x000000c0   Number         0  startup_stm32l053xx.o ABSOLUTE
    __Vectors                                0x08000000   Data           4  startup_stm32l053xx.o(RESET)
    __Vectors_End                            0x080000c0   Data           0  startup_stm32l053xx.o(RESET)
    __main                                   0x080000c1   Thumb Code     0  entry.o(.ARM.Collect$$$$00000000)
    _main_stk                                0x080000c1   Thumb Code     0  entry2.o(.ARM.Collect$$$$00000001)
    _main_scatterload                        0x080000c5   Thumb Code     0  entry5.o(.ARM.Collect$$$$00000004)
    __main_after_scatterload                 0x080000c9   Thumb Code     0  entry5.o(.ARM.Collect$$$$00000004)
    _main_clock                              0x080000c9   Thumb Code     0  entry7b.o(.ARM.Collect$$$$00000008)
    _main_cpp_init                           0x080000c9   Thumb Code     0  entry8b.o(.ARM.Collect$$$$0000000A)
    _main_init                               0x080000c9   Thumb Code     0  entry9a.o(.ARM.Collect$$$$0000000B)
    __rt_final_cpp                           0x080000d1   Thumb Code     0  entry10a.o(.ARM.Collect$$$$0000000D)
    __rt_final_exit                          0x080000d1   Thumb Code     0  entry11a.o(.ARM.Collect$$$$0000000F)
    __asm___6_port_c_39a90d8d__prvPortStartFirstTask 0x080000d5   Thumb Code    36  port.o(.emb_text)
    ulSetInterruptMaskFromISR                0x080000fd   Thumb Code     8  port.o(.emb_text)
    vClearInterruptMaskFromISR               0x08000105   Thumb Code     6  port.o(.emb_text)
    PendSV_Handler                           0x0800010b   Thumb Code    62  port.o(.emb_text)
    Reset_Handler                            0x0800014d   Thumb Code     8  startup_stm32l053xx.o(.text)
    ADC1_COMP_IRQHandler                     0x0800015f   Thumb Code     0  startup_stm32l053xx.o(.text)
    DMA1_Channel1_IRQHandler                 0x0800015f   Thumb Code     0  startup_stm32l053xx.o(.text)
    DMA1_Channel2_3_IRQHandler               0x0800015f   Thumb Code     0  startup_stm32l053xx.o(.text)
    DMA1_Channel4_5_6_7_IRQHandler           0x0800015f   Thumb Code     0  startup_stm32l053xx.o(.text)
    EXTI0_1_IRQHandler                       0x0800015f   Thumb Code     0  startup_stm32l053xx.o(.text)
    EXTI2_3_IRQHandler                       0x0800015f   Thumb Code     0  startup_stm32l053xx.o(.text)
    EXTI4_15_IRQHandler                      0x0800015f   Thumb Code     0  startup_stm32l053xx.o(.text)
    FLASH_IRQHandler                         0x0800015f   Thumb Code     0  startup_stm32l053xx.o(.text)
    I2C1_IRQHandler                          0x0800015f   Thumb Code     0  startup_stm32l053xx.o(.text)
    I2C2_IRQHandler                          0x0800015f   Thumb Code     0  startup_stm32l053xx.o(.text)
    LCD_IRQHandler                           0x0800015f   Thumb Code     0  startup_stm32l053xx.o(.text)
    LPTIM1_IRQHandler                        0x0800015f   Thumb Code     0  startup_stm32l053xx.o(.text)
    PVD_IRQHandler                           0x0800015f   Thumb Code     0  startup_stm32l053xx.o(.text)
    RCC_CRS_IRQHandler                       0x0800015f   Thumb Code     0  startup_stm32l053xx.o(.text)
    RNG_LPUART1_IRQHandler                   0x0800015f   Thumb Code     0  startup_stm32l053xx.o(.text)
    RTC_IRQHandler                           0x0800015f   Thumb Code     0  startup_stm32l053xx.o(.text)
    SPI1_IRQHandler                          0x0800015f   Thumb Code     0  startup_stm32l053xx.o(.text)
    SPI2_IRQHandler                          0x0800015f   Thumb Code     0  startup_stm32l053xx.o(.text)
    TIM21_IRQHandler                         0x0800015f   Thumb Code     0  startup_stm32l053xx.o(.text)
    TIM22_IRQHandler                         0x0800015f   Thumb Code     0  startup_stm32l053xx.o(.text)
    TIM6_DAC_IRQHandler                      0x0800015f   Thumb Code     0  startup_stm32l053xx.o(.text)
    TSC_IRQHandler                           0x0800015f   Thumb Code     0  startup_stm32l053xx.o(.text)
    USART1_IRQHandler                        0x0800015f   Thumb Code     0  startup_stm32l053xx.o(.text)
    USART2_IRQHandler                        0x0800015f   Thumb Code     0  startup_stm32l053xx.o(.text)
    USB_IRQHandler                           0x0800015f   Thumb Code     0  startup_stm32l053xx.o(.text)
    WWDG_IRQHandler                          0x0800015f   Thumb Code     0  startup_stm32l053xx.o(.text)
    __aeabi_uidiv                            0x08000169   Thumb Code     0  uidiv.o(.text)
    __aeabi_uidivmod                         0x08000169   Thumb Code    44  uidiv.o(.text)
    __aeabi_uldivmod                         0x08000195   Thumb Code    96  uldiv.o(.text)
    __aeabi_memcpy                           0x080001f5   Thumb Code    36  memcpya.o(.text)
    __aeabi_memcpy4                          0x080001f5   Thumb Code     0  memcpya.o(.text)
    __aeabi_memcpy8                          0x080001f5   Thumb Code     0  memcpya.o(.text)
    __aeabi_memset                           0x08000219   Thumb Code    14  memseta.o(.text)
    __aeabi_memset4                          0x08000219   Thumb Code     0  memseta.o(.text)
    __aeabi_memset8                          0x08000219   Thumb Code     0  memseta.o(.text)
    __aeabi_memclr                           0x08000227   Thumb Code     4  memseta.o(.text)
    __aeabi_memclr4                          0x08000227   Thumb Code     0  memseta.o(.text)
    __aeabi_memclr8                          0x08000227   Thumb Code     0  memseta.o(.text)
    memset                                   0x0800022b   Thumb Code    18  memseta.o(.text)
    __aeabi_llsl                             0x0800023d   Thumb Code    32  llshl.o(.text)
    _ll_shift_l                              0x0800023d   Thumb Code     0  llshl.o(.text)
    __aeabi_llsr                             0x0800025d   Thumb Code    34  llushr.o(.text)
    _ll_ushift_r                             0x0800025d   Thumb Code     0  llushr.o(.text)
    __scatterload                            0x08000281   Thumb Code    28  init.o(.text)
    __scatterload_rt2                        0x08000281   Thumb Code     0  init.o(.text)
    Callback01                               0x080002a5   Thumb Code    12  freertos.o(i.Callback01)
    Callback02                               0x080002b5   Thumb Code    14  freertos.o(i.Callback02)
    Error_Handler                            0x080002c9   Thumb Code     2  main.o(i.Error_Handler)
    HAL_GPIO_Init                            0x080002cd   Thumb Code   346  stm32l0xx_hal_gpio.o(i.HAL_GPIO_Init)
    HAL_GPIO_TogglePin                       0x08000445   Thumb Code     8  stm32l0xx_hal_gpio.o(i.HAL_GPIO_TogglePin)
    HAL_GPIO_WritePin                        0x0800044d   Thumb Code    12  stm32l0xx_hal_gpio.o(i.HAL_GPIO_WritePin)
    HAL_GetTick                              0x08000459   Thumb Code     6  stm32l0xx_hal.o(i.HAL_GetTick)
    HAL_IncTick                              0x08000465   Thumb Code    10  stm32l0xx_hal.o(i.HAL_IncTick)
    HAL_Init                                 0x08000475   Thumb Code    36  stm32l0xx_hal.o(i.HAL_Init)
    HAL_InitTick                             0x0800049d   Thumb Code    94  stm32l0xx_hal_timebase_tim.o(i.HAL_InitTick)
    HAL_MspInit                              0x0800050d   Thumb Code    32  stm32l0xx_hal_msp.o(i.HAL_MspInit)
    HAL_NVIC_EnableIRQ                       0x08000531   Thumb Code    14  stm32l0xx_hal_cortex.o(i.HAL_NVIC_EnableIRQ)
    HAL_NVIC_SetPriority                     0x08000545   Thumb Code     8  stm32l0xx_hal_cortex.o(i.HAL_NVIC_SetPriority)
    HAL_RCCEx_PeriphCLKConfig                0x0800054d   Thumb Code   396  stm32l0xx_hal_rcc_ex.o(i.HAL_RCCEx_PeriphCLKConfig)
    HAL_RCC_ClockConfig                      0x080006e5   Thumb Code   344  stm32l0xx_hal_rcc.o(i.HAL_RCC_ClockConfig)
    HAL_RCC_GetClockConfig                   0x08000851   Thumb Code    54  stm32l0xx_hal_rcc.o(i.HAL_RCC_GetClockConfig)
    HAL_RCC_GetPCLK1Freq                     0x08000891   Thumb Code    20  stm32l0xx_hal_rcc.o(i.HAL_RCC_GetPCLK1Freq)
    HAL_RCC_GetPCLK2Freq                     0x080008b1   Thumb Code    20  stm32l0xx_hal_rcc.o(i.HAL_RCC_GetPCLK2Freq)
    HAL_RCC_GetSysClockFreq                  0x080008d1   Thumb Code   100  stm32l0xx_hal_rcc.o(i.HAL_RCC_GetSysClockFreq)
    HAL_RCC_OscConfig                        0x08000949   Thumb Code  1158  stm32l0xx_hal_rcc.o(i.HAL_RCC_OscConfig)
    HAL_TIM_Base_Init                        0x08000dcf   Thumb Code    52  stm32l0xx_hal_tim.o(i.HAL_TIM_Base_Init)
    HAL_TIM_Base_MspInit                     0x08000e03   Thumb Code     2  stm32l0xx_hal_tim.o(i.HAL_TIM_Base_MspInit)
    HAL_TIM_Base_Start_IT                    0x08000e05   Thumb Code    32  stm32l0xx_hal_tim.o(i.HAL_TIM_Base_Start_IT)
    HAL_TIM_IC_CaptureCallback               0x08000e25   Thumb Code     2  stm32l0xx_hal_tim.o(i.HAL_TIM_IC_CaptureCallback)
    HAL_TIM_IRQHandler                       0x08000e27   Thumb Code   294  stm32l0xx_hal_tim.o(i.HAL_TIM_IRQHandler)
    HAL_TIM_OC_DelayElapsedCallback          0x08000f4d   Thumb Code     2  stm32l0xx_hal_tim.o(i.HAL_TIM_OC_DelayElapsedCallback)
    HAL_TIM_PWM_PulseFinishedCallback        0x08000f4f   Thumb Code     2  stm32l0xx_hal_tim.o(i.HAL_TIM_PWM_PulseFinishedCallback)
    HAL_TIM_PeriodElapsedCallback            0x08000f51   Thumb Code    18  main.o(i.HAL_TIM_PeriodElapsedCallback)
    HAL_TIM_TriggerCallback                  0x08000f63   Thumb Code     2  stm32l0xx_hal_tim.o(i.HAL_TIM_TriggerCallback)
    HAL_UART_Init                            0x08000f65   Thumb Code   106  stm32l0xx_hal_uart.o(i.HAL_UART_Init)
    HAL_UART_MspInit                         0x08000fd1   Thumb Code    84  usart.o(i.HAL_UART_MspInit)
    HardFault_Handler                        0x0800102d   Thumb Code     2  stm32l0xx_it.o(i.HardFault_Handler)
    LED1Task                                 0x0800102f   Thumb Code     8  freertos.o(i.LED1Task)
    LED2ask                                  0x08001037   Thumb Code     8  freertos.o(i.LED2ask)
    MX_FREERTOS_Init                         0x08001041   Thumb Code   112  freertos.o(i.MX_FREERTOS_Init)
    MX_GPIO_Init                             0x080010b9   Thumb Code    94  gpio.o(i.MX_GPIO_Init)
    MX_USART1_UART_Init                      0x08001121   Thumb Code    48  usart.o(i.MX_USART1_UART_Init)
    NMI_Handler                              0x08001159   Thumb Code     2  stm32l0xx_it.o(i.NMI_Handler)
    SVC_Handler                              0x080011a1   Thumb Code     2  port.o(i.SVC_Handler)
    SysTick_Handler                          0x080011a5   Thumb Code    32  port.o(i.SysTick_Handler)
    SystemClock_Config                       0x080011c9   Thumb Code   112  main.o(i.SystemClock_Config)
    SystemInit                               0x0800123d   Thumb Code    66  system_stm32l0xx.o(i.SystemInit)
    TIM2_IRQHandler                          0x08001291   Thumb Code    10  stm32l0xx_it.o(i.TIM2_IRQHandler)
    UART_AdvFeatureConfig                    0x080012f9   Thumb Code   202  stm32l0xx_hal_uart.o(i.UART_AdvFeatureConfig)
    UART_CheckIdleState                      0x080013c5   Thumb Code    90  stm32l0xx_hal_uart.o(i.UART_CheckIdleState)
    UART_SetConfig                           0x08001425   Thumb Code   506  stm32l0xx_hal_uart.o(i.UART_SetConfig)
    UART_WaitOnFlagUntilTimeout              0x0800164d   Thumb Code    98  stm32l0xx_hal_uart.o(i.UART_WaitOnFlagUntilTimeout)
    __ARM_common_switch8                     0x080016af   Thumb Code    26  stm32l0xx_hal_dma.o(i.__ARM_common_switch8)
    __scatterload_copy                       0x080016c9   Thumb Code    14  handlers.o(i.__scatterload_copy)
    __scatterload_null                       0x080016d7   Thumb Code     2  handlers.o(i.__scatterload_null)
    __scatterload_zeroinit                   0x080016d9   Thumb Code    14  handlers.o(i.__scatterload_zeroinit)
    main                                     0x080016f3   Thumb Code    26  main.o(i.main)
    osDelay                                  0x08001719   Thumb Code    16  cmsis_os.o(i.osDelay)
    osKernelStart                            0x08001729   Thumb Code    10  cmsis_os.o(i.osKernelStart)
    osThreadCreate                           0x08001733   Thumb Code    88  cmsis_os.o(i.osThreadCreate)
    osTimerCreate                            0x0800178d   Thumb Code    60  cmsis_os.o(i.osTimerCreate)
    osTimerStart                             0x080017cd   Thumb Code    80  cmsis_os.o(i.osTimerStart)
    pvPortMalloc                             0x08001edd   Thumb Code   172  heap_4.o(i.pvPortMalloc)
    pxPortInitialiseStack                    0x08001f8d   Thumb Code    28  port.o(i.pxPortInitialiseStack)
    uxListRemove                             0x08001fad   Thumb Code    38  list.o(i.uxListRemove)
    vApplicationGetIdleTaskMemory            0x08001fd5   Thumb Code    16  freertos.o(i.vApplicationGetIdleTaskMemory)
    vApplicationGetTimerTaskMemory           0x08001fe9   Thumb Code    18  freertos.o(i.vApplicationGetTimerTaskMemory)
    vListInitialise                          0x08002001   Thumb Code    22  list.o(i.vListInitialise)
    vListInitialiseItem                      0x08002017   Thumb Code     6  list.o(i.vListInitialiseItem)
    vListInsert                              0x0800201d   Thumb Code    48  list.o(i.vListInsert)
    vListInsertEnd                           0x0800204d   Thumb Code    24  list.o(i.vListInsertEnd)
    vPortEnterCritical                       0x08002065   Thumb Code    20  port.o(i.vPortEnterCritical)
    vPortExitCritical                        0x0800207d   Thumb Code    22  port.o(i.vPortExitCritical)
    vPortFree                                0x08002099   Thumb Code    62  heap_4.o(i.vPortFree)
    vPortYield                               0x080020dd   Thumb Code    18  port.o(i.vPortYield)
    vQueueAddToRegistry                      0x080020f5   Thumb Code    32  queue.o(i.vQueueAddToRegistry)
    vQueueWaitForMessageRestricted           0x08002119   Thumb Code    68  queue.o(i.vQueueWaitForMessageRestricted)
    vTaskDelay                               0x0800215d   Thumb Code    44  tasks.o(i.vTaskDelay)
    vTaskInternalSetTimeOutState             0x0800218d   Thumb Code    12  tasks.o(i.vTaskInternalSetTimeOutState)
    vTaskMissedYield                         0x0800219d   Thumb Code     8  tasks.o(i.vTaskMissedYield)
    vTaskPlaceOnEventList                    0x080021a9   Thumb Code    32  tasks.o(i.vTaskPlaceOnEventList)
    vTaskPlaceOnEventListRestricted          0x080021cd   Thumb Code    42  tasks.o(i.vTaskPlaceOnEventListRestricted)
    vTaskStartScheduler                      0x080021fd   Thumb Code    88  tasks.o(i.vTaskStartScheduler)
    vTaskSuspendAll                          0x08002265   Thumb Code    10  tasks.o(i.vTaskSuspendAll)
    vTaskSwitchContext                       0x08002275   Thumb Code    78  tasks.o(i.vTaskSwitchContext)
    xPortStartScheduler                      0x080022cd   Thumb Code    62  port.o(i.xPortStartScheduler)
    xQueueGenericCreateStatic                0x0800231d   Thumb Code    64  queue.o(i.xQueueGenericCreateStatic)
    xQueueGenericReset                       0x0800235d   Thumb Code   108  queue.o(i.xQueueGenericReset)
    xQueueGenericSend                        0x080023c9   Thumb Code   280  queue.o(i.xQueueGenericSend)
    xQueueGenericSendFromISR                 0x080024e1   Thumb Code   140  queue.o(i.xQueueGenericSendFromISR)
    xQueueReceive                            0x0800256d   Thumb Code   258  queue.o(i.xQueueReceive)
    xTaskCheckForTimeOut                     0x08002671   Thumb Code    86  tasks.o(i.xTaskCheckForTimeOut)
    xTaskCreate                              0x080026cd   Thumb Code    82  tasks.o(i.xTaskCreate)
    xTaskCreateStatic                        0x0800271f   Thumb Code    68  tasks.o(i.xTaskCreateStatic)
    xTaskGetSchedulerState                   0x08002765   Thumb Code    26  tasks.o(i.xTaskGetSchedulerState)
    xTaskGetTickCount                        0x08002785   Thumb Code     6  tasks.o(i.xTaskGetTickCount)
    xTaskIncrementTick                       0x08002791   Thumb Code   180  tasks.o(i.xTaskIncrementTick)
    xTaskPriorityDisinherit                  0x0800284d   Thumb Code    96  tasks.o(i.xTaskPriorityDisinherit)
    xTaskRemoveFromEventList                 0x080028b5   Thumb Code    90  tasks.o(i.xTaskRemoveFromEventList)
    xTaskResumeAll                           0x08002919   Thumb Code   164  tasks.o(i.xTaskResumeAll)
    xTimerCreate                             0x080029c5   Thumb Code    48  timers.o(i.xTimerCreate)
    xTimerCreateStatic                       0x080029f5   Thumb Code    36  timers.o(i.xTimerCreateStatic)
    xTimerCreateTimerTask                    0x08002a19   Thumb Code    72  timers.o(i.xTimerCreateTimerTask)
    xTimerGenericCommand                     0x08002a71   Thumb Code    76  timers.o(i.xTimerGenericCommand)
    AHBPrescTable                            0x08002b08   Data          16  system_stm32l0xx.o(.constdata)
    PLLMulTable                              0x08002b18   Data           9  system_stm32l0xx.o(.constdata)
    APBPrescTable                            0x08002b21   Data           8  system_stm32l0xx.o(.constdata)
    Region$$Table$$Base                      0x08002b3c   Number         0  anon$$obj.o(Region$$Table)
    Region$$Table$$Limit                     0x08002b5c   Number         0  anon$$obj.o(Region$$Table)
    LED1Handle                               0x20000000   Data           4  freertos.o(.data)
    LED2Handle                               0x20000004   Data           4  freertos.o(.data)
    myTimer01Handle                          0x20000008   Data           4  freertos.o(.data)
    myTimer02Handle                          0x2000000c   Data           4  freertos.o(.data)
    uwTick                                   0x20000010   Data           4  stm32l0xx_hal.o(.data)
    SystemCoreClock                          0x20000014   Data           4  system_stm32l0xx.o(.data)
    pxCurrentTCB                             0x20000018   Data           4  tasks.o(.data)
    huart1                                   0x2000072c   Data         128  usart.o(.bss)
    htim2                                    0x200007ac   Data          60  stm32l0xx_hal_timebase_tim.o(.bss)
    xQueueRegistry                           0x200007e8   Data          64  queue.o(.bss)
    __initial_sp                             0x20001a00   Data           0  startup_stm32l053xx.o(STACK)



==============================================================================

Memory Map of the image

  Image Entry point : 0x080000c1

  Load Region LR_IROM1 (Base: 0x08000000, Size: 0x00002be0, Max: 0x00010000, ABSOLUTE)

    Execution Region ER_IROM1 (Exec base: 0x08000000, Load base: 0x08000000, Size: 0x00002b5c, Max: 0x00010000, ABSOLUTE)

    Exec Addr    Load Addr    Size         Type   Attr      Idx    E Section Name        Object

    0x08000000   0x08000000   0x000000c0   Data   RO            3    RESET               startup_stm32l053xx.o
    0x080000c0   0x080000c0   0x00000000   Code   RO         4490  * .ARM.Collect$$$$00000000  mc_p.l(entry.o)
    0x080000c0   0x080000c0   0x00000004   Code   RO         4505    .ARM.Collect$$$$00000001  mc_p.l(entry2.o)
    0x080000c4   0x080000c4   0x00000004   Code   RO         4508    .ARM.Collect$$$$00000004  mc_p.l(entry5.o)
    0x080000c8   0x080000c8   0x00000000   Code   RO         4510    .ARM.Collect$$$$00000008  mc_p.l(entry7b.o)
    0x080000c8   0x080000c8   0x00000000   Code   RO         4512    .ARM.Collect$$$$0000000A  mc_p.l(entry8b.o)
    0x080000c8   0x080000c8   0x00000008   Code   RO         4513    .ARM.Collect$$$$0000000B  mc_p.l(entry9a.o)
    0x080000d0   0x080000d0   0x00000000   Code   RO         4515    .ARM.Collect$$$$0000000D  mc_p.l(entry10a.o)
    0x080000d0   0x080000d0   0x00000000   Code   RO         4517    .ARM.Collect$$$$0000000F  mc_p.l(entry11a.o)
    0x080000d0   0x080000d0   0x00000004   Code   RO         4506    .ARM.Collect$$$$00002712  mc_p.l(entry2.o)
    0x080000d4   0x080000d4   0x00000078   Code   RO         4425    .emb_text           port.o
    0x0800014c   0x0800014c   0x0000001c   Code   RO            4    .text               startup_stm32l053xx.o
    0x08000168   0x08000168   0x0000002c   Code   RO         4493    .text               mc_p.l(uidiv.o)
    0x08000194   0x08000194   0x00000060   Code   RO         4495    .text               mc_p.l(uldiv.o)
    0x080001f4   0x080001f4   0x00000024   Code   RO         4497    .text               mc_p.l(memcpya.o)
    0x08000218   0x08000218   0x00000024   Code   RO         4501    .text               mc_p.l(memseta.o)
    0x0800023c   0x0800023c   0x00000020   Code   RO         4519    .text               mc_p.l(llshl.o)
    0x0800025c   0x0800025c   0x00000022   Code   RO         4521    .text               mc_p.l(llushr.o)
    0x0800027e   0x0800027e   0x00000002   PAD
    0x08000280   0x08000280   0x00000024   Code   RO         4523    .text               mc_p.l(init.o)
    0x080002a4   0x080002a4   0x00000010   Code   RO          215    i.Callback01        freertos.o
    0x080002b4   0x080002b4   0x00000014   Code   RO          216    i.Callback02        freertos.o
    0x080002c8   0x080002c8   0x00000002   Code   RO           12    i.Error_Handler     main.o
    0x080002ca   0x080002ca   0x00000002   PAD
    0x080002cc   0x080002cc   0x00000178   Code   RO         1583    i.HAL_GPIO_Init     stm32l0xx_hal_gpio.o
    0x08000444   0x08000444   0x00000008   Code   RO         1586    i.HAL_GPIO_TogglePin  stm32l0xx_hal_gpio.o
    0x0800044c   0x0800044c   0x0000000c   Code   RO         1587    i.HAL_GPIO_WritePin  stm32l0xx_hal_gpio.o
    0x08000458   0x08000458   0x0000000c   Code   RO          427    i.HAL_GetTick       stm32l0xx_hal.o
    0x08000464   0x08000464   0x00000010   Code   RO          431    i.HAL_IncTick       stm32l0xx_hal.o
    0x08000474   0x08000474   0x00000028   Code   RO          432    i.HAL_Init          stm32l0xx_hal.o
    0x0800049c   0x0800049c   0x00000070   Code   RO          379    i.HAL_InitTick      stm32l0xx_hal_timebase_tim.o
    0x0800050c   0x0800050c   0x00000024   Code   RO          359    i.HAL_MspInit       stm32l0xx_hal_msp.o
    0x08000530   0x08000530   0x00000014   Code   RO         1912    i.HAL_NVIC_EnableIRQ  stm32l0xx_hal_cortex.o
    0x08000544   0x08000544   0x00000008   Code   RO         1916    i.HAL_NVIC_SetPriority  stm32l0xx_hal_cortex.o
    0x0800054c   0x0800054c   0x00000198   Code   RO         1215    i.HAL_RCCEx_PeriphCLKConfig  stm32l0xx_hal_rcc_ex.o
    0x080006e4   0x080006e4   0x0000016c   Code   RO         1106    i.HAL_RCC_ClockConfig  stm32l0xx_hal_rcc.o
    0x08000850   0x08000850   0x00000040   Code   RO         1109    i.HAL_RCC_GetClockConfig  stm32l0xx_hal_rcc.o
    0x08000890   0x08000890   0x00000020   Code   RO         1112    i.HAL_RCC_GetPCLK1Freq  stm32l0xx_hal_rcc.o
    0x080008b0   0x080008b0   0x00000020   Code   RO         1113    i.HAL_RCC_GetPCLK2Freq  stm32l0xx_hal_rcc.o
    0x080008d0   0x080008d0   0x00000078   Code   RO         1114    i.HAL_RCC_GetSysClockFreq  stm32l0xx_hal_rcc.o
    0x08000948   0x08000948   0x00000486   Code   RO         1117    i.HAL_RCC_OscConfig  stm32l0xx_hal_rcc.o
    0x08000dce   0x08000dce   0x00000034   Code   RO         2021    i.HAL_TIM_Base_Init  stm32l0xx_hal_tim.o
    0x08000e02   0x08000e02   0x00000002   Code   RO         2023    i.HAL_TIM_Base_MspInit  stm32l0xx_hal_tim.o
    0x08000e04   0x08000e04   0x00000020   Code   RO         2026    i.HAL_TIM_Base_Start_IT  stm32l0xx_hal_tim.o
    0x08000e24   0x08000e24   0x00000002   Code   RO         2050    i.HAL_TIM_IC_CaptureCallback  stm32l0xx_hal_tim.o
    0x08000e26   0x08000e26   0x00000126   Code   RO         2064    i.HAL_TIM_IRQHandler  stm32l0xx_hal_tim.o
    0x08000f4c   0x08000f4c   0x00000002   Code   RO         2067    i.HAL_TIM_OC_DelayElapsedCallback  stm32l0xx_hal_tim.o
    0x08000f4e   0x08000f4e   0x00000002   Code   RO         2094    i.HAL_TIM_PWM_PulseFinishedCallback  stm32l0xx_hal_tim.o
    0x08000f50   0x08000f50   0x00000012   Code   RO           13    i.HAL_TIM_PeriodElapsedCallback  main.o
    0x08000f62   0x08000f62   0x00000002   Code   RO         2107    i.HAL_TIM_TriggerCallback  stm32l0xx_hal_tim.o
    0x08000f64   0x08000f64   0x0000006a   Code   RO         2740    i.HAL_UART_Init     stm32l0xx_hal_uart.o
    0x08000fce   0x08000fce   0x00000002   PAD
    0x08000fd0   0x08000fd0   0x0000005c   Code   RO          286    i.HAL_UART_MspInit  usart.o
    0x0800102c   0x0800102c   0x00000002   Code   RO          323    i.HardFault_Handler  stm32l0xx_it.o
    0x0800102e   0x0800102e   0x00000008   Code   RO          217    i.LED1Task          freertos.o
    0x08001036   0x08001036   0x00000008   Code   RO          218    i.LED2ask           freertos.o
    0x0800103e   0x0800103e   0x00000002   PAD
    0x08001040   0x08001040   0x00000078   Code   RO          219    i.MX_FREERTOS_Init  freertos.o
    0x080010b8   0x080010b8   0x00000068   Code   RO          195    i.MX_GPIO_Init      gpio.o
    0x08001120   0x08001120   0x00000038   Code   RO          287    i.MX_USART1_UART_Init  usart.o
    0x08001158   0x08001158   0x00000002   Code   RO          324    i.NMI_Handler       stm32l0xx_it.o
    0x0800115a   0x0800115a   0x00000002   PAD
    0x0800115c   0x0800115c   0x00000044   Code   RO         1922    i.NVIC_SetPriority  stm32l0xx_hal_cortex.o
    0x080011a0   0x080011a0   0x00000002   Code   RO         4426    i.SVC_Handler       port.o
    0x080011a2   0x080011a2   0x00000002   PAD
    0x080011a4   0x080011a4   0x00000024   Code   RO         4427    i.SysTick_Handler   port.o
    0x080011c8   0x080011c8   0x00000074   Code   RO           14    i.SystemClock_Config  main.o
    0x0800123c   0x0800123c   0x00000054   Code   RO         3129    i.SystemInit        system_stm32l0xx.o
    0x08001290   0x08001290   0x00000010   Code   RO          325    i.TIM2_IRQHandler   stm32l0xx_it.o
    0x080012a0   0x080012a0   0x00000058   Code   RO         2109    i.TIM_Base_SetConfig  stm32l0xx_hal_tim.o
    0x080012f8   0x080012f8   0x000000ca   Code   RO         2753    i.UART_AdvFeatureConfig  stm32l0xx_hal_uart.o
    0x080013c2   0x080013c2   0x00000002   PAD
    0x080013c4   0x080013c4   0x00000060   Code   RO         2754    i.UART_CheckIdleState  stm32l0xx_hal_uart.o
    0x08001424   0x08001424   0x00000228   Code   RO         2769    i.UART_SetConfig    stm32l0xx_hal_uart.o
    0x0800164c   0x0800164c   0x00000062   Code   RO         2772    i.UART_WaitOnFlagUntilTimeout  stm32l0xx_hal_uart.o
    0x080016ae   0x080016ae   0x0000001a   Code   RO         1728    i.__ARM_common_switch8  stm32l0xx_hal_dma.o
    0x080016c8   0x080016c8   0x0000000e   Code   RO         4527    i.__scatterload_copy  mc_p.l(handlers.o)
    0x080016d6   0x080016d6   0x00000002   Code   RO         4528    i.__scatterload_null  mc_p.l(handlers.o)
    0x080016d8   0x080016d8   0x0000000e   Code   RO         4529    i.__scatterload_zeroinit  mc_p.l(handlers.o)
    0x080016e6   0x080016e6   0x0000000c   Code   RO         4025    i.inHandlerMode     cmsis_os.o
    0x080016f2   0x080016f2   0x0000001a   Code   RO           15    i.main              main.o
    0x0800170c   0x0800170c   0x0000000c   Code   RO         4027    i.makeFreeRtosPriority  cmsis_os.o
    0x08001718   0x08001718   0x00000010   Code   RO         4029    i.osDelay           cmsis_os.o
    0x08001728   0x08001728   0x0000000a   Code   RO         4032    i.osKernelStart     cmsis_os.o
    0x08001732   0x08001732   0x00000058   Code   RO         4066    i.osThreadCreate    cmsis_os.o
    0x0800178a   0x0800178a   0x00000002   PAD
    0x0800178c   0x0800178c   0x00000040   Code   RO         4077    i.osTimerCreate     cmsis_os.o
    0x080017cc   0x080017cc   0x00000054   Code   RO         4079    i.osTimerStart      cmsis_os.o
    0x08001820   0x08001820   0x00000058   Code   RO         3610    i.prvAddCurrentTaskToDelayedList  tasks.o
    0x08001878   0x08001878   0x000000b8   Code   RO         3611    i.prvAddNewTaskToReadyList  tasks.o
    0x08001930   0x08001930   0x0000005c   Code   RO         3909    i.prvCheckForValidListAndQueue  timers.o
    0x0800198c   0x0800198c   0x00000026   Code   RO         3289    i.prvCopyDataFromQueue  queue.o
    0x080019b2   0x080019b2   0x00000070   Code   RO         3290    i.prvCopyDataToQueue  queue.o
    0x08001a22   0x08001a22   0x00000026   Code   RO         3612    i.prvDeleteTCB      tasks.o
    0x08001a48   0x08001a48   0x00000044   Code   RO         4376    i.prvHeapInit       heap_4.o
    0x08001a8c   0x08001a8c   0x00000048   Code   RO         3613    i.prvIdleTask       tasks.o
    0x08001ad4   0x08001ad4   0x0000001c   Code   RO         3292    i.prvInitialiseNewQueue  queue.o
    0x08001af0   0x08001af0   0x0000007c   Code   RO         3614    i.prvInitialiseNewTask  tasks.o
    0x08001b6c   0x08001b6c   0x00000032   Code   RO         3910    i.prvInitialiseNewTimer  timers.o
    0x08001b9e   0x08001b9e   0x00000002   PAD
    0x08001ba0   0x08001ba0   0x0000004c   Code   RO         4377    i.prvInsertBlockIntoFreeList  heap_4.o
    0x08001bec   0x08001bec   0x00000038   Code   RO         3911    i.prvInsertTimerInActiveList  timers.o
    0x08001c24   0x08001c24   0x0000001c   Code   RO         3293    i.prvIsQueueEmpty   queue.o
    0x08001c40   0x08001c40   0x000000b0   Code   RO         3912    i.prvProcessReceivedCommands  timers.o
    0x08001cf0   0x08001cf0   0x0000009c   Code   RO         3913    i.prvProcessTimerOrBlockTask  timers.o
    0x08001d8c   0x08001d8c   0x00000020   Code   RO         3615    i.prvResetNextTaskUnblockTime  tasks.o
    0x08001dac   0x08001dac   0x00000028   Code   RO         3914    i.prvSampleTimeNow  timers.o
    0x08001dd4   0x08001dd4   0x00000060   Code   RO         3915    i.prvSwitchTimerLists  timers.o
    0x08001e34   0x08001e34   0x00000014   Code   RO         4428    i.prvTaskExitError  port.o
    0x08001e48   0x08001e48   0x00000024   Code   RO         3916    i.prvTimerTask      timers.o
    0x08001e6c   0x08001e6c   0x00000070   Code   RO         3294    i.prvUnlockQueue    queue.o
    0x08001edc   0x08001edc   0x000000b0   Code   RO         4378    i.pvPortMalloc      heap_4.o
    0x08001f8c   0x08001f8c   0x00000020   Code   RO         4429    i.pxPortInitialiseStack  port.o
    0x08001fac   0x08001fac   0x00000026   Code   RO         3252    i.uxListRemove      list.o
    0x08001fd2   0x08001fd2   0x00000002   PAD
    0x08001fd4   0x08001fd4   0x00000014   Code   RO          220    i.vApplicationGetIdleTaskMemory  freertos.o
    0x08001fe8   0x08001fe8   0x00000018   Code   RO          221    i.vApplicationGetTimerTaskMemory  freertos.o
    0x08002000   0x08002000   0x00000016   Code   RO         3253    i.vListInitialise   list.o
    0x08002016   0x08002016   0x00000006   Code   RO         3254    i.vListInitialiseItem  list.o
    0x0800201c   0x0800201c   0x00000030   Code   RO         3255    i.vListInsert       list.o
    0x0800204c   0x0800204c   0x00000018   Code   RO         3256    i.vListInsertEnd    list.o
    0x08002064   0x08002064   0x00000018   Code   RO         4431    i.vPortEnterCritical  port.o
    0x0800207c   0x0800207c   0x0000001c   Code   RO         4432    i.vPortExitCritical  port.o
    0x08002098   0x08002098   0x00000044   Code   RO         4379    i.vPortFree         heap_4.o
    0x080020dc   0x080020dc   0x00000018   Code   RO         4433    i.vPortYield        port.o
    0x080020f4   0x080020f4   0x00000024   Code   RO         3298    i.vQueueAddToRegistry  queue.o
    0x08002118   0x08002118   0x00000044   Code   RO         3301    i.vQueueWaitForMessageRestricted  queue.o
    0x0800215c   0x0800215c   0x00000030   Code   RO         3623    i.vTaskDelay        tasks.o
    0x0800218c   0x0800218c   0x00000010   Code   RO         3626    i.vTaskInternalSetTimeOutState  tasks.o
    0x0800219c   0x0800219c   0x0000000c   Code   RO         3627    i.vTaskMissedYield  tasks.o
    0x080021a8   0x080021a8   0x00000024   Code   RO         3629    i.vTaskPlaceOnEventList  tasks.o
    0x080021cc   0x080021cc   0x00000030   Code   RO         3630    i.vTaskPlaceOnEventListRestricted  tasks.o
    0x080021fc   0x080021fc   0x00000068   Code   RO         3637    i.vTaskStartScheduler  tasks.o
    0x08002264   0x08002264   0x00000010   Code   RO         3639    i.vTaskSuspendAll   tasks.o
    0x08002274   0x08002274   0x00000058   Code   RO         3640    i.vTaskSwitchContext  tasks.o
    0x080022cc   0x080022cc   0x00000050   Code   RO         4434    i.xPortStartScheduler  port.o
    0x0800231c   0x0800231c   0x00000040   Code   RO         3305    i.xQueueGenericCreateStatic  queue.o
    0x0800235c   0x0800235c   0x0000006c   Code   RO         3306    i.xQueueGenericReset  queue.o
    0x080023c8   0x080023c8   0x00000118   Code   RO         3307    i.xQueueGenericSend  queue.o
    0x080024e0   0x080024e0   0x0000008c   Code   RO         3308    i.xQueueGenericSendFromISR  queue.o
    0x0800256c   0x0800256c   0x00000102   Code   RO         3314    i.xQueueReceive     queue.o
    0x0800266e   0x0800266e   0x00000002   PAD
    0x08002670   0x08002670   0x0000005c   Code   RO         3641    i.xTaskCheckForTimeOut  tasks.o
    0x080026cc   0x080026cc   0x00000052   Code   RO         3642    i.xTaskCreate       tasks.o
    0x0800271e   0x0800271e   0x00000044   Code   RO         3643    i.xTaskCreateStatic  tasks.o
    0x08002762   0x08002762   0x00000002   PAD
    0x08002764   0x08002764   0x00000020   Code   RO         3647    i.xTaskGetSchedulerState  tasks.o
    0x08002784   0x08002784   0x0000000c   Code   RO         3648    i.xTaskGetTickCount  tasks.o
    0x08002790   0x08002790   0x000000bc   Code   RO         3650    i.xTaskIncrementTick  tasks.o
    0x0800284c   0x0800284c   0x00000068   Code   RO         3653    i.xTaskPriorityDisinherit  tasks.o
    0x080028b4   0x080028b4   0x00000064   Code   RO         3655    i.xTaskRemoveFromEventList  tasks.o
    0x08002918   0x08002918   0x000000ac   Code   RO         3656    i.xTaskResumeAll    tasks.o
    0x080029c4   0x080029c4   0x00000030   Code   RO         3919    i.xTimerCreate      timers.o
    0x080029f4   0x080029f4   0x00000024   Code   RO         3920    i.xTimerCreateStatic  timers.o
    0x08002a18   0x08002a18   0x00000058   Code   RO         3921    i.xTimerCreateTimerTask  timers.o
    0x08002a70   0x08002a70   0x00000050   Code   RO         3922    i.xTimerGenericCommand  timers.o
    0x08002ac0   0x08002ac0   0x00000048   Data   RO          223    .constdata          freertos.o
    0x08002b08   0x08002b08   0x00000019   Data   RO         3130    .constdata          system_stm32l0xx.o
    0x08002b21   0x08002b21   0x00000008   Data   RO         3131    .constdata          system_stm32l0xx.o
    0x08002b29   0x08002b29   0x00000003   PAD
    0x08002b2c   0x08002b2c   0x0000000d   Data   RO          224    .conststring        freertos.o
    0x08002b39   0x08002b39   0x00000003   PAD
    0x08002b3c   0x08002b3c   0x00000020   Data   RO         4525    Region$$Table       anon$$obj.o


    Execution Region RW_IRAM1 (Exec base: 0x20000000, Load base: 0x08002b5c, Size: 0x00001a00, Max: 0x00002000, ABSOLUTE)

    Exec Addr    Load Addr    Size         Type   Attr      Idx    E Section Name        Object

    0x20000000   0x08002b5c   0x00000010   Data   RW          225    .data               freertos.o
    0x20000010   0x08002b6c   0x00000004   Data   RW          442    .data               stm32l0xx_hal.o
    0x20000014   0x08002b70   0x00000004   Data   RW         3132    .data               system_stm32l0xx.o
    0x20000018   0x08002b74   0x0000003c   Data   RW         3659    .data               tasks.o
    0x20000054   0x08002bb0   0x00000014   Data   RW         3928    .data               timers.o
    0x20000068   0x08002bc4   0x00000018   Data   RW         4384    .data               heap_4.o
    0x20000080   0x08002bdc   0x00000004   Data   RW         4435    .data               port.o
    0x20000084        -       0x000006a8   Zero   RW          222    .bss                freertos.o
    0x2000072c        -       0x00000080   Zero   RW          288    .bss                usart.o
    0x200007ac        -       0x0000003c   Zero   RW          382    .bss                stm32l0xx_hal_timebase_tim.o
    0x200007e8        -       0x00000040   Zero   RW         3317    .bss                queue.o
    0x20000828        -       0x000000f0   Zero   RW         3658    .bss                tasks.o
    0x20000918        -       0x000000e8   Zero   RW         3927    .bss                timers.o
    0x20000a00        -       0x00000c00   Zero   RW         4383    .bss                heap_4.o
    0x20001600        -       0x00000400   Zero   RW            1    STACK               startup_stm32l053xx.o


==============================================================================

Image component sizes


      Code (inc. data)   RO Data    RW Data    ZI Data      Debug   Object Name

       286          8          0          0          0      11688   cmsis_os.o
         0          0          0          0          0      10212   event_groups.o
       216         28         85         16       1704       4391   freertos.o
       104         10          0          0          0        835   gpio.o
       388         22          0         24       3072       4063   heap_4.o
       138          0          0          0          0       3246   list.o
       162          4          0          0          0     393736   main.o
       366         58          0          4          0       6680   port.o
      1272          4          0          0         64      12628   queue.o
        28          8        192          0       1024        612   startup_stm32l053xx.o
        68         16          0          4          0       2436   stm32l0xx_hal.o
        96         14          0          0          0       9792   stm32l0xx_hal_cortex.o
        26          0          0          0          0         72   stm32l0xx_hal_dma.o
       396         30          0          0          0       2861   stm32l0xx_hal_gpio.o
        36          4          0          0          0        434   stm32l0xx_hal_msp.o
      1770        102          0          0          0       6081   stm32l0xx_hal_rcc.o
       408         12          0          0          0       1448   stm32l0xx_hal_rcc_ex.o
       476         10          0          0          0       6337   stm32l0xx_hal_tim.o
       112         18          0          0         60        955   stm32l0xx_hal_timebase_tim.o
      1054         76          0          0          0       5041   stm32l0xx_hal_uart.o
        20          6          0          0          0       1216   stm32l0xx_it.o
         0          0          0          0          0       9128   stream_buffer.o
        84         18         33          4          0       1151   system_stm32l0xx.o
      1756        136          0         60        240      20520   tasks.o
       954         76          0         20        232      11311   timers.o
       148         16          0          0        128       1502   usart.o

    ----------------------------------------------------------------------
     10386        676        348        132       6524     528376   Object Totals
         0          0         32          0          0          0   (incl. Generated)
        22          0          6          0          0          0   (incl. Padding)

    ----------------------------------------------------------------------

      Code (inc. data)   RO Data    RW Data    ZI Data      Debug   Library Member Name

         0          0          0          0          0          0   entry.o
         0          0          0          0          0          0   entry10a.o
         0          0          0          0          0          0   entry11a.o
         8          4          0          0          0          0   entry2.o
         4          0          0          0          0          0   entry5.o
         0          0          0          0          0          0   entry7b.o
         0          0          0          0          0          0   entry8b.o
         8          4          0          0          0          0   entry9a.o
        30          0          0          0          0          0   handlers.o
        36          8          0          0          0         68   init.o
        32          0          0          0          0         68   llshl.o
        34          0          0          0          0         68   llushr.o
        36          0          0          0          0         60   memcpya.o
        36          0          0          0          0        100   memseta.o
        44          0          0          0          0         72   uidiv.o
        96          0          0          0          0         84   uldiv.o

    ----------------------------------------------------------------------
       366         16          0          0          0        520   Library Totals
         2          0          0          0          0          0   (incl. Padding)

    ----------------------------------------------------------------------

      Code (inc. data)   RO Data    RW Data    ZI Data      Debug   Library Name

       364         16          0          0          0        520   mc_p.l

    ----------------------------------------------------------------------
       366         16          0          0          0        520   Library Totals

    ----------------------------------------------------------------------

==============================================================================


      Code (inc. data)   RO Data    RW Data    ZI Data      Debug   

     10752        692        348        132       6524     523628   Grand Totals
     10752        692        348        132       6524     523628   ELF Image Totals
     10752        692        348        132          0          0   ROM Totals

==============================================================================

    Total RO  Size (Code + RO Data)                11100 (  10.84kB)
    Total RW  Size (RW Data + ZI Data)              6656 (   6.50kB)
    Total ROM Size (Code + RO Data + RW Data)      11232 (  10.97kB)

==============================================================================

