Component: ARM Compiler 5.06 update 6 (build 750) Tool: armlink [4d35ed]

==============================================================================

Section Cross References

    main.o(i.StartTask) refers to port.o(i.vPortEnterCritical) for vPortEnterCritical
    main.o(i.StartTask) refers to tasks.o(i.xTaskCreate) for xTaskCreate
    main.o(i.StartTask) refers to tasks.o(i.vTaskDelete) for vTaskDelete
    main.o(i.StartTask) refers to port.o(i.vPortExitCritical) for vPortExitCritical
    main.o(i.StartTask) refers to main.o(.data) for mallocTask_Handler
    main.o(i.StartTask) refers to main.o(i.mallocTask) for mallocTask
    main.o(i.main) refers to misc.o(i.NVIC_PriorityGroupConfig) for NVIC_PriorityGroupConfig
    main.o(i.main) refers to delay.o(i.delay_init) for delay_init
    main.o(i.main) refers to usart.o(i.uart_init) for uart_init
    main.o(i.main) refers to led.o(i.LED_Init) for LED_Init
    main.o(i.main) refers to key.o(i.KEY_Init) for KEY_Init
    main.o(i.main) refers to tasks.o(i.xTaskCreate) for xTaskCreate
    main.o(i.main) refers to tasks.o(i.vTaskStartScheduler) for vTaskStartScheduler
    main.o(i.main) refers to main.o(.data) for StartTask_Handler
    main.o(i.main) refers to main.o(i.StartTask) for StartTask
    main.o(i.mallocTask) refers to _printf_percent.o(.ARM.Collect$$_printf_percent$$00000000) for _printf_percent
    main.o(i.mallocTask) refers to _printf_x.o(.ARM.Collect$$_printf_percent$$0000000C) for _printf_x
    main.o(i.mallocTask) refers to _printf_hex_int.o(.text) for _printf_longlong_hex
    main.o(i.mallocTask) refers to _printf_d.o(.ARM.Collect$$_printf_percent$$00000009) for _printf_d
    main.o(i.mallocTask) refers to _printf_dec.o(.text) for _printf_int_dec
    main.o(i.mallocTask) refers to _printf_s.o(.ARM.Collect$$_printf_percent$$00000014) for _printf_s
    main.o(i.mallocTask) refers to _printf_str.o(.text) for _printf_str
    main.o(i.mallocTask) refers to key.o(i.KEY_Scan) for KEY_Scan
    main.o(i.mallocTask) refers to heap_4.o(i.pvPortMalloc) for pvPortMalloc
    main.o(i.mallocTask) refers to noretval__2printf.o(.text) for __2printf
    main.o(i.mallocTask) refers to heap_4.o(i.xPortGetFreeHeapSize) for xPortGetFreeHeapSize
    main.o(i.mallocTask) refers to heap_4.o(i.vPortFree) for vPortFree
    main.o(i.mallocTask) refers to noretval__2sprintf.o(.text) for __2sprintf
    main.o(i.mallocTask) refers to tasks.o(i.vTaskDelay) for vTaskDelay
    system_stm32f4xx.o(i.SystemCoreClockUpdate) refers to system_stm32f4xx.o(.data) for SystemCoreClock
    system_stm32f4xx.o(i.SystemInit) refers to system_stm32f4xx.o(i.SetSysClock) for SetSysClock
    led.o(i.LED_Init) refers to stm32f4xx_rcc.o(i.RCC_AHB1PeriphClockCmd) for RCC_AHB1PeriphClockCmd
    led.o(i.LED_Init) refers to stm32f4xx_gpio.o(i.GPIO_Init) for GPIO_Init
    led.o(i.LED_Init) refers to stm32f4xx_gpio.o(i.GPIO_SetBits) for GPIO_SetBits
    key.o(i.KEY_Init) refers to stm32f4xx_rcc.o(i.RCC_AHB1PeriphClockCmd) for RCC_AHB1PeriphClockCmd
    key.o(i.KEY_Init) refers to stm32f4xx_gpio.o(i.GPIO_Init) for GPIO_Init
    key.o(i.KEY_Scan) refers to stm32f4xx_gpio.o(i.GPIO_ReadInputDataBit) for GPIO_ReadInputDataBit
    key.o(i.KEY_Scan) refers to delay.o(i.delay_ms) for delay_ms
    key.o(i.KEY_Scan) refers to key.o(.data) for key_up
    delay.o(i.delay_init) refers to misc.o(i.SysTick_CLKSourceConfig) for SysTick_CLKSourceConfig
    delay.o(i.delay_init) refers to delay.o(.data) for fac_us
    delay.o(i.delay_ms) refers to tasks.o(i.xTaskGetSchedulerState) for xTaskGetSchedulerState
    delay.o(i.delay_ms) refers to tasks.o(i.vTaskDelay) for vTaskDelay
    delay.o(i.delay_ms) refers to delay.o(i.delay_us) for delay_us
    delay.o(i.delay_ms) refers to delay.o(.data) for fac_ms
    delay.o(i.delay_us) refers to delay.o(.data) for fac_us
    delay.o(i.delay_xms) refers to delay.o(i.delay_us) for delay_us
    usart.o(.rev16_text) refers (Special) to use_no_semi_2.o(.text) for __use_no_semihosting
    usart.o(.revsh_text) refers (Special) to use_no_semi_2.o(.text) for __use_no_semihosting
    usart.o(i.USART1_IRQHandler) refers (Special) to use_no_semi_2.o(.text) for __use_no_semihosting
    usart.o(i.USART1_IRQHandler) refers to stm32f4xx_usart.o(i.USART_GetITStatus) for USART_GetITStatus
    usart.o(i.USART1_IRQHandler) refers to stm32f4xx_usart.o(i.USART_ReceiveData) for USART_ReceiveData
    usart.o(i.USART1_IRQHandler) refers to usart.o(.data) for USART_RX_STA
    usart.o(i.USART1_IRQHandler) refers to usart.o(.bss) for USART_RX_BUF
    usart.o(i._sys_exit) refers (Special) to use_no_semi_2.o(.text) for __use_no_semihosting
    usart.o(i.fputc) refers (Special) to use_no_semi_2.o(.text) for __use_no_semihosting
    usart.o(i.uart_init) refers (Special) to use_no_semi_2.o(.text) for __use_no_semihosting
    usart.o(i.uart_init) refers to stm32f4xx_rcc.o(i.RCC_AHB1PeriphClockCmd) for RCC_AHB1PeriphClockCmd
[...]
    ..\HARDWARE\LED\led.c                    0x00000000   Number         0  led.o ABSOLUTE
    ..\SYSTEM\delay\delay.c                  0x00000000   Number         0  delay.o ABSOLUTE
    ..\SYSTEM\sys\sys.c                      0x00000000   Number         0  sys.o ABSOLUTE
    ..\SYSTEM\usart\usart.c                  0x00000000   Number         0  usart.o ABSOLUTE
    ..\\FWLIB\\src\\misc.c                   0x00000000   Number         0  misc.o ABSOLUTE
    ..\\FWLIB\\src\\stm32f4xx_gpio.c         0x00000000   Number         0  stm32f4xx_gpio.o ABSOLUTE
    ..\\FWLIB\\src\\stm32f4xx_rcc.c          0x00000000   Number         0  stm32f4xx_rcc.o ABSOLUTE
    ..\\FWLIB\\src\\stm32f4xx_syscfg.c       0x00000000   Number         0  stm32f4xx_syscfg.o ABSOLUTE
    ..\\FWLIB\\src\\stm32f4xx_usart.c        0x00000000   Number         0  stm32f4xx_usart.o ABSOLUTE
    ..\\FreeRTOS\\portable\\RVDS\\ARM_CM4F\\port.c 0x00000000   Number         0  port.o ABSOLUTE
    ..\\HARDWARE\\KEY\\key.c                 0x00000000   Number         0  key.o ABSOLUTE
    ..\\HARDWARE\\LED\\led.c                 0x00000000   Number         0  led.o ABSOLUTE
    ..\\SYSTEM\\delay\\delay.c               0x00000000   Number         0  delay.o ABSOLUTE
    ..\\SYSTEM\\sys\\sys.c                   0x00000000   Number         0  sys.o ABSOLUTE
    ..\\SYSTEM\\usart\\usart.c               0x00000000   Number         0  usart.o ABSOLUTE
    dc.s                                     0x00000000   Number         0  dc.o ABSOLUTE
    main.c                                   0x00000000   Number         0  main.o ABSOLUTE
    main.c                                   0x00000000   Number         0  main.o ABSOLUTE
    stm32f4xx_it.c                           0x00000000   Number         0  stm32f4xx_it.o ABSOLUTE
    stm32f4xx_it.c                           0x00000000   Number         0  stm32f4xx_it.o ABSOLUTE
    system_stm32f4xx.c                       0x00000000   Number         0  system_stm32f4xx.o ABSOLUTE
    system_stm32f4xx.c                       0x00000000   Number         0  system_stm32f4xx.o ABSOLUTE
    RESET                                    0x08000000   Section      392  startup_stm32f40_41xxx.o(RESET)
    !!!main                                  0x08000188   Section        8  __main.o(!!!main)
    !!!scatter                               0x08000190   Section       52  __scatter.o(!!!scatter)
    !!handler_copy                           0x080001c4   Section       26  __scatter_copy.o(!!handler_copy)
    !!handler_zi                             0x080001e0   Section       28  __scatter_zi.o(!!handler_zi)
    .ARM.Collect$$_printf_percent$$00000000  0x080001fc   Section        0  _printf_percent.o(.ARM.Collect$$_printf_percent$$00000000)
    .ARM.Collect$$_printf_percent$$00000009  0x080001fc   Section        6  _printf_d.o(.ARM.Collect$$_printf_percent$$00000009)
    .ARM.Collect$$_printf_percent$$0000000C  0x08000202   Section        6  _printf_x.o(.ARM.Collect$$_printf_percent$$0000000C)
    .ARM.Collect$$_printf_percent$$00000014  0x08000208   Section        6  _printf_s.o(.ARM.Collect$$_printf_percent$$00000014)
    .ARM.Collect$$_printf_percent$$00000017  0x0800020e   Section        4  _printf_percent_end.o(.ARM.Collect$$_printf_percent$$00000017)
    .ARM.Collect$$libinit$$00000000          0x08000212   Section        2  libinit.o(.ARM.Collect$$libinit$$00000000)
    .ARM.Collect$$libinit$$00000001          0x08000214   Section        4  libinit2.o(.ARM.Collect$$libinit$$00000001)
    .ARM.Collect$$libinit$$00000004          0x08000218   Section        0  libinit2.o(.ARM.Collect$$libinit$$00000004)
    .ARM.Collect$$libinit$$0000000A          0x08000218   Section        0  libinit2.o(.ARM.Collect$$libinit$$0000000A)
    .ARM.Collect$$libinit$$0000000C          0x08000218   Section        0  libinit2.o(.ARM.Collect$$libinit$$0000000C)
    .ARM.Collect$$libinit$$0000000E          0x08000218   Section        0  libinit2.o(.ARM.Collect$$libinit$$0000000E)
    .ARM.Collect$$libinit$$00000011          0x08000218   Section        0  libinit2.o(.ARM.Collect$$libinit$$00000011)
    .ARM.Collect$$libinit$$00000013          0x08000218   Section        0  libinit2.o(.ARM.Collect$$libinit$$00000013)
    .ARM.Collect$$libinit$$00000015          0x08000218   Section        0  libinit2.o(.ARM.Collect$$libinit$$00000015)
    .ARM.Collect$$libinit$$00000017          0x08000218   Section        0  libinit2.o(.ARM.Collect$$libinit$$00000017)
    .ARM.Collect$$libinit$$00000019          0x08000218   Section        0  libinit2.o(.ARM.Collect$$libinit$$00000019)
    .ARM.Collect$$libinit$$0000001B          0x08000218   Section        0  libinit2.o(.ARM.Collect$$libinit$$0000001B)
    .ARM.Collect$$libinit$$0000001D          0x08000218   Section        0  libinit2.o(.ARM.Collect$$libinit$$0000001D)
    .ARM.Collect$$libinit$$0000001F          0x08000218   Section        0  libinit2.o(.ARM.Collect$$libinit$$0000001F)
    .ARM.Collect$$libinit$$00000021          0x08000218   Section        0  libinit2.o(.ARM.Collect$$libinit$$00000021)
    .ARM.Collect$$libinit$$00000023          0x08000218   Section        0  libinit2.o(.ARM.Collect$$libinit$$00000023)
    .ARM.Collect$$libinit$$00000025          0x08000218   Section        0  libinit2.o(.ARM.Collect$$libinit$$00000025)
    .ARM.Collect$$libinit$$0000002C          0x08000218   Section        0  libinit2.o(.ARM.Collect$$libinit$$0000002C)
    .ARM.Collect$$libinit$$0000002E          0x08000218   Section        0  libinit2.o(.ARM.Collect$$libinit$$0000002E)
    .ARM.Collect$$libinit$$00000030          0x08000218   Section        0  libinit2.o(.ARM.Collect$$libinit$$00000030)
    .ARM.Collect$$libinit$$00000032          0x08000218   Section        0  libinit2.o(.ARM.Collect$$libinit$$00000032)
    .ARM.Collect$$libinit$$00000033          0x08000218   Section        2  libinit2.o(.ARM.Collect$$libinit$$00000033)
    .ARM.Collect$$libshutdown$$00000000      0x0800021a   Section        2  libshutdown.o(.ARM.Collect$$libshutdown$$00000000)
    .ARM.Collect$$libshutdown$$00000002      0x0800021c   Section        0  libshutdown2.o(.ARM.Collect$$libshutdown$$00000002)
    .ARM.Collect$$libshutdown$$00000004      0x0800021c   Section        0  libshutdown2.o(.ARM.Collect$$libshutdown$$00000004)
    .ARM.Collect$$libshutdown$$00000007      0x0800021c   Section        0  libshutdown2.o(.ARM.Collect$$libshutdown$$00000007)
    .ARM.Collect$$libshutdown$$0000000A      0x0800021c   Section        0  libshutdown2.o(.ARM.Collect$$libshutdown$$0000000A)
    .ARM.Collect$$libshutdown$$0000000C      0x0800021c   Section        0  libshutdown2.o(.ARM.Collect$$libshutdown$$0000000C)
    .ARM.Collect$$libshutdown$$0000000F      0x0800021c   Section        0  libshutdown2.o(.ARM.Collect$$libshutdown$$0000000F)
    .ARM.Collect$$libshutdown$$00000010      0x0800021c   Section        2  libshutdown2.o(.ARM.Collect$$libshutdown$$00000010)
    .ARM.Collect$$rtentry$$00000000          0x0800021e   Section        0  __rtentry.o(.ARM.Collect$$rtentry$$00000000)
    .ARM.Collect$$rtentry$$00000002          0x0800021e   Section        0  __rtentry2.o(.ARM.Collect$$rtentry$$00000002)
    .ARM.Collect$$rtentry$$00000004          0x0800021e   Section        6  __rtentry4.o(.ARM.Collect$$rtentry$$00000004)
    .ARM.Collect$$rtentry$$00000009          0x08000224   Section        0  __rtentry2.o(.ARM.Collect$$rtentry$$00000009)
    .ARM.Collect$$rtentry$$0000000A          0x08000224   Section        4  __rtentry2.o(.ARM.Collect$$rtentry$$0000000A)
    .ARM.Collect$$rtentry$$0000000C          0x08000228   Section        0  __rtentry2.o(.ARM.Collect$$rtentry$$0000000C)
    .ARM.Collect$$rtentry$$0000000D          0x08000228   Section        8  __rtentry2.o(.ARM.Collect$$rtentry$$0000000D)
    .ARM.Collect$$rtexit$$00000000           0x08000230   Section        2  rtexit.o(.ARM.Collect$$rtexit$$00000000)
    .ARM.Collect$$rtexit$$00000002           0x08000232   Section        0  rtexit2.o(.ARM.Collect$$rtexit$$00000002)
    .ARM.Collect$$rtexit$$00000003           0x08000232   Section        4  rtexit2.o(.ARM.Collect$$rtexit$$00000003)
    .ARM.Collect$$rtexit$$00000004           0x08000236   Section        6  rtexit2.o(.ARM.Collect$$rtexit$$00000004)
    .emb_text                                0x0800023c   Section      190  port.o(.emb_text)
    $v0                                      0x0800023c   Number         0  port.o(.emb_text)
    .text                                    0x080002fc   Section       64  startup_stm32f40_41xxx.o(.text)
    $v0                                      0x080002fc   Number         0  startup_stm32f40_41xxx.o(.text)
    .text                                    0x0800033c   Section        2  use_no_semi_2.o(.text)
    .text                                    0x08000340   Section        0  noretval__2printf.o(.text)
    .text                                    0x08000358   Section        0  noretval__2sprintf.o(.text)
    .text                                    0x08000380   Section        0  _printf_str.o(.text)
    .text                                    0x080003d4   Section        0  _printf_dec.o(.text)
    .text                                    0x0800044c   Section        0  _printf_hex_int.o(.text)
    .text                                    0x080004a4   Section        0  __printf_flags.o(.text)
    .text                                    0x08000538   Section      138  rt_memcpy_v6.o(.text)
    .text                                    0x080005c2   Section       16  aeabi_memset.o(.text)
    .text                                    0x080005d2   Section       78  rt_memclr_w.o(.text)
    .text                                    0x08000620   Section        0  heapauxi.o(.text)
    .text                                    0x08000626   Section        2  use_no_semi.o(.text)
    .text                                    0x08000628   Section        0  _printf_intcommon.o(.text)
    .text                                    0x080006dc   Section        0  _printf_char_common.o(.text)
    _printf_input_char                       0x080006dd   Thumb Code    10  _printf_char_common.o(.text)
    .text                                    0x0800070c   Section        0  _sputc.o(.text)
    .text                                    0x08000716   Section        0  _printf_char.o(.text)
    .text                                    0x08000744   Section        0  _printf_char_file.o(.text)
    .text                                    0x08000768   Section      100  rt_memcpy_w.o(.text)
    .text                                    0x080007cc   Section       68  rt_memclr.o(.text)
    .text                                    0x08000810   Section        0  ferror.o(.text)
    .text                                    0x08000818   Section       74  sys_stackheap_outer.o(.text)
    .text                                    0x08000862   Section        0  exit.o(.text)
    .text                                    0x08000874   Section        8  libspace.o(.text)
    i.BusFault_Handler                       0x0800087c   Section        0  stm32f4xx_it.o(i.BusFault_Handler)
    i.DebugMon_Handler                       0x08000880   Section        0  stm32f4xx_it.o(i.DebugMon_Handler)
    i.GPIO_Init                              0x08000882   Section        0  stm32f4xx_gpio.o(i.GPIO_Init)
    i.GPIO_PinAFConfig                       0x08000912   Section        0  stm32f4xx_gpio.o(i.GPIO_PinAFConfig)
    i.GPIO_ReadInputDataBit                  0x08000958   Section        0  stm32f4xx_gpio.o(i.GPIO_ReadInputDataBit)
    i.GPIO_SetBits                           0x0800096a   Section        0  stm32f4xx_gpio.o(i.GPIO_SetBits)
    i.HardFault_Handler                      0x0800096e   Section        0  stm32f4xx_it.o(i.HardFault_Handler)
    i.KEY_Init                               0x08000974   Section        0  key.o(i.KEY_Init)
    i.KEY_Scan                               0x080009b8   Section        0  key.o(i.KEY_Scan)
    i.LED_Init                               0x08000a80   Section        0  led.o(i.LED_Init)
    i.MemManage_Handler                      0x08000abc   Section        0  stm32f4xx_it.o(i.MemManage_Handler)
    i.NMI_Handler                            0x08000ac0   Section        0  stm32f4xx_it.o(i.NMI_Handler)
    i.NVIC_Init                              0x08000ac4   Section        0  misc.o(i.NVIC_Init)
    i.NVIC_PriorityGroupConfig               0x08000b3c   Section        0  misc.o(i.NVIC_PriorityGroupConfig)
    i.RCC_AHB1PeriphClockCmd                 0x08000b50   Section        0  stm32f4xx_rcc.o(i.RCC_AHB1PeriphClockCmd)
    i.RCC_APB2PeriphClockCmd                 0x08000b70   Section        0  stm32f4xx_rcc.o(i.RCC_APB2PeriphClockCmd)
    i.RCC_GetClocksFreq                      0x08000b90   Section        0  stm32f4xx_rcc.o(i.RCC_GetClocksFreq)
    i.SetSysClock                            0x08000c78   Section        0  system_stm32f4xx.o(i.SetSysClock)
    SetSysClock                              0x08000c79   Thumb Code   220  system_stm32f4xx.o(i.SetSysClock)
    i.StartTask                              0x08000d64   Section        0  main.o(i.StartTask)
    i.SysTick_CLKSourceConfig                0x08000da8   Section        0  misc.o(i.SysTick_CLKSourceConfig)
    i.SysTick_Handler                        0x08000dd0   Section        0  port.o(i.SysTick_Handler)
    i.SystemInit                             0x08000e04   Section        0  system_stm32f4xx.o(i.SystemInit)
    i.USART1_IRQHandler                      0x08000e6c   Section        0  usart.o(i.USART1_IRQHandler)
    i.USART_Cmd                              0x08000ef4   Section        0  stm32f4xx_usart.o(i.USART_Cmd)
    i.USART_GetITStatus                      0x08000f0c   Section        0  stm32f4xx_usart.o(i.USART_GetITStatus)
    i.USART_ITConfig                         0x08000f60   Section        0  stm32f4xx_usart.o(i.USART_ITConfig)
    i.USART_Init                             0x08000fac   Section        0  stm32f4xx_usart.o(i.USART_Init)
    i.USART_ReceiveData                      0x08001080   Section        0  stm32f4xx_usart.o(i.USART_ReceiveData)
    i.UsageFault_Handler                     0x0800108a   Section        0  stm32f4xx_it.o(i.UsageFault_Handler)
    i._sys_exit                              0x0800108e   Section        0  usart.o(i._sys_exit)
    i.delay_init                             0x08001094   Section        0  delay.o(i.delay_init)
    i.delay_ms                               0x080010d8   Section        0  delay.o(i.delay_ms)
    i.delay_us                               0x08001118   Section        0  delay.o(i.delay_us)
    i.fputc                                  0x08001160   Section        0  usart.o(i.fputc)
    i.main                                   0x0800117c   Section        0  main.o(i.main)
    i.mallocTask                             0x080011cc   Section        0  main.o(i.mallocTask)
    i.prvAddCurrentTaskToDelayedList         0x080012c0   Section        0  tasks.o(i.prvAddCurrentTaskToDelayedList)
    prvAddCurrentTaskToDelayedList           0x080012c1   Thumb Code   124  tasks.o(i.prvAddCurrentTaskToDelayedList)
    i.prvAddNewTaskToReadyList               0x08001358   Section        0  tasks.o(i.prvAddNewTaskToReadyList)
    prvAddNewTaskToReadyList                 0x08001359   Thumb Code   156  tasks.o(i.prvAddNewTaskToReadyList)
    i.prvCheckForValidListAndQueue           0x08001410   Section        0  timers.o(i.prvCheckForValidListAndQueue)
    prvCheckForValidListAndQueue             0x08001411   Thumb Code    72  timers.o(i.prvCheckForValidListAndQueue)
    i.prvCheckTasksWaitingTermination        0x08001474   Section        0  tasks.o(i.prvCheckTasksWaitingTermination)
    prvCheckTasksWaitingTermination          0x08001475   Thumb Code    60  tasks.o(i.prvCheckTasksWaitingTermination)
    i.prvCopyDataFromQueue                   0x080014bc   Section        0  queue.o(i.prvCopyDataFromQueue)
    prvCopyDataFromQueue                     0x080014bd   Thumb Code    42  queue.o(i.prvCopyDataFromQueue)
    i.prvCopyDataToQueue                     0x080014e6   Section        0  queue.o(i.prvCopyDataToQueue)
    prvCopyDataToQueue                       0x080014e7   Thumb Code   126  queue.o(i.prvCopyDataToQueue)
    i.prvDeleteTCB                           0x08001564   Section        0  tasks.o(i.prvDeleteTCB)
    prvDeleteTCB                             0x08001565   Thumb Code    18  tasks.o(i.prvDeleteTCB)
    i.prvGetNextExpireTime                   0x08001578   Section        0  timers.o(i.prvGetNextExpireTime)
    prvGetNextExpireTime                     0x08001579   Thumb Code    36  timers.o(i.prvGetNextExpireTime)
    i.prvHeapInit                            0x080015a0   Section        0  heap_4.o(i.prvHeapInit)
    prvHeapInit                              0x080015a1   Thumb Code    98  heap_4.o(i.prvHeapInit)
    i.prvIdleTask                            0x0800161c   Section        0  tasks.o(i.prvIdleTask)
    prvIdleTask                              0x0800161d   Thumb Code    32  tasks.o(i.prvIdleTask)
    i.prvInitialiseNewQueue                  0x08001644   Section        0  queue.o(i.prvInitialiseNewQueue)
    prvInitialiseNewQueue                    0x08001645   Thumb Code    42  queue.o(i.prvInitialiseNewQueue)
    i.prvInitialiseNewTask                   0x0800166e   Section        0  tasks.o(i.prvInitialiseNewTask)
    prvInitialiseNewTask                     0x0800166f   Thumb Code   190  tasks.o(i.prvInitialiseNewTask)
    i.prvInitialiseTaskLists                 0x0800172c   Section        0  tasks.o(i.prvInitialiseTaskLists)
    prvInitialiseTaskLists                   0x0800172d   Thumb Code    70  tasks.o(i.prvInitialiseTaskLists)
    i.prvInsertBlockIntoFreeList             0x08001794   Section        0  heap_4.o(i.prvInsertBlockIntoFreeList)
    prvInsertBlockIntoFreeList               0x08001795   Thumb Code    96  heap_4.o(i.prvInsertBlockIntoFreeList)
    i.prvInsertTimerInActiveList             0x080017fc   Section        0  timers.o(i.prvInsertTimerInActiveList)
    prvInsertTimerInActiveList               0x080017fd   Thumb Code    80  timers.o(i.prvInsertTimerInActiveList)
    i.prvIsQueueEmpty                        0x08001854   Section        0  queue.o(i.prvIsQueueEmpty)
    prvIsQueueEmpty                          0x08001855   Thumb Code    26  queue.o(i.prvIsQueueEmpty)
    i.prvIsQueueFull                         0x0800186e   Section        0  queue.o(i.prvIsQueueFull)
    prvIsQueueFull                           0x0800186f   Thumb Code    30  queue.o(i.prvIsQueueFull)
    i.prvProcessExpiredTimer                 0x0800188c   Section        0  timers.o(i.prvProcessExpiredTimer)
    prvProcessExpiredTimer                   0x0800188d   Thumb Code   110  timers.o(i.prvProcessExpiredTimer)
    i.prvProcessReceivedCommands             0x08001900   Section        0  timers.o(i.prvProcessReceivedCommands)
    prvProcessReceivedCommands               0x08001901   Thumb Code   308  timers.o(i.prvProcessReceivedCommands)
    i.prvProcessTimerOrBlockTask             0x08001a38   Section        0  timers.o(i.prvProcessTimerOrBlockTask)
    prvProcessTimerOrBlockTask               0x08001a39   Thumb Code   102  timers.o(i.prvProcessTimerOrBlockTask)
    i.prvResetNextTaskUnblockTime            0x08001aac   Section        0  tasks.o(i.prvResetNextTaskUnblockTime)
    prvResetNextTaskUnblockTime              0x08001aad   Thumb Code    42  tasks.o(i.prvResetNextTaskUnblockTime)
    i.prvSampleTimeNow                       0x08001ae0   Section        0  timers.o(i.prvSampleTimeNow)
    prvSampleTimeNow                         0x08001ae1   Thumb Code    40  timers.o(i.prvSampleTimeNow)
    i.prvSwitchTimerLists                    0x08001b0c   Section        0  timers.o(i.prvSwitchTimerLists)
    prvSwitchTimerLists                      0x08001b0d   Thumb Code   154  timers.o(i.prvSwitchTimerLists)
    i.prvTaskExitError                       0x08001bb0   Section        0  port.o(i.prvTaskExitError)
    prvTaskExitError                         0x08001bb1   Thumb Code    60  port.o(i.prvTaskExitError)
    i.prvTimerTask                           0x08001bf0   Section        0  timers.o(i.prvTimerTask)
    prvTimerTask                             0x08001bf1   Thumb Code    26  timers.o(i.prvTimerTask)
    i.prvUnlockQueue                         0x08001c0a   Section        0  queue.o(i.prvUnlockQueue)
    prvUnlockQueue                           0x08001c0b   Thumb Code   126  queue.o(i.prvUnlockQueue)
    i.pvPortMalloc                           0x08001c88   Section        0  heap_4.o(i.pvPortMalloc)
    i.pxPortInitialiseStack                  0x08001dd4   Section        0  port.o(i.pxPortInitialiseStack)
    i.uart_init                              0x08001e00   Section        0  usart.o(i.uart_init)
    i.uxListRemove                           0x08001eac   Section        0  list.o(i.uxListRemove)
    i.vListInitialise                        0x08001ed4   Section        0  list.o(i.vListInitialise)
    i.vListInitialiseItem                    0x08001eee   Section        0  list.o(i.vListInitialiseItem)
    i.vListInsert                            0x08001ef4   Section        0  list.o(i.vListInsert)
    i.vListInsertEnd                         0x08001f28   Section        0  list.o(i.vListInsertEnd)
    i.vPortEnterCritical                     0x08001f40   Section        0  port.o(i.vPortEnterCritical)
    i.vPortExitCritical                      0x08001f94   Section        0  port.o(i.vPortExitCritical)
    i.vPortFree                              0x08001fd0   Section        0  heap_4.o(i.vPortFree)
    i.vPortSetupTimerInterrupt               0x08002074   Section        0  port.o(i.vPortSetupTimerInterrupt)
    i.vPortValidateInterruptPriority         0x0800209c   Section        0  port.o(i.vPortValidateInterruptPriority)
    i.vQueueAddToRegistry                    0x08002114   Section        0  queue.o(i.vQueueAddToRegistry)
    i.vQueueWaitForMessageRestricted         0x08002140   Section        0  queue.o(i.vQueueWaitForMessageRestricted)
    i.vTaskDelay                             0x0800218c   Section        0  tasks.o(i.vTaskDelay)
    i.vTaskDelete                            0x080021e8   Section        0  tasks.o(i.vTaskDelete)
    i.vTaskInternalSetTimeOutState           0x080022dc   Section        0  tasks.o(i.vTaskInternalSetTimeOutState)
    i.vTaskMissedYield                       0x080022f4   Section        0  tasks.o(i.vTaskMissedYield)
    i.vTaskPlaceOnEventList                  0x08002300   Section        0  tasks.o(i.vTaskPlaceOnEventList)
    i.vTaskPlaceOnEventListRestricted        0x08002338   Section        0  tasks.o(i.vTaskPlaceOnEventListRestricted)
    i.vTaskStartScheduler                    0x08002378   Section        0  tasks.o(i.vTaskStartScheduler)
    i.vTaskSuspendAll                        0x0800240c   Section        0  tasks.o(i.vTaskSuspendAll)
    i.vTaskSwitchContext                     0x0800241c   Section        0  tasks.o(i.vTaskSwitchContext)
    i.xPortGetFreeHeapSize                   0x080024a8   Section        0  heap_4.o(i.xPortGetFreeHeapSize)
    i.xPortStartScheduler                    0x080024b4   Section        0  port.o(i.xPortStartScheduler)
    i.xQueueGenericCreate                    0x0800261c   Section        0  queue.o(i.xQueueGenericCreate)
    i.xQueueGenericReset                     0x08002670   Section        0  queue.o(i.xQueueGenericReset)
    i.xQueueGenericSend                      0x08002708   Section        0  queue.o(i.xQueueGenericSend)
    i.xQueueGenericSendFromISR               0x080028b0   Section        0  queue.o(i.xQueueGenericSendFromISR)
    i.xQueueReceive                          0x080029ac   Section        0  queue.o(i.xQueueReceive)
    i.xTaskCheckForTimeOut                   0x08002b14   Section        0  tasks.o(i.xTaskCheckForTimeOut)
    i.xTaskCreate                            0x08002ba0   Section        0  tasks.o(i.xTaskCreate)
    i.xTaskGetSchedulerState                 0x08002c00   Section        0  tasks.o(i.xTaskGetSchedulerState)
    i.xTaskGetTickCount                      0x08002c20   Section        0  tasks.o(i.xTaskGetTickCount)
    i.xTaskIncrementTick                     0x08002c2c   Section        0  tasks.o(i.xTaskIncrementTick)
    i.xTaskPriorityDisinherit                0x08002d74   Section        0  tasks.o(i.xTaskPriorityDisinherit)
    i.xTaskRemoveFromEventList               0x08002e3c   Section        0  tasks.o(i.xTaskRemoveFromEventList)
    i.xTaskResumeAll                         0x08002ed4   Section        0  tasks.o(i.xTaskResumeAll)
    i.xTimerCreateTimerTask                  0x08002fd8   Section        0  timers.o(i.xTimerCreateTimerTask)
    i.xTimerGenericCommand                   0x08003030   Section        0  timers.o(i.xTimerGenericCommand)
    x$fpl$fpinit                             0x080030b4   Section       10  fpinit.o(x$fpl$fpinit)
    $v0                                      0x080030b4   Number         0  fpinit.o(x$fpl$fpinit)
    .constdata                               0x080030be   Section       40  _printf_hex_int.o(.constdata)
    uc_hextab                                0x080030be   Data          20  _printf_hex_int.o(.constdata)
    lc_hextab                                0x080030d2   Data          20  _printf_hex_int.o(.constdata)
    .constdata                               0x080030e6   Section       17  __printf_flags.o(.constdata)
    maptable                                 0x080030e6   Data          17  __printf_flags.o(.constdata)
    .data                                    0x20000000   Section        8  main.o(.data)
    .data                                    0x20000008   Section       20  system_stm32f4xx.o(.data)
    .data                                    0x2000001c   Section        1  key.o(.data)
    key_up                                   0x2000001c   Data           1  key.o(.data)
    .data                                    0x2000001e   Section        4  delay.o(.data)
    fac_us                                   0x2000001e   Data           1  delay.o(.data)
    fac_ms                                   0x20000020   Data           2  delay.o(.data)
    .data                                    0x20000024   Section        6  usart.o(.data)
    .data                                    0x2000002a   Section       16  stm32f4xx_rcc.o(.data)
    APBAHBPrescTable                         0x2000002a   Data          16  stm32f4xx_rcc.o(.data)
    .data                                    0x2000003c   Section       60  tasks.o(.data)
    pxDelayedTaskList                        0x20000040   Data           4  tasks.o(.data)
    pxOverflowDelayedTaskList                0x20000044   Data           4  tasks.o(.data)
    uxDeletedTasksWaitingCleanUp             0x20000048   Data           4  tasks.o(.data)
    uxCurrentNumberOfTasks                   0x2000004c   Data           4  tasks.o(.data)
    xTickCount                               0x20000050   Data           4  tasks.o(.data)
    uxTopReadyPriority                       0x20000054   Data           4  tasks.o(.data)
    xSchedulerRunning                        0x20000058   Data           4  tasks.o(.data)
    xPendedTicks                             0x2000005c   Data           4  tasks.o(.data)
    xYieldPending                            0x20000060   Data           4  tasks.o(.data)
    xNumOfOverflows                          0x20000064   Data           4  tasks.o(.data)
    uxTaskNumber                             0x20000068   Data           4  tasks.o(.data)
    xNextTaskUnblockTime                     0x2000006c   Data           4  tasks.o(.data)
    xIdleTaskHandle                          0x20000070   Data           4  tasks.o(.data)
    uxSchedulerSuspended                     0x20000074   Data           4  tasks.o(.data)
    .data                                    0x20000078   Section       20  timers.o(.data)
    pxCurrentTimerList                       0x20000078   Data           4  timers.o(.data)
    pxOverflowTimerList                      0x2000007c   Data           4  timers.o(.data)
    xTimerQueue                              0x20000080   Data           4  timers.o(.data)
    xTimerTaskHandle                         0x20000084   Data           4  timers.o(.data)
    xLastTime                                0x20000088   Data           4  timers.o(.data)
    .data                                    0x2000008c   Section       12  port.o(.data)
    uxCriticalNesting                        0x2000008c   Data           4  port.o(.data)
    ucMaxSysCallPriority                     0x20000090   Data           1  port.o(.data)
    ulMaxPRIGROUPValue                       0x20000094   Data           4  port.o(.data)
    .data                                    0x20000098   Section       32  heap_4.o(.data)
    xStart                                   0x20000098   Data           8  heap_4.o(.data)
    pxEnd                                    0x200000a0   Data           4  heap_4.o(.data)
    xFreeBytesRemaining                      0x200000a4   Data           4  heap_4.o(.data)
    xMinimumEverFreeBytesRemaining           0x200000a8   Data           4  heap_4.o(.data)
    xNumberOfSuccessfulAllocations           0x200000ac   Data           4  heap_4.o(.data)
    xNumberOfSuccessfulFrees                 0x200000b0   Data           4  heap_4.o(.data)
    xBlockAllocatedBit                       0x200000b4   Data           4  heap_4.o(.data)
    .bss                                     0x200000b8   Section      200  usart.o(.bss)
    .bss                                     0x20000180   Section       64  queue.o(.bss)
    .bss                                     0x200001c0   Section      200  tasks.o(.bss)
    pxReadyTasksLists                        0x200001c0   Data         100  tasks.o(.bss)
    xDelayedTaskList1                        0x20000224   Data          20  tasks.o(.bss)
    xDelayedTaskList2                        0x20000238   Data          20  tasks.o(.bss)
    xPendingReadyList                        0x2000024c   Data          20  tasks.o(.bss)
    xTasksWaitingTermination                 0x20000260   Data          20  tasks.o(.bss)
    xSuspendedTaskList                       0x20000274   Data          20  tasks.o(.bss)
    .bss                                     0x20000288   Section       40  timers.o(.bss)
    xActiveTimerList1                        0x20000288   Data          20  timers.o(.bss)
    xActiveTimerList2                        0x2000029c   Data          20  timers.o(.bss)
    .bss                                     0x200002b0   Section    76800  heap_4.o(.bss)
    ucHeap                                   0x200002b0   Data       76800  heap_4.o(.bss)
    .bss                                     0x20012eb0   Section       96  libspace.o(.bss)
    HEAP                                     0x20012f10   Section      512  startup_stm32f40_41xxx.o(HEAP)
    Heap_Mem                                 0x20012f10   Data         512  startup_stm32f40_41xxx.o(HEAP)
    STACK                                    0x20013110   Section     1024  startup_stm32f40_41xxx.o(STACK)
    Stack_Mem                                0x20013110   Data        1024  startup_stm32f40_41xxx.o(STACK)
    __initial_sp                             0x20013510   Data           0  startup_stm32f40_41xxx.o(STACK)

    Global Symbols

    Symbol Name                              Value     Ov Type        Size  Object(Section)

    BuildAttributes$$THM_ISAv4$E$P$D$K$B$S$7EM$VFPi3$EXTD16$VFPS$VFMA$PE$A:L22UL41UL21$X:L11$S22US41US21$IEEE1$IW$USESV6$~STKCKD$USESV7$~SHL$OSPACE$ROPI$EBA8$UX$STANDARDLIB$REQ8$PRES8$EABIv2 0x00000000   Number         0  anon$$obj.o ABSOLUTE
    __ARM_use_no_argv                        0x00000000   Number         0  main.o ABSOLUTE
    _printf_flags                            0x00000000   Number         0  printf_stubs.o ABSOLUTE
    _printf_return_value                     0x00000000   Number         0  printf_stubs.o ABSOLUTE
    _printf_sizespec                         0x00000000   Number         0  printf_stubs.o ABSOLUTE
    _printf_widthprec                        0x00000000   Number         0  printf_stubs.o ABSOLUTE
    __ARM_exceptions_init                     - Undefined Weak Reference
    __alloca_initialize                       - Undefined Weak Reference
    __arm_preinit_                            - Undefined Weak Reference
    __cpp_initialize__aeabi_                  - Undefined Weak Reference
    __cxa_finalize                            - Undefined Weak Reference
    __rt_locale                               - Undefined Weak Reference
    __sigvec_lookup                           - Undefined Weak Reference
    _atexit_init                              - Undefined Weak Reference
    _call_atexit_fns                          - Undefined Weak Reference
    _clock_init                               - Undefined Weak Reference
    _fp_trap_init                             - Undefined Weak Reference
    _fp_trap_shutdown                         - Undefined Weak Reference
    _get_lc_collate                           - Undefined Weak Reference
    _get_lc_ctype                             - Undefined Weak Reference
    _get_lc_monetary                          - Undefined Weak Reference
    _get_lc_numeric                           - Undefined Weak Reference
    _get_lc_time                              - Undefined Weak Reference
    _getenv_init                              - Undefined Weak Reference
    _handle_redirection                       - Undefined Weak Reference
    _init_alloc                               - Undefined Weak Reference
    _init_user_alloc                          - Undefined Weak Reference
    _initio                                   - Undefined Weak Reference
    _mutex_acquire                            - Undefined Weak Reference
    _mutex_release                            - Undefined Weak Reference
    _printf_mbtowc                            - Undefined Weak Reference
    _printf_post_padding                      - Undefined Weak Reference
    _printf_pre_padding                       - Undefined Weak Reference
    _printf_truncate_signed                   - Undefined Weak Reference
    _printf_truncate_unsigned                 - Undefined Weak Reference
    _rand_init                                - Undefined Weak Reference
    _signal_finish                            - Undefined Weak Reference
    _signal_init                              - Undefined Weak Reference
    _terminate_alloc                          - Undefined Weak Reference
    _terminate_user_alloc                     - Undefined Weak Reference
    _terminateio                              - Undefined Weak Reference
    __Vectors_Size                           0x00000188   Number         0  startup_stm32f40_41xxx.o ABSOLUTE
    __Vectors                                0x08000000   Data           4  startup_stm32f40_41xxx.o(RESET)
    __Vectors_End                            0x08000188   Data           0  startup_stm32f40_41xxx.o(RESET)
    __main                                   0x08000189   Thumb Code     8  __main.o(!!!main)
    __scatterload                            0x08000191   Thumb Code     0  __scatter.o(!!!scatter)
    __scatterload_rt2                        0x08000191   Thumb Code    44  __scatter.o(!!!scatter)
    __scatterload_rt2_thumb_only             0x08000191   Thumb Code     0  __scatter.o(!!!scatter)
    __scatterload_null                       0x0800019f   Thumb Code     0  __scatter.o(!!!scatter)
    __scatterload_copy                       0x080001c5   Thumb Code    26  __scatter_copy.o(!!handler_copy)
    __scatterload_zeroinit                   0x080001e1   Thumb Code    28  __scatter_zi.o(!!handler_zi)
    _printf_d                                0x080001fd   Thumb Code     0  _printf_d.o(.ARM.Collect$$_printf_percent$$00000009)
    _printf_percent                          0x080001fd   Thumb Code     0  _printf_percent.o(.ARM.Collect$$_printf_percent$$00000000)
    _printf_x                                0x08000203   Thumb Code     0  _printf_x.o(.ARM.Collect$$_printf_percent$$0000000C)
    _printf_s                                0x08000209   Thumb Code     0  _printf_s.o(.ARM.Collect$$_printf_percent$$00000014)
    _printf_percent_end                      0x0800020f   Thumb Code     0  _printf_percent_end.o(.ARM.Collect$$_printf_percent$$00000017)
    __rt_lib_init                            0x08000213   Thumb Code     0  libinit.o(.ARM.Collect$$libinit$$00000000)
    __rt_lib_init_fp_1                       0x08000215   Thumb Code     0  libinit2.o(.ARM.Collect$$libinit$$00000001)
    __rt_lib_init_alloca_1                   0x08000219   Thumb Code     0  libinit2.o(.ARM.Collect$$libinit$$0000002E)
    __rt_lib_init_argv_1                     0x08000219   Thumb Code     0  libinit2.o(.ARM.Collect$$libinit$$0000002C)
    __rt_lib_init_atexit_1                   0x08000219   Thumb Code     0  libinit2.o(.ARM.Collect$$libinit$$0000001B)
    __rt_lib_init_clock_1                    0x08000219   Thumb Code     0  libinit2.o(.ARM.Collect$$libinit$$00000021)
    __rt_lib_init_cpp_1                      0x08000219   Thumb Code     0  libinit2.o(.ARM.Collect$$libinit$$00000032)
    __rt_lib_init_exceptions_1               0x08000219   Thumb Code     0  libinit2.o(.ARM.Collect$$libinit$$00000030)
    __rt_lib_init_fp_trap_1                  0x08000219   Thumb Code     0  libinit2.o(.ARM.Collect$$libinit$$0000001F)
    __rt_lib_init_getenv_1                   0x08000219   Thumb Code     0  libinit2.o(.ARM.Collect$$libinit$$00000023)
    __rt_lib_init_heap_1                     0x08000219   Thumb Code     0  libinit2.o(.ARM.Collect$$libinit$$0000000A)
    __rt_lib_init_lc_collate_1               0x08000219   Thumb Code     0  libinit2.o(.ARM.Collect$$libinit$$00000011)
    __rt_lib_init_lc_ctype_1                 0x08000219   Thumb Code     0  libinit2.o(.ARM.Collect$$libinit$$00000013)
    __rt_lib_init_lc_monetary_1              0x08000219   Thumb Code     0  libinit2.o(.ARM.Collect$$libinit$$00000015)
    __rt_lib_init_lc_numeric_1               0x08000219   Thumb Code     0  libinit2.o(.ARM.Collect$$libinit$$00000017)
    __rt_lib_init_lc_time_1                  0x08000219   Thumb Code     0  libinit2.o(.ARM.Collect$$libinit$$00000019)
    __rt_lib_init_preinit_1                  0x08000219   Thumb Code     0  libinit2.o(.ARM.Collect$$libinit$$00000004)
    __rt_lib_init_rand_1                     0x08000219   Thumb Code     0  libinit2.o(.ARM.Collect$$libinit$$0000000E)
    __rt_lib_init_return                     0x08000219   Thumb Code     0  libinit2.o(.ARM.Collect$$libinit$$00000033)
    __rt_lib_init_signal_1                   0x08000219   Thumb Code     0  libinit2.o(.ARM.Collect$$libinit$$0000001D)
    __rt_lib_init_stdio_1                    0x08000219   Thumb Code     0  libinit2.o(.ARM.Collect$$libinit$$00000025)
    __rt_lib_init_user_alloc_1               0x08000219   Thumb Code     0  libinit2.o(.ARM.Collect$$libinit$$0000000C)
    __rt_lib_shutdown                        0x0800021b   Thumb Code     0  libshutdown.o(.ARM.Collect$$libshutdown$$00000000)
    __rt_lib_shutdown_cpp_1                  0x0800021d   Thumb Code     0  libshutdown2.o(.ARM.Collect$$libshutdown$$00000002)
    __rt_lib_shutdown_fp_trap_1              0x0800021d   Thumb Code     0  libshutdown2.o(.ARM.Collect$$libshutdown$$00000007)
    __rt_lib_shutdown_heap_1                 0x0800021d   Thumb Code     0  libshutdown2.o(.ARM.Collect$$libshutdown$$0000000F)
    __rt_lib_shutdown_return                 0x0800021d   Thumb Code     0  libshutdown2.o(.ARM.Collect$$libshutdown$$00000010)
    __rt_lib_shutdown_signal_1               0x0800021d   Thumb Code     0  libshutdown2.o(.ARM.Collect$$libshutdown$$0000000A)
    __rt_lib_shutdown_stdio_1                0x0800021d   Thumb Code     0  libshutdown2.o(.ARM.Collect$$libshutdown$$00000004)
    __rt_lib_shutdown_user_alloc_1           0x0800021d   Thumb Code     0  libshutdown2.o(.ARM.Collect$$libshutdown$$0000000C)
    __rt_entry                               0x0800021f   Thumb Code     0  __rtentry.o(.ARM.Collect$$rtentry$$00000000)
    __rt_entry_presh_1                       0x0800021f   Thumb Code     0  __rtentry2.o(.ARM.Collect$$rtentry$$00000002)
    __rt_entry_sh                            0x0800021f   Thumb Code     0  __rtentry4.o(.ARM.Collect$$rtentry$$00000004)
    __rt_entry_li                            0x08000225   Thumb Code     0  __rtentry2.o(.ARM.Collect$$rtentry$$0000000A)
    __rt_entry_postsh_1                      0x08000225   Thumb Code     0  __rtentry2.o(.ARM.Collect$$rtentry$$00000009)
    __rt_entry_main                          0x08000229   Thumb Code     0  __rtentry2.o(.ARM.Collect$$rtentry$$0000000D)
    __rt_entry_postli_1                      0x08000229   Thumb Code     0  __rtentry2.o(.ARM.Collect$$rtentry$$0000000C)
    __rt_exit                                0x08000231   Thumb Code     0  rtexit.o(.ARM.Collect$$rtexit$$00000000)
    __rt_exit_ls                             0x08000233   Thumb Code     0  rtexit2.o(.ARM.Collect$$rtexit$$00000003)
    __rt_exit_prels_1                        0x08000233   Thumb Code     0  rtexit2.o(.ARM.Collect$$rtexit$$00000002)
    __rt_exit_exit                           0x08000237   Thumb Code     0  rtexit2.o(.ARM.Collect$$rtexit$$00000004)
    SVC_Handler                              0x0800023d   Thumb Code    28  port.o(.emb_text)
    __asm___6_port_c_39a90d8d__prvStartFirstTask 0x0800025d   Thumb Code    36  port.o(.emb_text)
    __asm___6_port_c_39a90d8d__prvEnableVFP  0x08000285   Thumb Code    16  port.o(.emb_text)
    PendSV_Handler                           0x08000299   Thumb Code    88  port.o(.emb_text)
    vPortGetIPSR                             0x080002f5   Thumb Code     6  port.o(.emb_text)
    Reset_Handler                            0x080002fd   Thumb Code     8  startup_stm32f40_41xxx.o(.text)
    ADC_IRQHandler                           0x08000317   Thumb Code     0  startup_stm32f40_41xxx.o(.text)
    CAN1_RX0_IRQHandler                      0x08000317   Thumb Code     0  startup_stm32f40_41xxx.o(.text)
    CAN1_RX1_IRQHandler                      0x08000317   Thumb Code     0  startup_stm32f40_41xxx.o(.text)
    CAN1_SCE_IRQHandler                      0x08000317   Thumb Code     0  startup_stm32f40_41xxx.o(.text)
    CAN1_TX_IRQHandler                       0x08000317   Thumb Code     0  startup_stm32f40_41xxx.o(.text)
    CAN2_RX0_IRQHandler                      0x08000317   Thumb Code     0  startup_stm32f40_41xxx.o(.text)
    CAN2_RX1_IRQHandler                      0x08000317   Thumb Code     0  startup_stm32f40_41xxx.o(.text)
    CAN2_SCE_IRQHandler                      0x08000317   Thumb Code     0  startup_stm32f40_41xxx.o(.text)
    CAN2_TX_IRQHandler                       0x08000317   Thumb Code     0  startup_stm32f40_41xxx.o(.text)
    CRYP_IRQHandler                          0x08000317   Thumb Code     0  startup_stm32f40_41xxx.o(.text)
    DCMI_IRQHandler                          0x08000317   Thumb Code     0  startup_stm32f40_41xxx.o(.text)
    DMA1_Stream0_IRQHandler                  0x08000317   Thumb Code     0  startup_stm32f40_41xxx.o(.text)
    DMA1_Stream1_IRQHandler                  0x08000317   Thumb Code     0  startup_stm32f40_41xxx.o(.text)
    DMA1_Stream2_IRQHandler                  0x08000317   Thumb Code     0  startup_stm32f40_41xxx.o(.text)
    DMA1_Stream3_IRQHandler                  0x08000317   Thumb Code     0  startup_stm32f40_41xxx.o(.text)
    DMA1_Stream4_IRQHandler                  0x08000317   Thumb Code     0  startup_stm32f40_41xxx.o(.text)
    DMA1_Stream5_IRQHandler                  0x08000317   Thumb Code     0  startup_stm32f40_41xxx.o(.text)
    DMA1_Stream6_IRQHandler                  0x08000317   Thumb Code     0  startup_stm32f40_41xxx.o(.text)
    DMA1_Stream7_IRQHandler                  0x08000317   Thumb Code     0  startup_stm32f40_41xxx.o(.text)
    DMA2_Stream0_IRQHandler                  0x08000317   Thumb Code     0  startup_stm32f40_41xxx.o(.text)
    DMA2_Stream1_IRQHandler                  0x08000317   Thumb Code     0  startup_stm32f40_41xxx.o(.text)
    DMA2_Stream2_IRQHandler                  0x08000317   Thumb Code     0  startup_stm32f40_41xxx.o(.text)
    DMA2_Stream3_IRQHandler                  0x08000317   Thumb Code     0  startup_stm32f40_41xxx.o(.text)
    DMA2_Stream4_IRQHandler                  0x08000317   Thumb Code     0  startup_stm32f40_41xxx.o(.text)
    DMA2_Stream5_IRQHandler                  0x08000317   Thumb Code     0  startup_stm32f40_41xxx.o(.text)
    DMA2_Stream6_IRQHandler                  0x08000317   Thumb Code     0  startup_stm32f40_41xxx.o(.text)
    DMA2_Stream7_IRQHandler                  0x08000317   Thumb Code     0  startup_stm32f40_41xxx.o(.text)
    ETH_IRQHandler                           0x08000317   Thumb Code     0  startup_stm32f40_41xxx.o(.text)
    ETH_WKUP_IRQHandler                      0x08000317   Thumb Code     0  startup_stm32f40_41xxx.o(.text)
    EXTI0_IRQHandler                         0x08000317   Thumb Code     0  startup_stm32f40_41xxx.o(.text)
    EXTI15_10_IRQHandler                     0x08000317   Thumb Code     0  startup_stm32f40_41xxx.o(.text)
    EXTI1_IRQHandler                         0x08000317   Thumb Code     0  startup_stm32f40_41xxx.o(.text)
    EXTI2_IRQHandler                         0x08000317   Thumb Code     0  startup_stm32f40_41xxx.o(.text)
    EXTI3_IRQHandler                         0x08000317   Thumb Code     0  startup_stm32f40_41xxx.o(.text)
    EXTI4_IRQHandler                         0x08000317   Thumb Code     0  startup_stm32f40_41xxx.o(.text)
    EXTI9_5_IRQHandler                       0x08000317   Thumb Code     0  startup_stm32f40_41xxx.o(.text)
    FLASH_IRQHandler                         0x08000317   Thumb Code     0  startup_stm32f40_41xxx.o(.text)
    FPU_IRQHandler                           0x08000317   Thumb Code     0  startup_stm32f40_41xxx.o(.text)
    FSMC_IRQHandler                          0x08000317   Thumb Code     0  startup_stm32f40_41xxx.o(.text)
    HASH_RNG_IRQHandler                      0x08000317   Thumb Code     0  startup_stm32f40_41xxx.o(.text)
    I2C1_ER_IRQHandler                       0x08000317   Thumb Code     0  startup_stm32f40_41xxx.o(.text)
    I2C1_EV_IRQHandler                       0x08000317   Thumb Code     0  startup_stm32f40_41xxx.o(.text)
    I2C2_ER_IRQHandler                       0x08000317   Thumb Code     0  startup_stm32f40_41xxx.o(.text)
    I2C2_EV_IRQHandler                       0x08000317   Thumb Code     0  startup_stm32f40_41xxx.o(.text)
    I2C3_ER_IRQHandler                       0x08000317   Thumb Code     0  startup_stm32f40_41xxx.o(.text)
    I2C3_EV_IRQHandler                       0x08000317   Thumb Code     0  startup_stm32f40_41xxx.o(.text)
    OTG_FS_IRQHandler                        0x08000317   Thumb Code     0  startup_stm32f40_41xxx.o(.text)
    OTG_FS_WKUP_IRQHandler                   0x08000317   Thumb Code     0  startup_stm32f40_41xxx.o(.text)
    OTG_HS_EP1_IN_IRQHandler                 0x08000317   Thumb Code     0  startup_stm32f40_41xxx.o(.text)
    OTG_HS_EP1_OUT_IRQHandler                0x08000317   Thumb Code     0  startup_stm32f40_41xxx.o(.text)
    OTG_HS_IRQHandler                        0x08000317   Thumb Code     0  startup_stm32f40_41xxx.o(.text)
    OTG_HS_WKUP_IRQHandler                   0x08000317   Thumb Code     0  startup_stm32f40_41xxx.o(.text)
    PVD_IRQHandler                           0x08000317   Thumb Code     0  startup_stm32f40_41xxx.o(.text)
    RCC_IRQHandler                           0x08000317   Thumb Code     0  startup_stm32f40_41xxx.o(.text)
    RTC_Alarm_IRQHandler                     0x08000317   Thumb Code     0  startup_stm32f40_41xxx.o(.text)
    RTC_WKUP_IRQHandler                      0x08000317   Thumb Code     0  startup_stm32f40_41xxx.o(.text)
    SDIO_IRQHandler                          0x08000317   Thumb Code     0  startup_stm32f40_41xxx.o(.text)
    SPI1_IRQHandler                          0x08000317   Thumb Code     0  startup_stm32f40_41xxx.o(.text)
    SPI2_IRQHandler                          0x08000317   Thumb Code     0  startup_stm32f40_41xxx.o(.text)
    SPI3_IRQHandler                          0x08000317   Thumb Code     0  startup_stm32f40_41xxx.o(.text)
    TAMP_STAMP_IRQHandler                    0x08000317   Thumb Code     0  startup_stm32f40_41xxx.o(.text)
    TIM1_BRK_TIM9_IRQHandler                 0x08000317   Thumb Code     0  startup_stm32f40_41xxx.o(.text)
    TIM1_CC_IRQHandler                       0x08000317   Thumb Code     0  startup_stm32f40_41xxx.o(.text)
    TIM1_TRG_COM_TIM11_IRQHandler            0x08000317   Thumb Code     0  startup_stm32f40_41xxx.o(.text)
    TIM1_UP_TIM10_IRQHandler                 0x08000317   Thumb Code     0  startup_stm32f40_41xxx.o(.text)
    TIM2_IRQHandler                          0x08000317   Thumb Code     0  startup_stm32f40_41xxx.o(.text)
    TIM3_IRQHandler                          0x08000317   Thumb Code     0  startup_stm32f40_41xxx.o(.text)
    TIM4_IRQHandler                          0x08000317   Thumb Code     0  startup_stm32f40_41xxx.o(.text)
    TIM5_IRQHandler                          0x08000317   Thumb Code     0  startup_stm32f40_41xxx.o(.text)
    TIM6_DAC_IRQHandler                      0x08000317   Thumb Code     0  startup_stm32f40_41xxx.o(.text)
    TIM7_IRQHandler                          0x08000317   Thumb Code     0  startup_stm32f40_41xxx.o(.text)
    TIM8_BRK_TIM12_IRQHandler                0x08000317   Thumb Code     0  startup_stm32f40_41xxx.o(.text)
    TIM8_CC_IRQHandler                       0x08000317   Thumb Code     0  startup_stm32f40_41xxx.o(.text)
    TIM8_TRG_COM_TIM14_IRQHandler            0x08000317   Thumb Code     0  startup_stm32f40_41xxx.o(.text)
    TIM8_UP_TIM13_IRQHandler                 0x08000317   Thumb Code     0  startup_stm32f40_41xxx.o(.text)
    UART4_IRQHandler                         0x08000317   Thumb Code     0  startup_stm32f40_41xxx.o(.text)
    UART5_IRQHandler                         0x08000317   Thumb Code     0  startup_stm32f40_41xxx.o(.text)
    USART2_IRQHandler                        0x08000317   Thumb Code     0  startup_stm32f40_41xxx.o(.text)
    USART3_IRQHandler                        0x08000317   Thumb Code     0  startup_stm32f40_41xxx.o(.text)
    USART6_IRQHandler                        0x08000317   Thumb Code     0  startup_stm32f40_41xxx.o(.text)
    WWDG_IRQHandler                          0x08000317   Thumb Code     0  startup_stm32f40_41xxx.o(.text)
    __user_initial_stackheap                 0x08000319   Thumb Code     0  startup_stm32f40_41xxx.o(.text)
    __use_no_semihosting                     0x0800033d   Thumb Code     2  use_no_semi_2.o(.text)
    __2printf                                0x08000341   Thumb Code    20  noretval__2printf.o(.text)
    __2sprintf                               0x08000359   Thumb Code    34  noretval__2sprintf.o(.text)
    _printf_str                              0x08000381   Thumb Code    82  _printf_str.o(.text)
    _printf_int_dec                          0x080003d5   Thumb Code   104  _printf_dec.o(.text)
    _printf_int_hex                          0x0800044d   Thumb Code    84  _printf_hex_int.o(.text)
    _printf_longlong_hex                     0x0800044d   Thumb Code     0  _printf_hex_int.o(.text)
    __printf                                 0x080004a5   Thumb Code   144  __printf_flags.o(.text)
    __aeabi_memcpy                           0x08000539   Thumb Code     0  rt_memcpy_v6.o(.text)
    __rt_memcpy                              0x08000539   Thumb Code   138  rt_memcpy_v6.o(.text)
    _memcpy_lastbytes                        0x0800059f   Thumb Code     0  rt_memcpy_v6.o(.text)
    __aeabi_memset                           0x080005c3   Thumb Code    16  aeabi_memset.o(.text)
    __aeabi_memclr4                          0x080005d3   Thumb Code     0  rt_memclr_w.o(.text)
    __aeabi_memclr8                          0x080005d3   Thumb Code     0  rt_memclr_w.o(.text)
    __rt_memclr_w                            0x080005d3   Thumb Code    78  rt_memclr_w.o(.text)
    _memset_w                                0x080005d7   Thumb Code     0  rt_memclr_w.o(.text)
    __use_two_region_memory                  0x08000621   Thumb Code     2  heapauxi.o(.text)
    __rt_heap_escrow$2region                 0x08000623   Thumb Code     2  heapauxi.o(.text)
    __rt_heap_expand$2region                 0x08000625   Thumb Code     2  heapauxi.o(.text)
    __I$use$semihosting                      0x08000627   Thumb Code     0  use_no_semi.o(.text)
    __use_no_semihosting_swi                 0x08000627   Thumb Code     2  use_no_semi.o(.text)
    _printf_int_common                       0x08000629   Thumb Code   178  _printf_intcommon.o(.text)
    _printf_char_common                      0x080006e7   Thumb Code    32  _printf_char_common.o(.text)
    _sputc                                   0x0800070d   Thumb Code    10  _sputc.o(.text)
    _printf_cs_common                        0x08000717   Thumb Code    20  _printf_char.o(.text)
    _printf_char                             0x0800072b   Thumb Code    16  _printf_char.o(.text)
    _printf_string                           0x0800073b   Thumb Code     8  _printf_char.o(.text)
    _printf_char_file                        0x08000745   Thumb Code    32  _printf_char_file.o(.text)
    __aeabi_memcpy4                          0x08000769   Thumb Code     0  rt_memcpy_w.o(.text)
    __aeabi_memcpy8                          0x08000769   Thumb Code     0  rt_memcpy_w.o(.text)
    __rt_memcpy_w                            0x08000769   Thumb Code   100  rt_memcpy_w.o(.text)
    _memcpy_lastbytes_aligned                0x080007b1   Thumb Code     0  rt_memcpy_w.o(.text)
    __aeabi_memclr                           0x080007cd   Thumb Code     0  rt_memclr.o(.text)
    __rt_memclr                              0x080007cd   Thumb Code    68  rt_memclr.o(.text)
    _memset                                  0x080007d1   Thumb Code     0  rt_memclr.o(.text)
    ferror                                   0x08000811   Thumb Code     8  ferror.o(.text)
    __user_setup_stackheap                   0x08000819   Thumb Code    74  sys_stackheap_outer.o(.text)
    exit                                     0x08000863   Thumb Code    18  exit.o(.text)
    __user_libspace                          0x08000875   Thumb Code     8  libspace.o(.text)
    __user_perproc_libspace                  0x08000875   Thumb Code     0  libspace.o(.text)
    __user_perthread_libspace                0x08000875   Thumb Code     0  libspace.o(.text)
    BusFault_Handler                         0x0800087d   Thumb Code     4  stm32f4xx_it.o(i.BusFault_Handler)
    DebugMon_Handler                         0x08000881   Thumb Code     2  stm32f4xx_it.o(i.DebugMon_Handler)
    GPIO_Init                                0x08000883   Thumb Code   144  stm32f4xx_gpio.o(i.GPIO_Init)
    GPIO_PinAFConfig                         0x08000913   Thumb Code    70  stm32f4xx_gpio.o(i.GPIO_PinAFConfig)
    GPIO_ReadInputDataBit                    0x08000959   Thumb Code    18  stm32f4xx_gpio.o(i.GPIO_ReadInputDataBit)
    GPIO_SetBits                             0x0800096b   Thumb Code     4  stm32f4xx_gpio.o(i.GPIO_SetBits)
    HardFault_Handler                        0x0800096f   Thumb Code     4  stm32f4xx_it.o(i.HardFault_Handler)
    KEY_Init                                 0x08000975   Thumb Code    60  key.o(i.KEY_Init)
    KEY_Scan                                 0x080009b9   Thumb Code   188  key.o(i.KEY_Scan)
    LED_Init                                 0x08000a81   Thumb Code    56  led.o(i.LED_Init)
    MemManage_Handler                        0x08000abd   Thumb Code     4  stm32f4xx_it.o(i.MemManage_Handler)
    NMI_Handler                              0x08000ac1   Thumb Code     2  stm32f4xx_it.o(i.NMI_Handler)
    NVIC_Init                                0x08000ac5   Thumb Code   106  misc.o(i.NVIC_Init)
    NVIC_PriorityGroupConfig                 0x08000b3d   Thumb Code    10  misc.o(i.NVIC_PriorityGroupConfig)
    RCC_AHB1PeriphClockCmd                   0x08000b51   Thumb Code    26  stm32f4xx_rcc.o(i.RCC_AHB1PeriphClockCmd)
    RCC_APB2PeriphClockCmd                   0x08000b71   Thumb Code    26  stm32f4xx_rcc.o(i.RCC_APB2PeriphClockCmd)
    RCC_GetClocksFreq                        0x08000b91   Thumb Code   214  stm32f4xx_rcc.o(i.RCC_GetClocksFreq)
    StartTask                                0x08000d65   Thumb Code    42  main.o(i.StartTask)
    SysTick_CLKSourceConfig                  0x08000da9   Thumb Code    40  misc.o(i.SysTick_CLKSourceConfig)
    SysTick_Handler                          0x08000dd1   Thumb Code    46  port.o(i.SysTick_Handler)
    SystemInit                               0x08000e05   Thumb Code    88  system_stm32f4xx.o(i.SystemInit)
    USART1_IRQHandler                        0x08000e6d   Thumb Code   122  usart.o(i.USART1_IRQHandler)
    USART_Cmd                                0x08000ef5   Thumb Code    24  stm32f4xx_usart.o(i.USART_Cmd)
    USART_GetITStatus                        0x08000f0d   Thumb Code    84  stm32f4xx_usart.o(i.USART_GetITStatus)
    USART_ITConfig                           0x08000f61   Thumb Code    74  stm32f4xx_usart.o(i.USART_ITConfig)
    USART_Init                               0x08000fad   Thumb Code   204  stm32f4xx_usart.o(i.USART_Init)
    USART_ReceiveData                        0x08001081   Thumb Code    10  stm32f4xx_usart.o(i.USART_ReceiveData)
    UsageFault_Handler                       0x0800108b   Thumb Code     4  stm32f4xx_it.o(i.UsageFault_Handler)
    _sys_exit                                0x0800108f   Thumb Code     4  usart.o(i._sys_exit)
    delay_init                               0x08001095   Thumb Code    58  delay.o(i.delay_init)
    delay_ms                                 0x080010d9   Thumb Code    60  delay.o(i.delay_ms)
    delay_us                                 0x08001119   Thumb Code    68  delay.o(i.delay_us)
    fputc                                    0x08001161   Thumb Code    22  usart.o(i.fputc)
    main                                     0x0800117d   Thumb Code    60  main.o(i.main)
    mallocTask                               0x080011cd   Thumb Code   118  main.o(i.mallocTask)
    pvPortMalloc                             0x08001c89   Thumb Code   306  heap_4.o(i.pvPortMalloc)
    pxPortInitialiseStack                    0x08001dd5   Thumb Code    38  port.o(i.pxPortInitialiseStack)
    uart_init                                0x08001e01   Thumb Code   164  usart.o(i.uart_init)
    uxListRemove                             0x08001ead   Thumb Code    40  list.o(i.uxListRemove)
    vListInitialise                          0x08001ed5   Thumb Code    26  list.o(i.vListInitialise)
    vListInitialiseItem                      0x08001eef   Thumb Code     6  list.o(i.vListInitialiseItem)
    vListInsert                              0x08001ef5   Thumb Code    52  list.o(i.vListInsert)
    vListInsertEnd                           0x08001f29   Thumb Code    24  list.o(i.vListInsertEnd)
    vPortEnterCritical                       0x08001f41   Thumb Code    76  port.o(i.vPortEnterCritical)
    vPortExitCritical                        0x08001f95   Thumb Code    56  port.o(i.vPortExitCritical)
    vPortFree                                0x08001fd1   Thumb Code   150  heap_4.o(i.vPortFree)
    vPortSetupTimerInterrupt                 0x08002075   Thumb Code    36  port.o(i.vPortSetupTimerInterrupt)
    vPortValidateInterruptPriority           0x0800209d   Thumb Code   106  port.o(i.vPortValidateInterruptPriority)
    vQueueAddToRegistry                      0x08002115   Thumb Code    38  queue.o(i.vQueueAddToRegistry)
    vQueueWaitForMessageRestricted           0x08002141   Thumb Code    74  queue.o(i.vQueueWaitForMessageRestricted)
    vTaskDelay                               0x0800218d   Thumb Code    82  tasks.o(i.vTaskDelay)
    vTaskDelete                              0x080021e9   Thumb Code   202  tasks.o(i.vTaskDelete)
    vTaskInternalSetTimeOutState             0x080022dd   Thumb Code    14  tasks.o(i.vTaskInternalSetTimeOutState)
    vTaskMissedYield                         0x080022f5   Thumb Code     8  tasks.o(i.vTaskMissedYield)
    vTaskPlaceOnEventList                    0x08002301   Thumb Code    52  tasks.o(i.vTaskPlaceOnEventList)
    vTaskPlaceOnEventListRestricted          0x08002339   Thumb Code    60  tasks.o(i.vTaskPlaceOnEventListRestricted)
    vTaskStartScheduler                      0x08002379   Thumb Code   118  tasks.o(i.vTaskStartScheduler)
    vTaskSuspendAll                          0x0800240d   Thumb Code    12  tasks.o(i.vTaskSuspendAll)
    vTaskSwitchContext                       0x0800241d   Thumb Code   118  tasks.o(i.vTaskSwitchContext)
    xPortGetFreeHeapSize                     0x080024a9   Thumb Code     6  heap_4.o(i.xPortGetFreeHeapSize)
    xPortStartScheduler                      0x080024b5   Thumb Code   330  port.o(i.xPortStartScheduler)
    xQueueGenericCreate                      0x0800261d   Thumb Code    84  queue.o(i.xQueueGenericCreate)
    xQueueGenericReset                       0x08002671   Thumb Code   146  queue.o(i.xQueueGenericReset)
    xQueueGenericSend                        0x08002709   Thumb Code   420  queue.o(i.xQueueGenericSend)
    xQueueGenericSendFromISR                 0x080028b1   Thumb Code   252  queue.o(i.xQueueGenericSendFromISR)
    xQueueReceive                            0x080029ad   Thumb Code   356  queue.o(i.xQueueReceive)
    xTaskCheckForTimeOut                     0x08002b15   Thumb Code   132  tasks.o(i.xTaskCheckForTimeOut)
    xTaskCreate                              0x08002ba1   Thumb Code    96  tasks.o(i.xTaskCreate)
    xTaskGetSchedulerState                   0x08002c01   Thumb Code    24  tasks.o(i.xTaskGetSchedulerState)
    xTaskGetTickCount                        0x08002c21   Thumb Code     6  tasks.o(i.xTaskGetTickCount)
    xTaskIncrementTick                       0x08002c2d   Thumb Code   282  tasks.o(i.xTaskIncrementTick)
    xTaskPriorityDisinherit                  0x08002d75   Thumb Code   188  tasks.o(i.xTaskPriorityDisinherit)
    xTaskRemoveFromEventList                 0x08002e3d   Thumb Code   128  tasks.o(i.xTaskRemoveFromEventList)
    xTaskResumeAll                           0x08002ed5   Thumb Code   224  tasks.o(i.xTaskResumeAll)
    xTimerCreateTimerTask                    0x08002fd9   Thumb Code    66  timers.o(i.xTimerCreateTimerTask)
    xTimerGenericCommand                     0x08003031   Thumb Code   126  timers.o(i.xTimerGenericCommand)
    _fp_init                                 0x080030b5   Thumb Code    10  fpinit.o(x$fpl$fpinit)
    __fplib_config_fpu_vfp                   0x080030bd   Thumb Code     0  fpinit.o(x$fpl$fpinit)
    __fplib_config_pureend_doubles           0x080030bd   Thumb Code     0  fpinit.o(x$fpl$fpinit)
    Region$$Table$$Base                      0x080030f8   Number         0  anon$$obj.o(Region$$Table)
    Region$$Table$$Limit                     0x08003118   Number         0  anon$$obj.o(Region$$Table)
    StartTask_Handler                        0x20000000   Data           4  main.o(.data)
    mallocTask_Handler                       0x20000004   Data           4  main.o(.data)
    SystemCoreClock                          0x20000008   Data           4  system_stm32f4xx.o(.data)
    AHBPrescTable                            0x2000000c   Data          16  system_stm32f4xx.o(.data)
    __stdout                                 0x20000024   Data           4  usart.o(.data)
    USART_RX_STA                             0x20000028   Data           2  usart.o(.data)
    pxCurrentTCB                             0x2000003c   Data           4  tasks.o(.data)
    USART_RX_BUF                             0x200000b8   Data         200  usart.o(.bss)
    xQueueRegistry                           0x20000180   Data          64  queue.o(.bss)
    __libspace_start                         0x20012eb0   Data          96  libspace.o(.bss)
    __temporary_stack_top$libspace           0x20012f10   Data           0  libspace.o(.bss)



==============================================================================

Memory Map of the image

  Image Entry point : 0x08000189

  Load Region LR_IROM1 (Base: 0x08000000, Size: 0x000031d0, Max: 0x00100000, ABSOLUTE)

    Execution Region ER_IROM1 (Exec base: 0x08000000, Load base: 0x08000000, Size: 0x00003118, Max: 0x00100000, ABSOLUTE)

    Exec Addr    Load Addr    Size         Type   Attr      Idx    E Section Name        Object

    0x08000000   0x08000000   0x00000188   Data   RO          489    RESET               startup_stm32f40_41xxx.o
    0x08000188   0x08000188   0x00000008   Code   RO         2471  * !!!main             c_w.l(__main.o)
    0x08000190   0x08000190   0x00000034   Code   RO         2647    !!!scatter          c_w.l(__scatter.o)
    0x080001c4   0x080001c4   0x0000001a   Code   RO         2649    !!handler_copy      c_w.l(__scatter_copy.o)
    0x080001de   0x080001de   0x00000002   PAD
    0x080001e0   0x080001e0   0x0000001c   Code   RO         2651    !!handler_zi        c_w.l(__scatter_zi.o)
    0x080001fc   0x080001fc   0x00000000   Code   RO         2460    .ARM.Collect$$_printf_percent$$00000000  c_w.l(_printf_percent.o)
    0x080001fc   0x080001fc   0x00000006   Code   RO         2459    .ARM.Collect$$_printf_percent$$00000009  c_w.l(_printf_d.o)
    0x08000202   0x08000202   0x00000006   Code   RO         2458    .ARM.Collect$$_printf_percent$$0000000C  c_w.l(_printf_x.o)
    0x08000208   0x08000208   0x00000006   Code   RO         2457    .ARM.Collect$$_printf_percent$$00000014  c_w.l(_printf_s.o)
    0x0800020e   0x0800020e   0x00000004   Code   RO         2486    .ARM.Collect$$_printf_percent$$00000017  c_w.l(_printf_percent_end.o)
    0x08000212   0x08000212   0x00000002   Code   RO         2521    .ARM.Collect$$libinit$$00000000  c_w.l(libinit.o)
    0x08000214   0x08000214   0x00000004   Code   RO         2527    .ARM.Collect$$libinit$$00000001  c_w.l(libinit2.o)
    0x08000218   0x08000218   0x00000000   Code   RO         2530    .ARM.Collect$$libinit$$00000004  c_w.l(libinit2.o)
    0x08000218   0x08000218   0x00000000   Code   RO         2533    .ARM.Collect$$libinit$$0000000A  c_w.l(libinit2.o)
    0x08000218   0x08000218   0x00000000   Code   RO         2535    .ARM.Collect$$libinit$$0000000C  c_w.l(libinit2.o)
    0x08000218   0x08000218   0x00000000   Code   RO         2537    .ARM.Collect$$libinit$$0000000E  c_w.l(libinit2.o)
    0x08000218   0x08000218   0x00000000   Code   RO         2540    .ARM.Collect$$libinit$$00000011  c_w.l(libinit2.o)
    0x08000218   0x08000218   0x00000000   Code   RO         2542    .ARM.Collect$$libinit$$00000013  c_w.l(libinit2.o)
    0x08000218   0x08000218   0x00000000   Code   RO         2544    .ARM.Collect$$libinit$$00000015  c_w.l(libinit2.o)
    0x08000218   0x08000218   0x00000000   Code   RO         2546    .ARM.Collect$$libinit$$00000017  c_w.l(libinit2.o)
    0x08000218   0x08000218   0x00000000   Code   RO         2548    .ARM.Collect$$libinit$$00000019  c_w.l(libinit2.o)
    0x08000218   0x08000218   0x00000000   Code   RO         2550    .ARM.Collect$$libinit$$0000001B  c_w.l(libinit2.o)
    0x08000218   0x08000218   0x00000000   Code   RO         2552    .ARM.Collect$$libinit$$0000001D  c_w.l(libinit2.o)
    0x08000218   0x08000218   0x00000000   Code   RO         2554    .ARM.Collect$$libinit$$0000001F  c_w.l(libinit2.o)
    0x08000218   0x08000218   0x00000000   Code   RO         2556    .ARM.Collect$$libinit$$00000021  c_w.l(libinit2.o)
    0x08000218   0x08000218   0x00000000   Code   RO         2558    .ARM.Collect$$libinit$$00000023  c_w.l(libinit2.o)
    0x08000218   0x08000218   0x00000000   Code   RO         2560    .ARM.Collect$$libinit$$00000025  c_w.l(libinit2.o)
    0x08000218   0x08000218   0x00000000   Code   RO         2564    .ARM.Collect$$libinit$$0000002C  c_w.l(libinit2.o)
    0x08000218   0x08000218   0x00000000   Code   RO         2566    .ARM.Collect$$libinit$$0000002E  c_w.l(libinit2.o)
    0x08000218   0x08000218   0x00000000   Code   RO         2568    .ARM.Collect$$libinit$$00000030  c_w.l(libinit2.o)
    0x08000218   0x08000218   0x00000000   Code   RO         2570    .ARM.Collect$$libinit$$00000032  c_w.l(libinit2.o)
    0x08000218   0x08000218   0x00000002   Code   RO         2571    .ARM.Collect$$libinit$$00000033  c_w.l(libinit2.o)
    0x0800021a   0x0800021a   0x00000002   Code   RO         2589    .ARM.Collect$$libshutdown$$00000000  c_w.l(libshutdown.o)
    0x0800021c   0x0800021c   0x00000000   Code   RO         2599    .ARM.Collect$$libshutdown$$00000002  c_w.l(libshutdown2.o)
    0x0800021c   0x0800021c   0x00000000   Code   RO         2601    .ARM.Collect$$libshutdown$$00000004  c_w.l(libshutdown2.o)
    0x0800021c   0x0800021c   0x00000000   Code   RO         2604    .ARM.Collect$$libshutdown$$00000007  c_w.l(libshutdown2.o)
    0x0800021c   0x0800021c   0x00000000   Code   RO         2607    .ARM.Collect$$libshutdown$$0000000A  c_w.l(libshutdown2.o)
    0x0800021c   0x0800021c   0x00000000   Code   RO         2609    .ARM.Collect$$libshutdown$$0000000C  c_w.l(libshutdown2.o)
    0x0800021c   0x0800021c   0x00000000   Code   RO         2612    .ARM.Collect$$libshutdown$$0000000F  c_w.l(libshutdown2.o)
    0x0800021c   0x0800021c   0x00000002   Code   RO         2613    .ARM.Collect$$libshutdown$$00000010  c_w.l(libshutdown2.o)
    0x0800021e   0x0800021e   0x00000000   Code   RO         2475    .ARM.Collect$$rtentry$$00000000  c_w.l(__rtentry.o)
    0x0800021e   0x0800021e   0x00000000   Code   RO         2492    .ARM.Collect$$rtentry$$00000002  c_w.l(__rtentry2.o)
    0x0800021e   0x0800021e   0x00000006   Code   RO         2504    .ARM.Collect$$rtentry$$00000004  c_w.l(__rtentry4.o)
    0x08000224   0x08000224   0x00000000   Code   RO         2494    .ARM.Collect$$rtentry$$00000009  c_w.l(__rtentry2.o)
    0x08000224   0x08000224   0x00000004   Code   RO         2495    .ARM.Collect$$rtentry$$0000000A  c_w.l(__rtentry2.o)
    0x08000228   0x08000228   0x00000000   Code   RO         2497    .ARM.Collect$$rtentry$$0000000C  c_w.l(__rtentry2.o)
    0x08000228   0x08000228   0x00000008   Code   RO         2498    .ARM.Collect$$rtentry$$0000000D  c_w.l(__rtentry2.o)
    0x08000230   0x08000230   0x00000002   Code   RO         2525    .ARM.Collect$$rtexit$$00000000  c_w.l(rtexit.o)
    0x08000232   0x08000232   0x00000000   Code   RO         2573    .ARM.Collect$$rtexit$$00000002  c_w.l(rtexit2.o)
    0x08000232   0x08000232   0x00000004   Code   RO         2574    .ARM.Collect$$rtexit$$00000003  c_w.l(rtexit2.o)
    0x08000236   0x08000236   0x00000006   Code   RO         2575    .ARM.Collect$$rtexit$$00000004  c_w.l(rtexit2.o)
    0x0800023c   0x0800023c   0x000000be   Code   RO         2266    .emb_text           port.o
    0x080002fa   0x080002fa   0x00000002   PAD
    0x080002fc   0x080002fc   0x00000040   Code   RO          490    .text               startup_stm32f40_41xxx.o
    0x0800033c   0x0800033c   0x00000002   Code   RO         2400    .text               c_w.l(use_no_semi_2.o)
    0x0800033e   0x0800033e   0x00000002   PAD
    0x08000340   0x08000340   0x00000018   Code   RO         2406    .text               c_w.l(noretval__2printf.o)
    0x08000358   0x08000358   0x00000028   Code   RO         2408    .text               c_w.l(noretval__2sprintf.o)
    0x08000380   0x08000380   0x00000052   Code   RO         2412    .text               c_w.l(_printf_str.o)
    0x080003d2   0x080003d2   0x00000002   PAD
    0x080003d4   0x080003d4   0x00000078   Code   RO         2414    .text               c_w.l(_printf_dec.o)
    0x0800044c   0x0800044c   0x00000058   Code   RO         2419    .text               c_w.l(_printf_hex_int.o)
    0x080004a4   0x080004a4   0x00000094   Code   RO         2437    .text               c_w.l(__printf_flags.o)
    0x08000538   0x08000538   0x0000008a   Code   RO         2461    .text               c_w.l(rt_memcpy_v6.o)
    0x080005c2   0x080005c2   0x00000010   Code   RO         2465    .text               c_w.l(aeabi_memset.o)
    0x080005d2   0x080005d2   0x0000004e   Code   RO         2467    .text               c_w.l(rt_memclr_w.o)
    0x08000620   0x08000620   0x00000006   Code   RO         2469    .text               c_w.l(heapauxi.o)
    0x08000626   0x08000626   0x00000002   Code   RO         2473    .text               c_w.l(use_no_semi.o)
    0x08000628   0x08000628   0x000000b2   Code   RO         2476    .text               c_w.l(_printf_intcommon.o)
    0x080006da   0x080006da   0x00000002   PAD
    0x080006dc   0x080006dc   0x00000030   Code   RO         2478    .text               c_w.l(_printf_char_common.o)
    0x0800070c   0x0800070c   0x0000000a   Code   RO         2480    .text               c_w.l(_sputc.o)
    0x08000716   0x08000716   0x0000002c   Code   RO         2482    .text               c_w.l(_printf_char.o)
    0x08000742   0x08000742   0x00000002   PAD
    0x08000744   0x08000744   0x00000024   Code   RO         2484    .text               c_w.l(_printf_char_file.o)
    0x08000768   0x08000768   0x00000064   Code   RO         2487    .text               c_w.l(rt_memcpy_w.o)
    0x080007cc   0x080007cc   0x00000044   Code   RO         2489    .text               c_w.l(rt_memclr.o)
    0x08000810   0x08000810   0x00000008   Code   RO         2508    .text               c_w.l(ferror.o)
    0x08000818   0x08000818   0x0000004a   Code   RO         2512    .text               c_w.l(sys_stackheap_outer.o)
    0x08000862   0x08000862   0x00000012   Code   RO         2514    .text               c_w.l(exit.o)
    0x08000874   0x08000874   0x00000008   Code   RO         2522    .text               c_w.l(libspace.o)
    0x0800087c   0x0800087c   0x00000004   Code   RO          204    i.BusFault_Handler  stm32f4xx_it.o
    0x08000880   0x08000880   0x00000002   Code   RO          205    i.DebugMon_Handler  stm32f4xx_it.o
    0x08000882   0x08000882   0x00000090   Code   RO          541    i.GPIO_Init         stm32f4xx_gpio.o
    0x08000912   0x08000912   0x00000046   Code   RO          542    i.GPIO_PinAFConfig  stm32f4xx_gpio.o
    0x08000958   0x08000958   0x00000012   Code   RO          545    i.GPIO_ReadInputDataBit  stm32f4xx_gpio.o
    0x0800096a   0x0800096a   0x00000004   Code   RO          549    i.GPIO_SetBits      stm32f4xx_gpio.o
    0x0800096e   0x0800096e   0x00000004   Code   RO          206    i.HardFault_Handler  stm32f4xx_it.o
    0x08000972   0x08000972   0x00000002   PAD
    0x08000974   0x08000974   0x00000044   Code   RO          340    i.KEY_Init          key.o
    0x080009b8   0x080009b8   0x000000c8   Code   RO          341    i.KEY_Scan          key.o
    0x08000a80   0x08000a80   0x0000003c   Code   RO          320    i.LED_Init          led.o
    0x08000abc   0x08000abc   0x00000004   Code   RO          207    i.MemManage_Handler  stm32f4xx_it.o
    0x08000ac0   0x08000ac0   0x00000002   Code   RO          208    i.NMI_Handler       stm32f4xx_it.o
    0x08000ac2   0x08000ac2   0x00000002   PAD
    0x08000ac4   0x08000ac4   0x00000078   Code   RO          496    i.NVIC_Init         misc.o
    0x08000b3c   0x08000b3c   0x00000014   Code   RO          497    i.NVIC_PriorityGroupConfig  misc.o
    0x08000b50   0x08000b50   0x00000020   Code   RO          638    i.RCC_AHB1PeriphClockCmd  stm32f4xx_rcc.o
    0x08000b70   0x08000b70   0x00000020   Code   RO          650    i.RCC_APB2PeriphClockCmd  stm32f4xx_rcc.o
    0x08000b90   0x08000b90   0x000000e8   Code   RO          659    i.RCC_GetClocksFreq  stm32f4xx_rcc.o
    0x08000c78   0x08000c78   0x000000ec   Code   RO          283    i.SetSysClock       system_stm32f4xx.o
    0x08000d64   0x08000d64   0x00000044   Code   RO            3    i.StartTask         main.o
    0x08000da8   0x08000da8   0x00000028   Code   RO          500    i.SysTick_CLKSourceConfig  misc.o
    0x08000dd0   0x08000dd0   0x00000034   Code   RO         2267    i.SysTick_Handler   port.o
    0x08000e04   0x08000e04   0x00000068   Code   RO          285    i.SystemInit        system_stm32f4xx.o
    0x08000e6c   0x08000e6c   0x00000088   Code   RO          434    i.USART1_IRQHandler  usart.o
    0x08000ef4   0x08000ef4   0x00000018   Code   RO         1032    i.USART_Cmd         stm32f4xx_usart.o
    0x08000f0c   0x08000f0c   0x00000054   Code   RO         1036    i.USART_GetITStatus  stm32f4xx_usart.o
    0x08000f60   0x08000f60   0x0000004a   Code   RO         1038    i.USART_ITConfig    stm32f4xx_usart.o
    0x08000faa   0x08000faa   0x00000002   PAD
    0x08000fac   0x08000fac   0x000000d4   Code   RO         1039    i.USART_Init        stm32f4xx_usart.o
    0x08001080   0x08001080   0x0000000a   Code   RO         1046    i.USART_ReceiveData  stm32f4xx_usart.o
    0x0800108a   0x0800108a   0x00000004   Code   RO          209    i.UsageFault_Handler  stm32f4xx_it.o
    0x0800108e   0x0800108e   0x00000004   Code   RO          435    i._sys_exit         usart.o
    0x08001092   0x08001092   0x00000002   PAD
    0x08001094   0x08001094   0x00000044   Code   RO          367    i.delay_init        delay.o
    0x080010d8   0x080010d8   0x00000040   Code   RO          368    i.delay_ms          delay.o
    0x08001118   0x08001118   0x00000048   Code   RO          369    i.delay_us          delay.o
    0x08001160   0x08001160   0x0000001c   Code   RO          436    i.fputc             usart.o
    0x0800117c   0x0800117c   0x00000050   Code   RO            4    i.main              main.o
    0x080011cc   0x080011cc   0x000000f4   Code   RO            5    i.mallocTask        main.o
    0x080012c0   0x080012c0   0x00000098   Code   RO         1745    i.prvAddCurrentTaskToDelayedList  tasks.o
    0x08001358   0x08001358   0x000000b8   Code   RO         1746    i.prvAddNewTaskToReadyList  tasks.o
    0x08001410   0x08001410   0x00000064   Code   RO         2109    i.prvCheckForValidListAndQueue  timers.o
    0x08001474   0x08001474   0x00000048   Code   RO         1747    i.prvCheckTasksWaitingTermination  tasks.o
    0x080014bc   0x080014bc   0x0000002a   Code   RO         1368    i.prvCopyDataFromQueue  queue.o
    0x080014e6   0x080014e6   0x0000007e   Code   RO         1369    i.prvCopyDataToQueue  queue.o
    0x08001564   0x08001564   0x00000012   Code   RO         1748    i.prvDeleteTCB      tasks.o
    0x08001576   0x08001576   0x00000002   PAD
    0x08001578   0x08001578   0x00000028   Code   RO         2110    i.prvGetNextExpireTime  timers.o
    0x080015a0   0x080015a0   0x0000007c   Code   RO         2343    i.prvHeapInit       heap_4.o
    0x0800161c   0x0800161c   0x00000028   Code   RO         1749    i.prvIdleTask       tasks.o
    0x08001644   0x08001644   0x0000002a   Code   RO         1372    i.prvInitialiseNewQueue  queue.o
    0x0800166e   0x0800166e   0x000000be   Code   RO         1750    i.prvInitialiseNewTask  tasks.o
    0x0800172c   0x0800172c   0x00000068   Code   RO         1751    i.prvInitialiseTaskLists  tasks.o
    0x08001794   0x08001794   0x00000068   Code   RO         2344    i.prvInsertBlockIntoFreeList  heap_4.o
    0x080017fc   0x080017fc   0x00000058   Code   RO         2112    i.prvInsertTimerInActiveList  timers.o
    0x08001854   0x08001854   0x0000001a   Code   RO         1373    i.prvIsQueueEmpty   queue.o
    0x0800186e   0x0800186e   0x0000001e   Code   RO         1374    i.prvIsQueueFull    queue.o
    0x0800188c   0x0800188c   0x00000074   Code   RO         2113    i.prvProcessExpiredTimer  timers.o
    0x08001900   0x08001900   0x00000138   Code   RO         2114    i.prvProcessReceivedCommands  timers.o
    0x08001a38   0x08001a38   0x00000074   Code   RO         2115    i.prvProcessTimerOrBlockTask  timers.o
    0x08001aac   0x08001aac   0x00000034   Code   RO         1753    i.prvResetNextTaskUnblockTime  tasks.o
    0x08001ae0   0x08001ae0   0x0000002c   Code   RO         2116    i.prvSampleTimeNow  timers.o
    0x08001b0c   0x08001b0c   0x000000a4   Code   RO         2117    i.prvSwitchTimerLists  timers.o
    0x08001bb0   0x08001bb0   0x00000040   Code   RO         2268    i.prvTaskExitError  port.o
    0x08001bf0   0x08001bf0   0x0000001a   Code   RO         2118    i.prvTimerTask      timers.o
    0x08001c0a   0x08001c0a   0x0000007e   Code   RO         1375    i.prvUnlockQueue    queue.o
    0x08001c88   0x08001c88   0x0000014c   Code   RO         2345    i.pvPortMalloc      heap_4.o
    0x08001dd4   0x08001dd4   0x0000002c   Code   RO         2269    i.pxPortInitialiseStack  port.o
    0x08001e00   0x08001e00   0x000000ac   Code   RO          437    i.uart_init         usart.o
    0x08001eac   0x08001eac   0x00000028   Code   RO         1328    i.uxListRemove      list.o
    0x08001ed4   0x08001ed4   0x0000001a   Code   RO         1329    i.vListInitialise   list.o
    0x08001eee   0x08001eee   0x00000006   Code   RO         1330    i.vListInitialiseItem  list.o
    0x08001ef4   0x08001ef4   0x00000034   Code   RO         1331    i.vListInsert       list.o
    0x08001f28   0x08001f28   0x00000018   Code   RO         1332    i.vListInsertEnd    list.o
    0x08001f40   0x08001f40   0x00000054   Code   RO         2271    i.vPortEnterCritical  port.o
    0x08001f94   0x08001f94   0x0000003c   Code   RO         2272    i.vPortExitCritical  port.o
    0x08001fd0   0x08001fd0   0x000000a4   Code   RO         2346    i.vPortFree         heap_4.o
    0x08002074   0x08002074   0x00000028   Code   RO         2273    i.vPortSetupTimerInterrupt  port.o
    0x0800209c   0x0800209c   0x00000078   Code   RO         2274    i.vPortValidateInterruptPriority  port.o
    0x08002114   0x08002114   0x0000002c   Code   RO         1381    i.vQueueAddToRegistry  queue.o
    0x08002140   0x08002140   0x0000004a   Code   RO         1385    i.vQueueWaitForMessageRestricted  queue.o
    0x0800218a   0x0800218a   0x00000002   PAD
    0x0800218c   0x0800218c   0x0000005c   Code   RO         1765    i.vTaskDelay        tasks.o
    0x080021e8   0x080021e8   0x000000f4   Code   RO         1767    i.vTaskDelete       tasks.o
    0x080022dc   0x080022dc   0x00000018   Code   RO         1770    i.vTaskInternalSetTimeOutState  tasks.o
    0x080022f4   0x080022f4   0x0000000c   Code   RO         1771    i.vTaskMissedYield  tasks.o
    0x08002300   0x08002300   0x00000038   Code   RO         1773    i.vTaskPlaceOnEventList  tasks.o
    0x08002338   0x08002338   0x00000040   Code   RO         1774    i.vTaskPlaceOnEventListRestricted  tasks.o
    0x08002378   0x08002378   0x00000094   Code   RO         1782    i.vTaskStartScheduler  tasks.o
    0x0800240c   0x0800240c   0x00000010   Code   RO         1784    i.vTaskSuspendAll   tasks.o
    0x0800241c   0x0800241c   0x0000008c   Code   RO         1785    i.vTaskSwitchContext  tasks.o
    0x080024a8   0x080024a8   0x0000000c   Code   RO         2349    i.xPortGetFreeHeapSize  heap_4.o
    0x080024b4   0x080024b4   0x00000168   Code   RO         2275    i.xPortStartScheduler  port.o
    0x0800261c   0x0800261c   0x00000054   Code   RO         1388    i.xQueueGenericCreate  queue.o
    0x08002670   0x08002670   0x00000098   Code   RO         1389    i.xQueueGenericReset  queue.o
    0x08002708   0x08002708   0x000001a8   Code   RO         1390    i.xQueueGenericSend  queue.o
    0x080028b0   0x080028b0   0x000000fc   Code   RO         1391    i.xQueueGenericSendFromISR  queue.o
    0x080029ac   0x080029ac   0x00000168   Code   RO         1398    i.xQueueReceive     queue.o
    0x08002b14   0x08002b14   0x0000008c   Code   RO         1787    i.xTaskCheckForTimeOut  tasks.o
    0x08002ba0   0x08002ba0   0x00000060   Code   RO         1788    i.xTaskCreate       tasks.o
    0x08002c00   0x08002c00   0x00000020   Code   RO         1792    i.xTaskGetSchedulerState  tasks.o
    0x08002c20   0x08002c20   0x0000000c   Code   RO         1793    i.xTaskGetTickCount  tasks.o
    0x08002c2c   0x08002c2c   0x00000148   Code   RO         1795    i.xTaskIncrementTick  tasks.o
    0x08002d74   0x08002d74   0x000000c8   Code   RO         1798    i.xTaskPriorityDisinherit  tasks.o
    0x08002e3c   0x08002e3c   0x00000098   Code   RO         1800    i.xTaskRemoveFromEventList  tasks.o
    0x08002ed4   0x08002ed4   0x00000104   Code   RO         1801    i.xTaskResumeAll    tasks.o
    0x08002fd8   0x08002fd8   0x00000058   Code   RO         2126    i.xTimerCreateTimerTask  timers.o
    0x08003030   0x08003030   0x00000084   Code   RO         2127    i.xTimerGenericCommand  timers.o
    0x080030b4   0x080030b4   0x0000000a   Code   RO         2581    x$fpl$fpinit        fz_wm.l(fpinit.o)
    0x080030be   0x080030be   0x00000028   Data   RO         2420    .constdata          c_w.l(_printf_hex_int.o)
    0x080030e6   0x080030e6   0x00000011   Data   RO         2438    .constdata          c_w.l(__printf_flags.o)
    0x080030f7   0x080030f7   0x00000001   PAD
    0x080030f8   0x080030f8   0x00000020   Data   RO         2645    Region$$Table       anon$$obj.o


    Execution Region RW_IRAM1 (Exec base: 0x20000000, Load base: 0x08003118, Size: 0x00013510, Max: 0x00020000, ABSOLUTE)

    Exec Addr    Load Addr    Size         Type   Attr      Idx    E Section Name        Object

    0x20000000   0x08003118   0x00000008   Data   RW            6    .data               main.o
    0x20000008   0x08003120   0x00000014   Data   RW          286    .data               system_stm32f4xx.o
    0x2000001c   0x08003134   0x00000001   Data   RW          342    .data               key.o
    0x2000001d   0x08003135   0x00000001   PAD
    0x2000001e   0x08003136   0x00000004   Data   RW          371    .data               delay.o
    0x20000022   0x0800313a   0x00000002   PAD
    0x20000024   0x0800313c   0x00000006   Data   RW          439    .data               usart.o
    0x2000002a   0x08003142   0x00000010   Data   RW          691    .data               stm32f4xx_rcc.o
    0x2000003a   0x08003152   0x00000002   PAD
    0x2000003c   0x08003154   0x0000003c   Data   RW         1804    .data               tasks.o
    0x20000078   0x08003190   0x00000014   Data   RW         2133    .data               timers.o
    0x2000008c   0x080031a4   0x0000000c   Data   RW         2276    .data               port.o
    0x20000098   0x080031b0   0x00000020   Data   RW         2352    .data               heap_4.o
    0x200000b8        -       0x000000c8   Zero   RW          438    .bss                usart.o
    0x20000180        -       0x00000040   Zero   RW         1402    .bss                queue.o
    0x200001c0        -       0x000000c8   Zero   RW         1803    .bss                tasks.o
    0x20000288        -       0x00000028   Zero   RW         2132    .bss                timers.o
    0x200002b0        -       0x00012c00   Zero   RW         2351    .bss                heap_4.o
    0x20012eb0        -       0x00000060   Zero   RW         2523    .bss                c_w.l(libspace.o)
    0x20012f10        -       0x00000200   Zero   RW          488    HEAP                startup_stm32f40_41xxx.o
    0x20013110        -       0x00000400   Zero   RW          487    STACK               startup_stm32f40_41xxx.o


==============================================================================

Image component sizes


      Code (inc. data)   RO Data    RW Data    ZI Data      Debug   Object Name

       204         18          0          4          0       2039   delay.o
         0          0          0          0          0      10528   event_groups.o
       736         80          0         32      76800       5054   heap_4.o
       268         20          0          1          0       1266   key.o
        60          4          0          0          0        539   led.o
       148          0          0          0          0       3242   list.o
       392        172          0          8          0     277051   main.o
       180         24          0          0          0       2089   misc.o
      1014         92          0         12          0      11525   port.o
      1782         20          0          0         64      15838   queue.o
        64         26        392          0       1536        844   startup_stm32f40_41xxx.o
       236          0          0          0          0       2978   stm32f4xx_gpio.o
        20          0          0          0          0       2745   stm32f4xx_it.o
       296         30          0         16          0       4042   stm32f4xx_rcc.o
       404          8          0          0          0       4282   stm32f4xx_usart.o
       340         32          0         20          0       1765   system_stm32f4xx.o
      2828        390          0         60        200      24896   tasks.o
      1226        116          0         20         40      20259   timers.o
       340         28          0          6        200       4304   usart.o

    ----------------------------------------------------------------------
     10552       1060        424        184      78840     395286   Object Totals
         0          0         32          0          0          0   (incl. Generated)
        14          0          0          5          0          0   (incl. Padding)

    ----------------------------------------------------------------------

      Code (inc. data)   RO Data    RW Data    ZI Data      Debug   Library Member Name

         8          0          0          0          0         68   __main.o
       148          4         17          0          0         84   __printf_flags.o
         0          0          0          0          0          0   __rtentry.o
        12          0          0          0          0          0   __rtentry2.o
         6          0          0          0          0          0   __rtentry4.o
        52          8          0          0          0          0   __scatter.o
        26          0          0          0          0          0   __scatter_copy.o
        28          0          0          0          0          0   __scatter_zi.o
        44          0          0          0          0        108   _printf_char.o
        48          6          0          0          0         96   _printf_char_common.o
        36          4          0          0          0         80   _printf_char_file.o
         6          0          0          0          0          0   _printf_d.o
       120         16          0          0          0         92   _printf_dec.o
        88          4         40          0          0         88   _printf_hex_int.o
       178          0          0          0          0         88   _printf_intcommon.o
         0          0          0          0          0          0   _printf_percent.o
         4          0          0          0          0          0   _printf_percent_end.o
         6          0          0          0          0          0   _printf_s.o
        82          0          0          0          0         80   _printf_str.o
         6          0          0          0          0          0   _printf_x.o
        10          0          0          0          0         68   _sputc.o
        16          0          0          0          0         68   aeabi_memset.o
        18          0          0          0          0         80   exit.o
         8          0          0          0          0         68   ferror.o
         6          0          0          0          0        152   heapauxi.o
         2          0          0          0          0          0   libinit.o
         6          0          0          0          0          0   libinit2.o
         2          0          0          0          0          0   libshutdown.o
         2          0          0          0          0          0   libshutdown2.o
         8          4          0          0         96         68   libspace.o
        24          4          0          0          0         84   noretval__2printf.o
        40          6          0          0          0         84   noretval__2sprintf.o
        68          0          0          0          0         68   rt_memclr.o
        78          0          0          0          0         80   rt_memclr_w.o
       138          0          0          0          0         68   rt_memcpy_v6.o
       100          0          0          0          0         80   rt_memcpy_w.o
         2          0          0          0          0          0   rtexit.o
        10          0          0          0          0          0   rtexit2.o
        74          0          0          0          0         80   sys_stackheap_outer.o
         2          0          0          0          0         68   use_no_semi.o
         2          0          0          0          0         68   use_no_semi_2.o
        10          0          0          0          0        116   fpinit.o

    ----------------------------------------------------------------------
      1534         56         58          0         96       2084   Library Totals
        10          0          1          0          0          0   (incl. Padding)

    ----------------------------------------------------------------------

      Code (inc. data)   RO Data    RW Data    ZI Data      Debug   Library Name

      1514         56         57          0         96       1968   c_w.l
        10          0          0          0          0        116   fz_wm.l

    ----------------------------------------------------------------------
      1534         56         58          0         96       2084   Library Totals

    ----------------------------------------------------------------------

==============================================================================


      Code (inc. data)   RO Data    RW Data    ZI Data      Debug   

     12086       1116        482        184      78936     386530   Grand Totals
     12086       1116        482        184      78936     386530   ELF Image Totals
     12086       1116        482        184          0          0   ROM Totals

==============================================================================

    Total RO  Size (Code + RO Data)                12568 (  12.27kB)
    Total RW  Size (RW Data + ZI Data)             79120 (  77.27kB)
    Total ROM Size (Code + RO Data + RW Data)      12752 (  12.45kB)

==============================================================================

