Component: ARM Compiler 5.06 update 6 (build 750) Tool: armlink [4d35ed]

==============================================================================

Section Cross References

    main.o(i.AutoReloadCallback) refers to _printf_percent.o(.ARM.Collect$$_printf_percent$$00000000) for _printf_percent
    main.o(i.AutoReloadCallback) refers to _printf_d.o(.ARM.Collect$$_printf_percent$$00000009) for _printf_d
    main.o(i.AutoReloadCallback) refers to _printf_dec.o(.text) for _printf_int_dec
    main.o(i.AutoReloadCallback) refers to noretval__2printf.o(.text) for __2printf
    main.o(i.AutoReloadCallback) refers to main.o(.data) for timers
    main.o(i.OneShotCallback) refers to _printf_percent.o(.ARM.Collect$$_printf_percent$$00000000) for _printf_percent
    main.o(i.OneShotCallback) refers to _printf_d.o(.ARM.Collect$$_printf_percent$$00000009) for _printf_d
    main.o(i.OneShotCallback) refers to _printf_dec.o(.text) for _printf_int_dec
    main.o(i.OneShotCallback) refers to noretval__2printf.o(.text) for __2printf
    main.o(i.OneShotCallback) refers to main.o(.data) for timers
    main.o(i.StartTask) refers to port.o(i.vPortEnterCritical) for vPortEnterCritical
    main.o(i.StartTask) refers to timers.o(i.xTimerCreate) for xTimerCreate
    main.o(i.StartTask) refers to tasks.o(i.xTaskCreate) for xTaskCreate
    main.o(i.StartTask) refers to tasks.o(i.vTaskDelete) for vTaskDelete
    main.o(i.StartTask) refers to port.o(i.vPortExitCritical) for vPortExitCritical
    main.o(i.StartTask) refers to main.o(i.AutoReloadCallback) for AutoReloadCallback
    main.o(i.StartTask) refers to main.o(.data) for AutoReloadTimer_Handle
    main.o(i.StartTask) refers to main.o(i.OneShotCallback) for OneShotCallback
    main.o(i.StartTask) refers to main.o(i.timerTask) for timerTask
    main.o(i.main) refers to misc.o(i.NVIC_PriorityGroupConfig) for NVIC_PriorityGroupConfig
    main.o(i.main) refers to delay.o(i.delay_init) for delay_init
    main.o(i.main) refers to usart.o(i.uart_init) for uart_init
    main.o(i.main) refers to led.o(i.LED_Init) for LED_Init
    main.o(i.main) refers to key.o(i.KEY_Init) for KEY_Init
    main.o(i.main) refers to tasks.o(i.xTaskCreate) for xTaskCreate
    main.o(i.main) refers to tasks.o(i.vTaskStartScheduler) for vTaskStartScheduler
    main.o(i.main) refers to main.o(.data) for StartTask_Handler
    main.o(i.main) refers to main.o(i.StartTask) for StartTask
    main.o(i.timerTask) refers to key.o(i.KEY_Scan) for KEY_Scan
    main.o(i.timerTask) refers to tasks.o(i.xTaskGetTickCount) for xTaskGetTickCount
    main.o(i.timerTask) refers to timers.o(i.xTimerGenericCommand) for xTimerGenericCommand
    main.o(i.timerTask) refers to noretval__2printf.o(.text) for __2printf
    main.o(i.timerTask) refers to tasks.o(i.vTaskDelay) for vTaskDelay
    main.o(i.timerTask) refers to main.o(.data) for AutoReloadTimer_Handle
    system_stm32f4xx.o(i.SystemCoreClockUpdate) refers to system_stm32f4xx.o(.data) for SystemCoreClock
    system_stm32f4xx.o(i.SystemInit) refers to system_stm32f4xx.o(i.SetSysClock) for SetSysClock
    led.o(i.LED_Init) refers to stm32f4xx_rcc.o(i.RCC_AHB1PeriphClockCmd) for RCC_AHB1PeriphClockCmd
    led.o(i.LED_Init) refers to stm32f4xx_gpio.o(i.GPIO_Init) for GPIO_Init
    led.o(i.LED_Init) refers to stm32f4xx_gpio.o(i.GPIO_SetBits) for GPIO_SetBits
    key.o(i.KEY_Init) refers to stm32f4xx_rcc.o(i.RCC_AHB1PeriphClockCmd) for RCC_AHB1PeriphClockCmd
    key.o(i.KEY_Init) refers to stm32f4xx_gpio.o(i.GPIO_Init) for GPIO_Init
    key.o(i.KEY_Scan) refers to stm32f4xx_gpio.o(i.GPIO_ReadInputDataBit) for GPIO_ReadInputDataBit
    key.o(i.KEY_Scan) refers to delay.o(i.delay_ms) for delay_ms
    key.o(i.KEY_Scan) refers to key.o(.data) for key_up
    delay.o(i.delay_init) refers to misc.o(i.SysTick_CLKSourceConfig) for SysTick_CLKSourceConfig
    delay.o(i.delay_init) refers to delay.o(.data) for fac_us
    delay.o(i.delay_ms) refers to tasks.o(i.xTaskGetSchedulerState) for xTaskGetSchedulerState
    delay.o(i.delay_ms) refers to tasks.o(i.vTaskDelay) for vTaskDelay
    delay.o(i.delay_ms) refers to delay.o(i.delay_us) for delay_us
    delay.o(i.delay_ms) refers to delay.o(.data) for fac_ms
    delay.o(i.delay_us) refers to delay.o(.data) for fac_us
    delay.o(i.delay_xms) refers to delay.o(i.delay_us) for delay_us
    usart.o(.rev16_text) refers (Special) to use_no_semi_2.o(.text) for __use_no_semihosting
    usart.o(.revsh_text) refers (Special) to use_no_semi_2.o(.text) for __use_no_semihosting
    usart.o(i.USART1_IRQHandler) refers (Special) to use_no_semi_2.o(.text) for __use_no_semihosting
    usart.o(i.USART1_IRQHandler) refers to stm32f4xx_usart.o(i.USART_GetITStatus) for USART_GetITStatus
    usart.o(i.USART1_IRQHandler) refers to stm32f4xx_usart.o(i.USART_ReceiveData) for USART_ReceiveData
    usart.o(i.USART1_IRQHandler) refers to usart.o(.data) for USART_RX_STA
    usart.o(i.USART1_IRQHandler) refers to usart.o(.bss) for USART_RX_BUF
[...]
    ../clib/signal.c                         0x00000000   Number         0  defsig_rtmem_outer.o ABSOLUTE
    ../clib/signal.c                         0x00000000   Number         0  defsig_rtmem_formal.o ABSOLUTE
    ../clib/signal.c                         0x00000000   Number         0  defsig_rtmem_inner.o ABSOLUTE
    ../clib/signal.c                         0x00000000   Number         0  __raise.o ABSOLUTE
    ../clib/signal.c                         0x00000000   Number         0  defsig_segv_inner.o ABSOLUTE
    ../clib/signal.c                         0x00000000   Number         0  defsig_other.o ABSOLUTE
    ../clib/signal.c                         0x00000000   Number         0  defsig_abrt_inner.o ABSOLUTE
    ../clib/signal.c                         0x00000000   Number         0  defsig_exit.o ABSOLUTE
    ../clib/signal.c                         0x00000000   Number         0  defsig_general.o ABSOLUTE
    ../clib/signal.c                         0x00000000   Number         0  defsig_fpe_inner.o ABSOLUTE
    ../clib/signal.s                         0x00000000   Number         0  defsig.o ABSOLUTE
    ../clib/stdio.c                          0x00000000   Number         0  ferror.o ABSOLUTE
    ../clib/stdio.c                          0x00000000   Number         0  ferror_locked.o ABSOLUTE
    ../clib/stdlib.c                         0x00000000   Number         0  exit.o ABSOLUTE
    ../fplib/fpinit.s                        0x00000000   Number         0  fpinit.o ABSOLUTE
    ..\CORE\startup_stm32f40_41xxx.s         0x00000000   Number         0  startup_stm32f40_41xxx.o ABSOLUTE
    ..\FWLIB\src\misc.c                      0x00000000   Number         0  misc.o ABSOLUTE
    ..\FWLIB\src\stm32f4xx_gpio.c            0x00000000   Number         0  stm32f4xx_gpio.o ABSOLUTE
    ..\FWLIB\src\stm32f4xx_rcc.c             0x00000000   Number         0  stm32f4xx_rcc.o ABSOLUTE
    ..\FWLIB\src\stm32f4xx_syscfg.c          0x00000000   Number         0  stm32f4xx_syscfg.o ABSOLUTE
    ..\FWLIB\src\stm32f4xx_usart.c           0x00000000   Number         0  stm32f4xx_usart.o ABSOLUTE
    ..\FreeRTOS\croutine.c                   0x00000000   Number         0  croutine.o ABSOLUTE
    ..\FreeRTOS\event_groups.c               0x00000000   Number         0  event_groups.o ABSOLUTE
    ..\FreeRTOS\list.c                       0x00000000   Number         0  list.o ABSOLUTE
    ..\FreeRTOS\portable\MemMang\heap_4.c    0x00000000   Number         0  heap_4.o ABSOLUTE
    ..\FreeRTOS\portable\RVDS\ARM_CM4F\port.c 0x00000000   Number         0  port.o ABSOLUTE
    ..\FreeRTOS\queue.c                      0x00000000   Number         0  queue.o ABSOLUTE
    ..\FreeRTOS\stream_buffer.c              0x00000000   Number         0  stream_buffer.o ABSOLUTE
    ..\FreeRTOS\tasks.c                      0x00000000   Number         0  tasks.o ABSOLUTE
    ..\FreeRTOS\timers.c                     0x00000000   Number         0  timers.o ABSOLUTE
    ..\HARDWARE\KEY\key.c                    0x00000000   Number         0  key.o ABSOLUTE
    ..\HARDWARE\LED\led.c                    0x00000000   Number         0  led.o ABSOLUTE
    ..\SYSTEM\delay\delay.c                  0x00000000   Number         0  delay.o ABSOLUTE
    ..\SYSTEM\sys\sys.c                      0x00000000   Number         0  sys.o ABSOLUTE
    ..\SYSTEM\usart\usart.c                  0x00000000   Number         0  usart.o ABSOLUTE
    ..\\FWLIB\\src\\misc.c                   0x00000000   Number         0  misc.o ABSOLUTE
    ..\\FWLIB\\src\\stm32f4xx_gpio.c         0x00000000   Number         0  stm32f4xx_gpio.o ABSOLUTE
    ..\\FWLIB\\src\\stm32f4xx_rcc.c          0x00000000   Number         0  stm32f4xx_rcc.o ABSOLUTE
    ..\\FWLIB\\src\\stm32f4xx_syscfg.c       0x00000000   Number         0  stm32f4xx_syscfg.o ABSOLUTE
    ..\\FWLIB\\src\\stm32f4xx_usart.c        0x00000000   Number         0  stm32f4xx_usart.o ABSOLUTE
    ..\\FreeRTOS\\portable\\RVDS\\ARM_CM4F\\port.c 0x00000000   Number         0  port.o ABSOLUTE
    ..\\HARDWARE\\KEY\\key.c                 0x00000000   Number         0  key.o ABSOLUTE
    ..\\HARDWARE\\LED\\led.c                 0x00000000   Number         0  led.o ABSOLUTE
    ..\\SYSTEM\\delay\\delay.c               0x00000000   Number         0  delay.o ABSOLUTE
    ..\\SYSTEM\\sys\\sys.c                   0x00000000   Number         0  sys.o ABSOLUTE
    ..\\SYSTEM\\usart\\usart.c               0x00000000   Number         0  usart.o ABSOLUTE
    dc.s                                     0x00000000   Number         0  dc.o ABSOLUTE
    main.c                                   0x00000000   Number         0  main.o ABSOLUTE
    main.c                                   0x00000000   Number         0  main.o ABSOLUTE
    stm32f4xx_it.c                           0x00000000   Number         0  stm32f4xx_it.o ABSOLUTE
    stm32f4xx_it.c                           0x00000000   Number         0  stm32f4xx_it.o ABSOLUTE
    system_stm32f4xx.c                       0x00000000   Number         0  system_stm32f4xx.o ABSOLUTE
    system_stm32f4xx.c                       0x00000000   Number         0  system_stm32f4xx.o ABSOLUTE
    RESET                                    0x08000000   Section      392  startup_stm32f40_41xxx.o(RESET)
    !!!main                                  0x08000188   Section        8  __main.o(!!!main)
    !!!scatter                               0x08000190   Section       52  __scatter.o(!!!scatter)
    !!handler_copy                           0x080001c4   Section       26  __scatter_copy.o(!!handler_copy)
    !!handler_zi                             0x080001e0   Section       28  __scatter_zi.o(!!handler_zi)
    .ARM.Collect$$_printf_percent$$00000000  0x080001fc   Section        0  _printf_percent.o(.ARM.Collect$$_printf_percent$$00000000)
    .ARM.Collect$$_printf_percent$$00000009  0x080001fc   Section        6  _printf_d.o(.ARM.Collect$$_printf_percent$$00000009)
    .ARM.Collect$$_printf_percent$$00000017  0x08000202   Section        4  _printf_percent_end.o(.ARM.Collect$$_printf_percent$$00000017)
    .ARM.Collect$$libinit$$00000000          0x08000206   Section        2  libinit.o(.ARM.Collect$$libinit$$00000000)
    .ARM.Collect$$libinit$$00000001          0x08000208   Section        4  libinit2.o(.ARM.Collect$$libinit$$00000001)
    .ARM.Collect$$libinit$$00000004          0x0800020c   Section        0  libinit2.o(.ARM.Collect$$libinit$$00000004)
    .ARM.Collect$$libinit$$0000000A          0x0800020c   Section        0  libinit2.o(.ARM.Collect$$libinit$$0000000A)
    .ARM.Collect$$libinit$$0000000C          0x0800020c   Section        0  libinit2.o(.ARM.Collect$$libinit$$0000000C)
    .ARM.Collect$$libinit$$0000000E          0x0800020c   Section        0  libinit2.o(.ARM.Collect$$libinit$$0000000E)
    .ARM.Collect$$libinit$$00000011          0x0800020c   Section        0  libinit2.o(.ARM.Collect$$libinit$$00000011)
    .ARM.Collect$$libinit$$00000013          0x0800020c   Section        0  libinit2.o(.ARM.Collect$$libinit$$00000013)
    .ARM.Collect$$libinit$$00000015          0x0800020c   Section        0  libinit2.o(.ARM.Collect$$libinit$$00000015)
    .ARM.Collect$$libinit$$00000017          0x0800020c   Section        0  libinit2.o(.ARM.Collect$$libinit$$00000017)
    .ARM.Collect$$libinit$$00000019          0x0800020c   Section        0  libinit2.o(.ARM.Collect$$libinit$$00000019)
    .ARM.Collect$$libinit$$0000001B          0x0800020c   Section        0  libinit2.o(.ARM.Collect$$libinit$$0000001B)
    .ARM.Collect$$libinit$$0000001D          0x0800020c   Section        0  libinit2.o(.ARM.Collect$$libinit$$0000001D)
    .ARM.Collect$$libinit$$0000001F          0x0800020c   Section        0  libinit2.o(.ARM.Collect$$libinit$$0000001F)
    .ARM.Collect$$libinit$$00000021          0x0800020c   Section        0  libinit2.o(.ARM.Collect$$libinit$$00000021)
    .ARM.Collect$$libinit$$00000023          0x0800020c   Section        0  libinit2.o(.ARM.Collect$$libinit$$00000023)
    .ARM.Collect$$libinit$$00000025          0x0800020c   Section        0  libinit2.o(.ARM.Collect$$libinit$$00000025)
    .ARM.Collect$$libinit$$0000002C          0x0800020c   Section        0  libinit2.o(.ARM.Collect$$libinit$$0000002C)
    .ARM.Collect$$libinit$$0000002E          0x0800020c   Section        0  libinit2.o(.ARM.Collect$$libinit$$0000002E)
    .ARM.Collect$$libinit$$00000030          0x0800020c   Section        0  libinit2.o(.ARM.Collect$$libinit$$00000030)
    .ARM.Collect$$libinit$$00000032          0x0800020c   Section        0  libinit2.o(.ARM.Collect$$libinit$$00000032)
    .ARM.Collect$$libinit$$00000033          0x0800020c   Section        2  libinit2.o(.ARM.Collect$$libinit$$00000033)
    .ARM.Collect$$libshutdown$$00000000      0x0800020e   Section        2  libshutdown.o(.ARM.Collect$$libshutdown$$00000000)
    .ARM.Collect$$libshutdown$$00000002      0x08000210   Section        0  libshutdown2.o(.ARM.Collect$$libshutdown$$00000002)
    .ARM.Collect$$libshutdown$$00000004      0x08000210   Section        0  libshutdown2.o(.ARM.Collect$$libshutdown$$00000004)
    .ARM.Collect$$libshutdown$$00000007      0x08000210   Section        0  libshutdown2.o(.ARM.Collect$$libshutdown$$00000007)
    .ARM.Collect$$libshutdown$$0000000A      0x08000210   Section        0  libshutdown2.o(.ARM.Collect$$libshutdown$$0000000A)
    .ARM.Collect$$libshutdown$$0000000C      0x08000210   Section        0  libshutdown2.o(.ARM.Collect$$libshutdown$$0000000C)
    .ARM.Collect$$libshutdown$$0000000F      0x08000210   Section        0  libshutdown2.o(.ARM.Collect$$libshutdown$$0000000F)
    .ARM.Collect$$libshutdown$$00000010      0x08000210   Section        2  libshutdown2.o(.ARM.Collect$$libshutdown$$00000010)
    .ARM.Collect$$rtentry$$00000000          0x08000212   Section        0  __rtentry.o(.ARM.Collect$$rtentry$$00000000)
    .ARM.Collect$$rtentry$$00000002          0x08000212   Section        0  __rtentry2.o(.ARM.Collect$$rtentry$$00000002)
    .ARM.Collect$$rtentry$$00000004          0x08000212   Section        6  __rtentry4.o(.ARM.Collect$$rtentry$$00000004)
    .ARM.Collect$$rtentry$$00000009          0x08000218   Section        0  __rtentry2.o(.ARM.Collect$$rtentry$$00000009)
    .ARM.Collect$$rtentry$$0000000A          0x08000218   Section        4  __rtentry2.o(.ARM.Collect$$rtentry$$0000000A)
    .ARM.Collect$$rtentry$$0000000C          0x0800021c   Section        0  __rtentry2.o(.ARM.Collect$$rtentry$$0000000C)
    .ARM.Collect$$rtentry$$0000000D          0x0800021c   Section        8  __rtentry2.o(.ARM.Collect$$rtentry$$0000000D)
    .ARM.Collect$$rtexit$$00000000           0x08000224   Section        2  rtexit.o(.ARM.Collect$$rtexit$$00000000)
    .ARM.Collect$$rtexit$$00000002           0x08000226   Section        0  rtexit2.o(.ARM.Collect$$rtexit$$00000002)
    .ARM.Collect$$rtexit$$00000003           0x08000226   Section        4  rtexit2.o(.ARM.Collect$$rtexit$$00000003)
    .ARM.Collect$$rtexit$$00000004           0x0800022a   Section        6  rtexit2.o(.ARM.Collect$$rtexit$$00000004)
    .emb_text                                0x08000230   Section      190  port.o(.emb_text)
    $v0                                      0x08000230   Number         0  port.o(.emb_text)
    .text                                    0x080002f0   Section       64  startup_stm32f40_41xxx.o(.text)
    $v0                                      0x080002f0   Number         0  startup_stm32f40_41xxx.o(.text)
    .text                                    0x08000330   Section        2  use_no_semi_2.o(.text)
    .text                                    0x08000334   Section        0  noretval__2printf.o(.text)
    .text                                    0x0800034c   Section        0  __printf.o(.text)
    .text                                    0x080003b4   Section        0  _printf_dec.o(.text)
    .text                                    0x0800042c   Section      138  rt_memcpy_v6.o(.text)
    .text                                    0x080004b6   Section       16  aeabi_memset.o(.text)
    .text                                    0x080004c6   Section       78  rt_memclr_w.o(.text)
    .text                                    0x08000514   Section        0  heapauxi.o(.text)
    .text                                    0x0800051a   Section        2  use_no_semi.o(.text)
    .text                                    0x0800051c   Section        0  _printf_intcommon.o(.text)
    .text                                    0x080005d0   Section        0  _printf_char_file.o(.text)
    .text                                    0x080005f4   Section      100  rt_memcpy_w.o(.text)
    .text                                    0x08000658   Section       68  rt_memclr.o(.text)
    .text                                    0x0800069c   Section        0  _printf_char_common.o(.text)
    _printf_input_char                       0x0800069d   Thumb Code    10  _printf_char_common.o(.text)
    .text                                    0x080006cc   Section        0  ferror.o(.text)
    .text                                    0x080006d4   Section       74  sys_stackheap_outer.o(.text)
    .text                                    0x0800071e   Section        0  exit.o(.text)
    .text                                    0x08000730   Section        8  libspace.o(.text)
    i.AutoReloadCallback                     0x08000738   Section        0  main.o(i.AutoReloadCallback)
    i.BusFault_Handler                       0x08000778   Section        0  stm32f4xx_it.o(i.BusFault_Handler)
    i.DebugMon_Handler                       0x0800077c   Section        0  stm32f4xx_it.o(i.DebugMon_Handler)
    i.GPIO_Init                              0x0800077e   Section        0  stm32f4xx_gpio.o(i.GPIO_Init)
    i.GPIO_PinAFConfig                       0x0800080e   Section        0  stm32f4xx_gpio.o(i.GPIO_PinAFConfig)
    i.GPIO_ReadInputDataBit                  0x08000854   Section        0  stm32f4xx_gpio.o(i.GPIO_ReadInputDataBit)
    i.GPIO_SetBits                           0x08000866   Section        0  stm32f4xx_gpio.o(i.GPIO_SetBits)
    i.HardFault_Handler                      0x0800086a   Section        0  stm32f4xx_it.o(i.HardFault_Handler)
    i.KEY_Init                               0x08000870   Section        0  key.o(i.KEY_Init)
    i.KEY_Scan                               0x080008b4   Section        0  key.o(i.KEY_Scan)
    i.LED_Init                               0x0800097c   Section        0  led.o(i.LED_Init)
    i.MemManage_Handler                      0x080009b8   Section        0  stm32f4xx_it.o(i.MemManage_Handler)
    i.NMI_Handler                            0x080009bc   Section        0  stm32f4xx_it.o(i.NMI_Handler)
    i.NVIC_Init                              0x080009c0   Section        0  misc.o(i.NVIC_Init)
    i.NVIC_PriorityGroupConfig               0x08000a38   Section        0  misc.o(i.NVIC_PriorityGroupConfig)
    i.OneShotCallback                        0x08000a4c   Section        0  main.o(i.OneShotCallback)
    i.RCC_AHB1PeriphClockCmd                 0x08000a88   Section        0  stm32f4xx_rcc.o(i.RCC_AHB1PeriphClockCmd)
    i.RCC_APB2PeriphClockCmd                 0x08000aa8   Section        0  stm32f4xx_rcc.o(i.RCC_APB2PeriphClockCmd)
    i.RCC_GetClocksFreq                      0x08000ac8   Section        0  stm32f4xx_rcc.o(i.RCC_GetClocksFreq)
    i.SetSysClock                            0x08000bb0   Section        0  system_stm32f4xx.o(i.SetSysClock)
    SetSysClock                              0x08000bb1   Thumb Code   220  system_stm32f4xx.o(i.SetSysClock)
    i.StartTask                              0x08000c9c   Section        0  main.o(i.StartTask)
    i.SysTick_CLKSourceConfig                0x08000d3c   Section        0  misc.o(i.SysTick_CLKSourceConfig)
    i.SysTick_Handler                        0x08000d64   Section        0  port.o(i.SysTick_Handler)
    i.SystemInit                             0x08000d98   Section        0  system_stm32f4xx.o(i.SystemInit)
    i.USART1_IRQHandler                      0x08000e00   Section        0  usart.o(i.USART1_IRQHandler)
    i.USART_Cmd                              0x08000e88   Section        0  stm32f4xx_usart.o(i.USART_Cmd)
    i.USART_GetITStatus                      0x08000ea0   Section        0  stm32f4xx_usart.o(i.USART_GetITStatus)
    i.USART_ITConfig                         0x08000ef4   Section        0  stm32f4xx_usart.o(i.USART_ITConfig)
    i.USART_Init                             0x08000f40   Section        0  stm32f4xx_usart.o(i.USART_Init)
    i.USART_ReceiveData                      0x08001014   Section        0  stm32f4xx_usart.o(i.USART_ReceiveData)
    i.UsageFault_Handler                     0x0800101e   Section        0  stm32f4xx_it.o(i.UsageFault_Handler)
    i._sys_exit                              0x08001022   Section        0  usart.o(i._sys_exit)
    i.delay_init                             0x08001028   Section        0  delay.o(i.delay_init)
    i.delay_ms                               0x0800106c   Section        0  delay.o(i.delay_ms)
    i.delay_us                               0x080010ac   Section        0  delay.o(i.delay_us)
    i.fputc                                  0x080010f4   Section        0  usart.o(i.fputc)
    i.main                                   0x08001110   Section        0  main.o(i.main)
    i.prvAddCurrentTaskToDelayedList         0x08001160   Section        0  tasks.o(i.prvAddCurrentTaskToDelayedList)
    prvAddCurrentTaskToDelayedList           0x08001161   Thumb Code   124  tasks.o(i.prvAddCurrentTaskToDelayedList)
    i.prvAddNewTaskToReadyList               0x080011f8   Section        0  tasks.o(i.prvAddNewTaskToReadyList)
    prvAddNewTaskToReadyList                 0x080011f9   Thumb Code   156  tasks.o(i.prvAddNewTaskToReadyList)
    i.prvCheckForValidListAndQueue           0x080012b0   Section        0  timers.o(i.prvCheckForValidListAndQueue)
    prvCheckForValidListAndQueue             0x080012b1   Thumb Code    72  timers.o(i.prvCheckForValidListAndQueue)
    i.prvCheckTasksWaitingTermination        0x08001314   Section        0  tasks.o(i.prvCheckTasksWaitingTermination)
    prvCheckTasksWaitingTermination          0x08001315   Thumb Code    60  tasks.o(i.prvCheckTasksWaitingTermination)
    i.prvCopyDataFromQueue                   0x0800135c   Section        0  queue.o(i.prvCopyDataFromQueue)
    prvCopyDataFromQueue                     0x0800135d   Thumb Code    42  queue.o(i.prvCopyDataFromQueue)
    i.prvCopyDataToQueue                     0x08001386   Section        0  queue.o(i.prvCopyDataToQueue)
    prvCopyDataToQueue                       0x08001387   Thumb Code   126  queue.o(i.prvCopyDataToQueue)
    i.prvDeleteTCB                           0x08001404   Section        0  tasks.o(i.prvDeleteTCB)
    prvDeleteTCB                             0x08001405   Thumb Code    18  tasks.o(i.prvDeleteTCB)
    i.prvGetNextExpireTime                   0x08001418   Section        0  timers.o(i.prvGetNextExpireTime)
    prvGetNextExpireTime                     0x08001419   Thumb Code    36  timers.o(i.prvGetNextExpireTime)
    i.prvHeapInit                            0x08001440   Section        0  heap_4.o(i.prvHeapInit)
    prvHeapInit                              0x08001441   Thumb Code    98  heap_4.o(i.prvHeapInit)
    i.prvIdleTask                            0x080014bc   Section        0  tasks.o(i.prvIdleTask)
    prvIdleTask                              0x080014bd   Thumb Code    32  tasks.o(i.prvIdleTask)
    i.prvInitialiseNewQueue                  0x080014e4   Section        0  queue.o(i.prvInitialiseNewQueue)
    prvInitialiseNewQueue                    0x080014e5   Thumb Code    42  queue.o(i.prvInitialiseNewQueue)
    i.prvInitialiseNewTask                   0x0800150e   Section        0  tasks.o(i.prvInitialiseNewTask)
    prvInitialiseNewTask                     0x0800150f   Thumb Code   190  tasks.o(i.prvInitialiseNewTask)
    i.prvInitialiseNewTimer                  0x080015cc   Section        0  timers.o(i.prvInitialiseNewTimer)
    prvInitialiseNewTimer                    0x080015cd   Thumb Code    90  timers.o(i.prvInitialiseNewTimer)
    i.prvInitialiseTaskLists                 0x08001628   Section        0  tasks.o(i.prvInitialiseTaskLists)
    prvInitialiseTaskLists                   0x08001629   Thumb Code    70  tasks.o(i.prvInitialiseTaskLists)
    i.prvInsertBlockIntoFreeList             0x08001690   Section        0  heap_4.o(i.prvInsertBlockIntoFreeList)
    prvInsertBlockIntoFreeList               0x08001691   Thumb Code    96  heap_4.o(i.prvInsertBlockIntoFreeList)
    i.prvInsertTimerInActiveList             0x080016f8   Section        0  timers.o(i.prvInsertTimerInActiveList)
    prvInsertTimerInActiveList               0x080016f9   Thumb Code    80  timers.o(i.prvInsertTimerInActiveList)
    i.prvIsQueueEmpty                        0x08001750   Section        0  queue.o(i.prvIsQueueEmpty)
    prvIsQueueEmpty                          0x08001751   Thumb Code    26  queue.o(i.prvIsQueueEmpty)
    i.prvIsQueueFull                         0x0800176a   Section        0  queue.o(i.prvIsQueueFull)
    prvIsQueueFull                           0x0800176b   Thumb Code    30  queue.o(i.prvIsQueueFull)
    i.prvProcessExpiredTimer                 0x08001788   Section        0  timers.o(i.prvProcessExpiredTimer)
    prvProcessExpiredTimer                   0x08001789   Thumb Code   110  timers.o(i.prvProcessExpiredTimer)
    i.prvProcessReceivedCommands             0x080017fc   Section        0  timers.o(i.prvProcessReceivedCommands)
    prvProcessReceivedCommands               0x080017fd   Thumb Code   308  timers.o(i.prvProcessReceivedCommands)
    i.prvProcessTimerOrBlockTask             0x08001934   Section        0  timers.o(i.prvProcessTimerOrBlockTask)
    prvProcessTimerOrBlockTask               0x08001935   Thumb Code   102  timers.o(i.prvProcessTimerOrBlockTask)
    i.prvResetNextTaskUnblockTime            0x080019a8   Section        0  tasks.o(i.prvResetNextTaskUnblockTime)
    prvResetNextTaskUnblockTime              0x080019a9   Thumb Code    42  tasks.o(i.prvResetNextTaskUnblockTime)
    i.prvSampleTimeNow                       0x080019dc   Section        0  timers.o(i.prvSampleTimeNow)
    prvSampleTimeNow                         0x080019dd   Thumb Code    40  timers.o(i.prvSampleTimeNow)
    i.prvSwitchTimerLists                    0x08001a08   Section        0  timers.o(i.prvSwitchTimerLists)
    prvSwitchTimerLists                      0x08001a09   Thumb Code   154  timers.o(i.prvSwitchTimerLists)
    i.prvTaskExitError                       0x08001aac   Section        0  port.o(i.prvTaskExitError)
    prvTaskExitError                         0x08001aad   Thumb Code    60  port.o(i.prvTaskExitError)
    i.prvTimerTask                           0x08001aec   Section        0  timers.o(i.prvTimerTask)
    prvTimerTask                             0x08001aed   Thumb Code    26  timers.o(i.prvTimerTask)
    i.prvUnlockQueue                         0x08001b06   Section        0  queue.o(i.prvUnlockQueue)
    prvUnlockQueue                           0x08001b07   Thumb Code   126  queue.o(i.prvUnlockQueue)
    i.pvPortMalloc                           0x08001b84   Section        0  heap_4.o(i.pvPortMalloc)
    i.pxPortInitialiseStack                  0x08001cd0   Section        0  port.o(i.pxPortInitialiseStack)
    i.timerTask                              0x08001cfc   Section        0  main.o(i.timerTask)
    i.uart_init                              0x08001e34   Section        0  usart.o(i.uart_init)
    i.uxListRemove                           0x08001ee0   Section        0  list.o(i.uxListRemove)
    i.vListInitialise                        0x08001f08   Section        0  list.o(i.vListInitialise)
    i.vListInitialiseItem                    0x08001f22   Section        0  list.o(i.vListInitialiseItem)
    i.vListInsert                            0x08001f28   Section        0  list.o(i.vListInsert)
    i.vListInsertEnd                         0x08001f5c   Section        0  list.o(i.vListInsertEnd)
    i.vPortEnterCritical                     0x08001f74   Section        0  port.o(i.vPortEnterCritical)
    i.vPortExitCritical                      0x08001fc8   Section        0  port.o(i.vPortExitCritical)
    i.vPortFree                              0x08002004   Section        0  heap_4.o(i.vPortFree)
    i.vPortSetupTimerInterrupt               0x080020a8   Section        0  port.o(i.vPortSetupTimerInterrupt)
    i.vPortValidateInterruptPriority         0x080020d0   Section        0  port.o(i.vPortValidateInterruptPriority)
    i.vQueueAddToRegistry                    0x08002148   Section        0  queue.o(i.vQueueAddToRegistry)
    i.vQueueWaitForMessageRestricted         0x08002174   Section        0  queue.o(i.vQueueWaitForMessageRestricted)
    i.vTaskDelay                             0x080021c0   Section        0  tasks.o(i.vTaskDelay)
    i.vTaskDelete                            0x0800221c   Section        0  tasks.o(i.vTaskDelete)
    i.vTaskInternalSetTimeOutState           0x08002310   Section        0  tasks.o(i.vTaskInternalSetTimeOutState)
    i.vTaskMissedYield                       0x08002328   Section        0  tasks.o(i.vTaskMissedYield)
    i.vTaskPlaceOnEventList                  0x08002334   Section        0  tasks.o(i.vTaskPlaceOnEventList)
    i.vTaskPlaceOnEventListRestricted        0x0800236c   Section        0  tasks.o(i.vTaskPlaceOnEventListRestricted)
    i.vTaskStartScheduler                    0x080023ac   Section        0  tasks.o(i.vTaskStartScheduler)
    i.vTaskSuspendAll                        0x08002440   Section        0  tasks.o(i.vTaskSuspendAll)
    i.vTaskSwitchContext                     0x08002450   Section        0  tasks.o(i.vTaskSwitchContext)
    i.xPortStartScheduler                    0x080024dc   Section        0  port.o(i.xPortStartScheduler)
    i.xQueueGenericCreate                    0x08002644   Section        0  queue.o(i.xQueueGenericCreate)
    i.xQueueGenericReset                     0x08002698   Section        0  queue.o(i.xQueueGenericReset)
    i.xQueueGenericSend                      0x08002730   Section        0  queue.o(i.xQueueGenericSend)
    i.xQueueGenericSendFromISR               0x080028d8   Section        0  queue.o(i.xQueueGenericSendFromISR)
    i.xQueueReceive                          0x080029d4   Section        0  queue.o(i.xQueueReceive)
    i.xTaskCheckForTimeOut                   0x08002b3c   Section        0  tasks.o(i.xTaskCheckForTimeOut)
    i.xTaskCreate                            0x08002bc8   Section        0  tasks.o(i.xTaskCreate)
    i.xTaskGetSchedulerState                 0x08002c28   Section        0  tasks.o(i.xTaskGetSchedulerState)
    i.xTaskGetTickCount                      0x08002c48   Section        0  tasks.o(i.xTaskGetTickCount)
    i.xTaskIncrementTick                     0x08002c54   Section        0  tasks.o(i.xTaskIncrementTick)
    i.xTaskPriorityDisinherit                0x08002d9c   Section        0  tasks.o(i.xTaskPriorityDisinherit)
    i.xTaskRemoveFromEventList               0x08002e64   Section        0  tasks.o(i.xTaskRemoveFromEventList)
    i.xTaskResumeAll                         0x08002efc   Section        0  tasks.o(i.xTaskResumeAll)
    i.xTimerCreate                           0x08003000   Section        0  timers.o(i.xTimerCreate)
    i.xTimerCreateTimerTask                  0x08003038   Section        0  timers.o(i.xTimerCreateTimerTask)
    i.xTimerGenericCommand                   0x08003090   Section        0  timers.o(i.xTimerGenericCommand)
    x$fpl$fpinit                             0x08003114   Section       10  fpinit.o(x$fpl$fpinit)
    $v0                                      0x08003114   Number         0  fpinit.o(x$fpl$fpinit)
    .data                                    0x20000000   Section       18  main.o(.data)
    timers                                   0x20000010   Data           1  main.o(.data)
    timers                                   0x20000011   Data           1  main.o(.data)
    .data                                    0x20000014   Section       20  system_stm32f4xx.o(.data)
    .data                                    0x20000028   Section        1  key.o(.data)
    key_up                                   0x20000028   Data           1  key.o(.data)
    .data                                    0x2000002a   Section        4  delay.o(.data)
    fac_us                                   0x2000002a   Data           1  delay.o(.data)
    fac_ms                                   0x2000002c   Data           2  delay.o(.data)
    .data                                    0x20000030   Section        6  usart.o(.data)
    .data                                    0x20000036   Section       16  stm32f4xx_rcc.o(.data)
    APBAHBPrescTable                         0x20000036   Data          16  stm32f4xx_rcc.o(.data)
    .data                                    0x20000048   Section       60  tasks.o(.data)
    pxDelayedTaskList                        0x2000004c   Data           4  tasks.o(.data)
    pxOverflowDelayedTaskList                0x20000050   Data           4  tasks.o(.data)
    uxDeletedTasksWaitingCleanUp             0x20000054   Data           4  tasks.o(.data)
    uxCurrentNumberOfTasks                   0x20000058   Data           4  tasks.o(.data)
    xTickCount                               0x2000005c   Data           4  tasks.o(.data)
    uxTopReadyPriority                       0x20000060   Data           4  tasks.o(.data)
    xSchedulerRunning                        0x20000064   Data           4  tasks.o(.data)
    xPendedTicks                             0x20000068   Data           4  tasks.o(.data)
    xYieldPending                            0x2000006c   Data           4  tasks.o(.data)
    xNumOfOverflows                          0x20000070   Data           4  tasks.o(.data)
    uxTaskNumber                             0x20000074   Data           4  tasks.o(.data)
    xNextTaskUnblockTime                     0x20000078   Data           4  tasks.o(.data)
    xIdleTaskHandle                          0x2000007c   Data           4  tasks.o(.data)
    uxSchedulerSuspended                     0x20000080   Data           4  tasks.o(.data)
    .data                                    0x20000084   Section       20  timers.o(.data)
    pxCurrentTimerList                       0x20000084   Data           4  timers.o(.data)
    pxOverflowTimerList                      0x20000088   Data           4  timers.o(.data)
    xTimerQueue                              0x2000008c   Data           4  timers.o(.data)
    xTimerTaskHandle                         0x20000090   Data           4  timers.o(.data)
    xLastTime                                0x20000094   Data           4  timers.o(.data)
    .data                                    0x20000098   Section       12  port.o(.data)
    uxCriticalNesting                        0x20000098   Data           4  port.o(.data)
    ucMaxSysCallPriority                     0x2000009c   Data           1  port.o(.data)
    ulMaxPRIGROUPValue                       0x200000a0   Data           4  port.o(.data)
    .data                                    0x200000a4   Section       32  heap_4.o(.data)
    xStart                                   0x200000a4   Data           8  heap_4.o(.data)
    pxEnd                                    0x200000ac   Data           4  heap_4.o(.data)
    xFreeBytesRemaining                      0x200000b0   Data           4  heap_4.o(.data)
    xMinimumEverFreeBytesRemaining           0x200000b4   Data           4  heap_4.o(.data)
    xNumberOfSuccessfulAllocations           0x200000b8   Data           4  heap_4.o(.data)
    xNumberOfSuccessfulFrees                 0x200000bc   Data           4  heap_4.o(.data)
    xBlockAllocatedBit                       0x200000c0   Data           4  heap_4.o(.data)
    .bss                                     0x200000c4   Section      200  usart.o(.bss)
    .bss                                     0x2000018c   Section       64  queue.o(.bss)
    .bss                                     0x200001cc   Section      200  tasks.o(.bss)
    pxReadyTasksLists                        0x200001cc   Data         100  tasks.o(.bss)
    xDelayedTaskList1                        0x20000230   Data          20  tasks.o(.bss)
    xDelayedTaskList2                        0x20000244   Data          20  tasks.o(.bss)
    xPendingReadyList                        0x20000258   Data          20  tasks.o(.bss)
    xTasksWaitingTermination                 0x2000026c   Data          20  tasks.o(.bss)
    xSuspendedTaskList                       0x20000280   Data          20  tasks.o(.bss)
    .bss                                     0x20000294   Section       40  timers.o(.bss)
    xActiveTimerList1                        0x20000294   Data          20  timers.o(.bss)
    xActiveTimerList2                        0x200002a8   Data          20  timers.o(.bss)
    .bss                                     0x200002bc   Section    76800  heap_4.o(.bss)
    ucHeap                                   0x200002bc   Data       76800  heap_4.o(.bss)
    .bss                                     0x20012ebc   Section       96  libspace.o(.bss)
    HEAP                                     0x20012f20   Section      512  startup_stm32f40_41xxx.o(HEAP)
    Heap_Mem                                 0x20012f20   Data         512  startup_stm32f40_41xxx.o(HEAP)
    STACK                                    0x20013120   Section     1024  startup_stm32f40_41xxx.o(STACK)
    Stack_Mem                                0x20013120   Data        1024  startup_stm32f40_41xxx.o(STACK)
    __initial_sp                             0x20013520   Data           0  startup_stm32f40_41xxx.o(STACK)

    Global Symbols

    Symbol Name                              Value     Ov Type        Size  Object(Section)

    BuildAttributes$$THM_ISAv4$E$P$D$K$B$S$7EM$VFPi3$EXTD16$VFPS$VFMA$PE$A:L22UL41UL21$X:L11$S22US41US21$IEEE1$IW$USESV6$~STKCKD$USESV7$~SHL$OSPACE$ROPI$EBA8$UX$STANDARDLIB$REQ8$PRES8$EABIv2 0x00000000   Number         0  anon$$obj.o ABSOLUTE
    __ARM_use_no_argv                        0x00000000   Number         0  main.o ABSOLUTE
    __ARM_exceptions_init                     - Undefined Weak Reference
    __alloca_initialize                       - Undefined Weak Reference
    __arm_preinit_                            - Undefined Weak Reference
    __cpp_initialize__aeabi_                  - Undefined Weak Reference
    __cxa_finalize                            - Undefined Weak Reference
    __rt_locale                               - Undefined Weak Reference
    __sigvec_lookup                           - Undefined Weak Reference
    _atexit_init                              - Undefined Weak Reference
    _call_atexit_fns                          - Undefined Weak Reference
    _clock_init                               - Undefined Weak Reference
    _fp_trap_init                             - Undefined Weak Reference
    _fp_trap_shutdown                         - Undefined Weak Reference
    _get_lc_collate                           - Undefined Weak Reference
    _get_lc_ctype                             - Undefined Weak Reference
    _get_lc_monetary                          - Undefined Weak Reference
    _get_lc_numeric                           - Undefined Weak Reference
    _get_lc_time                              - Undefined Weak Reference
    _getenv_init                              - Undefined Weak Reference
    _handle_redirection                       - Undefined Weak Reference
    _init_alloc                               - Undefined Weak Reference
    _init_user_alloc                          - Undefined Weak Reference
    _initio                                   - Undefined Weak Reference
    _mutex_acquire                            - Undefined Weak Reference
    _mutex_release                            - Undefined Weak Reference
    _printf_post_padding                      - Undefined Weak Reference
    _printf_pre_padding                       - Undefined Weak Reference
    _printf_truncate_signed                   - Undefined Weak Reference
    _printf_truncate_unsigned                 - Undefined Weak Reference
    _rand_init                                - Undefined Weak Reference
    _signal_finish                            - Undefined Weak Reference
    _signal_init                              - Undefined Weak Reference
    _terminate_alloc                          - Undefined Weak Reference
    _terminate_user_alloc                     - Undefined Weak Reference
    _terminateio                              - Undefined Weak Reference
    __Vectors_Size                           0x00000188   Number         0  startup_stm32f40_41xxx.o ABSOLUTE
    __Vectors                                0x08000000   Data           4  startup_stm32f40_41xxx.o(RESET)
    __Vectors_End                            0x08000188   Data           0  startup_stm32f40_41xxx.o(RESET)
    __main                                   0x08000189   Thumb Code     8  __main.o(!!!main)
    __scatterload                            0x08000191   Thumb Code     0  __scatter.o(!!!scatter)
    __scatterload_rt2                        0x08000191   Thumb Code    44  __scatter.o(!!!scatter)
    __scatterload_rt2_thumb_only             0x08000191   Thumb Code     0  __scatter.o(!!!scatter)
    __scatterload_null                       0x0800019f   Thumb Code     0  __scatter.o(!!!scatter)
    __scatterload_copy                       0x080001c5   Thumb Code    26  __scatter_copy.o(!!handler_copy)
    __scatterload_zeroinit                   0x080001e1   Thumb Code    28  __scatter_zi.o(!!handler_zi)
    _printf_d                                0x080001fd   Thumb Code     0  _printf_d.o(.ARM.Collect$$_printf_percent$$00000009)
    _printf_percent                          0x080001fd   Thumb Code     0  _printf_percent.o(.ARM.Collect$$_printf_percent$$00000000)
    _printf_percent_end                      0x08000203   Thumb Code     0  _printf_percent_end.o(.ARM.Collect$$_printf_percent$$00000017)
    __rt_lib_init                            0x08000207   Thumb Code     0  libinit.o(.ARM.Collect$$libinit$$00000000)
    __rt_lib_init_fp_1                       0x08000209   Thumb Code     0  libinit2.o(.ARM.Collect$$libinit$$00000001)
    __rt_lib_init_alloca_1                   0x0800020d   Thumb Code     0  libinit2.o(.ARM.Collect$$libinit$$0000002E)
    __rt_lib_init_argv_1                     0x0800020d   Thumb Code     0  libinit2.o(.ARM.Collect$$libinit$$0000002C)
    __rt_lib_init_atexit_1                   0x0800020d   Thumb Code     0  libinit2.o(.ARM.Collect$$libinit$$0000001B)
    __rt_lib_init_clock_1                    0x0800020d   Thumb Code     0  libinit2.o(.ARM.Collect$$libinit$$00000021)
    __rt_lib_init_cpp_1                      0x0800020d   Thumb Code     0  libinit2.o(.ARM.Collect$$libinit$$00000032)
    __rt_lib_init_exceptions_1               0x0800020d   Thumb Code     0  libinit2.o(.ARM.Collect$$libinit$$00000030)
    __rt_lib_init_fp_trap_1                  0x0800020d   Thumb Code     0  libinit2.o(.ARM.Collect$$libinit$$0000001F)
    __rt_lib_init_getenv_1                   0x0800020d   Thumb Code     0  libinit2.o(.ARM.Collect$$libinit$$00000023)
    __rt_lib_init_heap_1                     0x0800020d   Thumb Code     0  libinit2.o(.ARM.Collect$$libinit$$0000000A)
    __rt_lib_init_lc_collate_1               0x0800020d   Thumb Code     0  libinit2.o(.ARM.Collect$$libinit$$00000011)
    __rt_lib_init_lc_ctype_1                 0x0800020d   Thumb Code     0  libinit2.o(.ARM.Collect$$libinit$$00000013)
    __rt_lib_init_lc_monetary_1              0x0800020d   Thumb Code     0  libinit2.o(.ARM.Collect$$libinit$$00000015)
    __rt_lib_init_lc_numeric_1               0x0800020d   Thumb Code     0  libinit2.o(.ARM.Collect$$libinit$$00000017)
    __rt_lib_init_lc_time_1                  0x0800020d   Thumb Code     0  libinit2.o(.ARM.Collect$$libinit$$00000019)
    __rt_lib_init_preinit_1                  0x0800020d   Thumb Code     0  libinit2.o(.ARM.Collect$$libinit$$00000004)
    __rt_lib_init_rand_1                     0x0800020d   Thumb Code     0  libinit2.o(.ARM.Collect$$libinit$$0000000E)
    __rt_lib_init_return                     0x0800020d   Thumb Code     0  libinit2.o(.ARM.Collect$$libinit$$00000033)
    __rt_lib_init_signal_1                   0x0800020d   Thumb Code     0  libinit2.o(.ARM.Collect$$libinit$$0000001D)
    __rt_lib_init_stdio_1                    0x0800020d   Thumb Code     0  libinit2.o(.ARM.Collect$$libinit$$00000025)
    __rt_lib_init_user_alloc_1               0x0800020d   Thumb Code     0  libinit2.o(.ARM.Collect$$libinit$$0000000C)
    __rt_lib_shutdown                        0x0800020f   Thumb Code     0  libshutdown.o(.ARM.Collect$$libshutdown$$00000000)
    __rt_lib_shutdown_cpp_1                  0x08000211   Thumb Code     0  libshutdown2.o(.ARM.Collect$$libshutdown$$00000002)
    __rt_lib_shutdown_fp_trap_1              0x08000211   Thumb Code     0  libshutdown2.o(.ARM.Collect$$libshutdown$$00000007)
    __rt_lib_shutdown_heap_1                 0x08000211   Thumb Code     0  libshutdown2.o(.ARM.Collect$$libshutdown$$0000000F)
    __rt_lib_shutdown_return                 0x08000211   Thumb Code     0  libshutdown2.o(.ARM.Collect$$libshutdown$$00000010)
    __rt_lib_shutdown_signal_1               0x08000211   Thumb Code     0  libshutdown2.o(.ARM.Collect$$libshutdown$$0000000A)
    __rt_lib_shutdown_stdio_1                0x08000211   Thumb Code     0  libshutdown2.o(.ARM.Collect$$libshutdown$$00000004)
    __rt_lib_shutdown_user_alloc_1           0x08000211   Thumb Code     0  libshutdown2.o(.ARM.Collect$$libshutdown$$0000000C)
    __rt_entry                               0x08000213   Thumb Code     0  __rtentry.o(.ARM.Collect$$rtentry$$00000000)
    __rt_entry_presh_1                       0x08000213   Thumb Code     0  __rtentry2.o(.ARM.Collect$$rtentry$$00000002)
    __rt_entry_sh                            0x08000213   Thumb Code     0  __rtentry4.o(.ARM.Collect$$rtentry$$00000004)
    __rt_entry_li                            0x08000219   Thumb Code     0  __rtentry2.o(.ARM.Collect$$rtentry$$0000000A)
    __rt_entry_postsh_1                      0x08000219   Thumb Code     0  __rtentry2.o(.ARM.Collect$$rtentry$$00000009)
    __rt_entry_main                          0x0800021d   Thumb Code     0  __rtentry2.o(.ARM.Collect$$rtentry$$0000000D)
    __rt_entry_postli_1                      0x0800021d   Thumb Code     0  __rtentry2.o(.ARM.Collect$$rtentry$$0000000C)
    __rt_exit                                0x08000225   Thumb Code     0  rtexit.o(.ARM.Collect$$rtexit$$00000000)
    __rt_exit_ls                             0x08000227   Thumb Code     0  rtexit2.o(.ARM.Collect$$rtexit$$00000003)
    __rt_exit_prels_1                        0x08000227   Thumb Code     0  rtexit2.o(.ARM.Collect$$rtexit$$00000002)
    __rt_exit_exit                           0x0800022b   Thumb Code     0  rtexit2.o(.ARM.Collect$$rtexit$$00000004)
    SVC_Handler                              0x08000231   Thumb Code    28  port.o(.emb_text)
    __asm___6_port_c_39a90d8d__prvStartFirstTask 0x08000251   Thumb Code    36  port.o(.emb_text)
    __asm___6_port_c_39a90d8d__prvEnableVFP  0x08000279   Thumb Code    16  port.o(.emb_text)
    PendSV_Handler                           0x0800028d   Thumb Code    88  port.o(.emb_text)
    vPortGetIPSR                             0x080002e9   Thumb Code     6  port.o(.emb_text)
    Reset_Handler                            0x080002f1   Thumb Code     8  startup_stm32f40_41xxx.o(.text)
    ADC_IRQHandler                           0x0800030b   Thumb Code     0  startup_stm32f40_41xxx.o(.text)
    CAN1_RX0_IRQHandler                      0x0800030b   Thumb Code     0  startup_stm32f40_41xxx.o(.text)
    CAN1_RX1_IRQHandler                      0x0800030b   Thumb Code     0  startup_stm32f40_41xxx.o(.text)
    CAN1_SCE_IRQHandler                      0x0800030b   Thumb Code     0  startup_stm32f40_41xxx.o(.text)
    CAN1_TX_IRQHandler                       0x0800030b   Thumb Code     0  startup_stm32f40_41xxx.o(.text)
    CAN2_RX0_IRQHandler                      0x0800030b   Thumb Code     0  startup_stm32f40_41xxx.o(.text)
    CAN2_RX1_IRQHandler                      0x0800030b   Thumb Code     0  startup_stm32f40_41xxx.o(.text)
    CAN2_SCE_IRQHandler                      0x0800030b   Thumb Code     0  startup_stm32f40_41xxx.o(.text)
    CAN2_TX_IRQHandler                       0x0800030b   Thumb Code     0  startup_stm32f40_41xxx.o(.text)
    CRYP_IRQHandler                          0x0800030b   Thumb Code     0  startup_stm32f40_41xxx.o(.text)
    DCMI_IRQHandler                          0x0800030b   Thumb Code     0  startup_stm32f40_41xxx.o(.text)
    DMA1_Stream0_IRQHandler                  0x0800030b   Thumb Code     0  startup_stm32f40_41xxx.o(.text)
    DMA1_Stream1_IRQHandler                  0x0800030b   Thumb Code     0  startup_stm32f40_41xxx.o(.text)
    DMA1_Stream2_IRQHandler                  0x0800030b   Thumb Code     0  startup_stm32f40_41xxx.o(.text)
    DMA1_Stream3_IRQHandler                  0x0800030b   Thumb Code     0  startup_stm32f40_41xxx.o(.text)
    DMA1_Stream4_IRQHandler                  0x0800030b   Thumb Code     0  startup_stm32f40_41xxx.o(.text)
    DMA1_Stream5_IRQHandler                  0x0800030b   Thumb Code     0  startup_stm32f40_41xxx.o(.text)
    DMA1_Stream6_IRQHandler                  0x0800030b   Thumb Code     0  startup_stm32f40_41xxx.o(.text)
    DMA1_Stream7_IRQHandler                  0x0800030b   Thumb Code     0  startup_stm32f40_41xxx.o(.text)
    DMA2_Stream0_IRQHandler                  0x0800030b   Thumb Code     0  startup_stm32f40_41xxx.o(.text)
    DMA2_Stream1_IRQHandler                  0x0800030b   Thumb Code     0  startup_stm32f40_41xxx.o(.text)
    DMA2_Stream2_IRQHandler                  0x0800030b   Thumb Code     0  startup_stm32f40_41xxx.o(.text)
    DMA2_Stream3_IRQHandler                  0x0800030b   Thumb Code     0  startup_stm32f40_41xxx.o(.text)
    DMA2_Stream4_IRQHandler                  0x0800030b   Thumb Code     0  startup_stm32f40_41xxx.o(.text)
    DMA2_Stream5_IRQHandler                  0x0800030b   Thumb Code     0  startup_stm32f40_41xxx.o(.text)
    DMA2_Stream6_IRQHandler                  0x0800030b   Thumb Code     0  startup_stm32f40_41xxx.o(.text)
    DMA2_Stream7_IRQHandler                  0x0800030b   Thumb Code     0  startup_stm32f40_41xxx.o(.text)
    ETH_IRQHandler                           0x0800030b   Thumb Code     0  startup_stm32f40_41xxx.o(.text)
    ETH_WKUP_IRQHandler                      0x0800030b   Thumb Code     0  startup_stm32f40_41xxx.o(.text)
    EXTI0_IRQHandler                         0x0800030b   Thumb Code     0  startup_stm32f40_41xxx.o(.text)
    EXTI15_10_IRQHandler                     0x0800030b   Thumb Code     0  startup_stm32f40_41xxx.o(.text)
    EXTI1_IRQHandler                         0x0800030b   Thumb Code     0  startup_stm32f40_41xxx.o(.text)
    EXTI2_IRQHandler                         0x0800030b   Thumb Code     0  startup_stm32f40_41xxx.o(.text)
    EXTI3_IRQHandler                         0x0800030b   Thumb Code     0  startup_stm32f40_41xxx.o(.text)
    EXTI4_IRQHandler                         0x0800030b   Thumb Code     0  startup_stm32f40_41xxx.o(.text)
    EXTI9_5_IRQHandler                       0x0800030b   Thumb Code     0  startup_stm32f40_41xxx.o(.text)
    FLASH_IRQHandler                         0x0800030b   Thumb Code     0  startup_stm32f40_41xxx.o(.text)
    FPU_IRQHandler                           0x0800030b   Thumb Code     0  startup_stm32f40_41xxx.o(.text)
    FSMC_IRQHandler                          0x0800030b   Thumb Code     0  startup_stm32f40_41xxx.o(.text)
    HASH_RNG_IRQHandler                      0x0800030b   Thumb Code     0  startup_stm32f40_41xxx.o(.text)
    I2C1_ER_IRQHandler                       0x0800030b   Thumb Code     0  startup_stm32f40_41xxx.o(.text)
    I2C1_EV_IRQHandler                       0x0800030b   Thumb Code     0  startup_stm32f40_41xxx.o(.text)
    I2C2_ER_IRQHandler                       0x0800030b   Thumb Code     0  startup_stm32f40_41xxx.o(.text)
    I2C2_EV_IRQHandler                       0x0800030b   Thumb Code     0  startup_stm32f40_41xxx.o(.text)
    I2C3_ER_IRQHandler                       0x0800030b   Thumb Code     0  startup_stm32f40_41xxx.o(.text)
    I2C3_EV_IRQHandler                       0x0800030b   Thumb Code     0  startup_stm32f40_41xxx.o(.text)
    OTG_FS_IRQHandler                        0x0800030b   Thumb Code     0  startup_stm32f40_41xxx.o(.text)
    OTG_FS_WKUP_IRQHandler                   0x0800030b   Thumb Code     0  startup_stm32f40_41xxx.o(.text)
    OTG_HS_EP1_IN_IRQHandler                 0x0800030b   Thumb Code     0  startup_stm32f40_41xxx.o(.text)
    OTG_HS_EP1_OUT_IRQHandler                0x0800030b   Thumb Code     0  startup_stm32f40_41xxx.o(.text)
    OTG_HS_IRQHandler                        0x0800030b   Thumb Code     0  startup_stm32f40_41xxx.o(.text)
    OTG_HS_WKUP_IRQHandler                   0x0800030b   Thumb Code     0  startup_stm32f40_41xxx.o(.text)
    PVD_IRQHandler                           0x0800030b   Thumb Code     0  startup_stm32f40_41xxx.o(.text)
    RCC_IRQHandler                           0x0800030b   Thumb Code     0  startup_stm32f40_41xxx.o(.text)
    RTC_Alarm_IRQHandler                     0x0800030b   Thumb Code     0  startup_stm32f40_41xxx.o(.text)
    RTC_WKUP_IRQHandler                      0x0800030b   Thumb Code     0  startup_stm32f40_41xxx.o(.text)
    SDIO_IRQHandler                          0x0800030b   Thumb Code     0  startup_stm32f40_41xxx.o(.text)
    SPI1_IRQHandler                          0x0800030b   Thumb Code     0  startup_stm32f40_41xxx.o(.text)
    SPI2_IRQHandler                          0x0800030b   Thumb Code     0  startup_stm32f40_41xxx.o(.text)
    SPI3_IRQHandler                          0x0800030b   Thumb Code     0  startup_stm32f40_41xxx.o(.text)
    TAMP_STAMP_IRQHandler                    0x0800030b   Thumb Code     0  startup_stm32f40_41xxx.o(.text)
    TIM1_BRK_TIM9_IRQHandler                 0x0800030b   Thumb Code     0  startup_stm32f40_41xxx.o(.text)
    TIM1_CC_IRQHandler                       0x0800030b   Thumb Code     0  startup_stm32f40_41xxx.o(.text)
    TIM1_TRG_COM_TIM11_IRQHandler            0x0800030b   Thumb Code     0  startup_stm32f40_41xxx.o(.text)
    TIM1_UP_TIM10_IRQHandler                 0x0800030b   Thumb Code     0  startup_stm32f40_41xxx.o(.text)
    TIM2_IRQHandler                          0x0800030b   Thumb Code     0  startup_stm32f40_41xxx.o(.text)
    TIM3_IRQHandler                          0x0800030b   Thumb Code     0  startup_stm32f40_41xxx.o(.text)
    TIM4_IRQHandler                          0x0800030b   Thumb Code     0  startup_stm32f40_41xxx.o(.text)
    TIM5_IRQHandler                          0x0800030b   Thumb Code     0  startup_stm32f40_41xxx.o(.text)
    TIM6_DAC_IRQHandler                      0x0800030b   Thumb Code     0  startup_stm32f40_41xxx.o(.text)
    TIM7_IRQHandler                          0x0800030b   Thumb Code     0  startup_stm32f40_41xxx.o(.text)
    TIM8_BRK_TIM12_IRQHandler                0x0800030b   Thumb Code     0  startup_stm32f40_41xxx.o(.text)
    TIM8_CC_IRQHandler                       0x0800030b   Thumb Code     0  startup_stm32f40_41xxx.o(.text)
    TIM8_TRG_COM_TIM14_IRQHandler            0x0800030b   Thumb Code     0  startup_stm32f40_41xxx.o(.text)
    TIM8_UP_TIM13_IRQHandler                 0x0800030b   Thumb Code     0  startup_stm32f40_41xxx.o(.text)
    UART4_IRQHandler                         0x0800030b   Thumb Code     0  startup_stm32f40_41xxx.o(.text)
    UART5_IRQHandler                         0x0800030b   Thumb Code     0  startup_stm32f40_41xxx.o(.text)
    USART2_IRQHandler                        0x0800030b   Thumb Code     0  startup_stm32f40_41xxx.o(.text)
    USART3_IRQHandler                        0x0800030b   Thumb Code     0  startup_stm32f40_41xxx.o(.text)
    USART6_IRQHandler                        0x0800030b   Thumb Code     0  startup_stm32f40_41xxx.o(.text)
    WWDG_IRQHandler                          0x0800030b   Thumb Code     0  startup_stm32f40_41xxx.o(.text)
    __user_initial_stackheap                 0x0800030d   Thumb Code     0  startup_stm32f40_41xxx.o(.text)
    __use_no_semihosting                     0x08000331   Thumb Code     2  use_no_semi_2.o(.text)
    __2printf                                0x08000335   Thumb Code    20  noretval__2printf.o(.text)
    __printf                                 0x0800034d   Thumb Code   104  __printf.o(.text)
    _printf_int_dec                          0x080003b5   Thumb Code   104  _printf_dec.o(.text)
    __aeabi_memcpy                           0x0800042d   Thumb Code     0  rt_memcpy_v6.o(.text)
    __rt_memcpy                              0x0800042d   Thumb Code   138  rt_memcpy_v6.o(.text)
    _memcpy_lastbytes                        0x08000493   Thumb Code     0  rt_memcpy_v6.o(.text)
    __aeabi_memset                           0x080004b7   Thumb Code    16  aeabi_memset.o(.text)
    __aeabi_memclr4                          0x080004c7   Thumb Code     0  rt_memclr_w.o(.text)
    __aeabi_memclr8                          0x080004c7   Thumb Code     0  rt_memclr_w.o(.text)
    __rt_memclr_w                            0x080004c7   Thumb Code    78  rt_memclr_w.o(.text)
    _memset_w                                0x080004cb   Thumb Code     0  rt_memclr_w.o(.text)
    __use_two_region_memory                  0x08000515   Thumb Code     2  heapauxi.o(.text)
    __rt_heap_escrow$2region                 0x08000517   Thumb Code     2  heapauxi.o(.text)
    __rt_heap_expand$2region                 0x08000519   Thumb Code     2  heapauxi.o(.text)
    __I$use$semihosting                      0x0800051b   Thumb Code     0  use_no_semi.o(.text)
    __use_no_semihosting_swi                 0x0800051b   Thumb Code     2  use_no_semi.o(.text)
    _printf_int_common                       0x0800051d   Thumb Code   178  _printf_intcommon.o(.text)
    _printf_char_file                        0x080005d1   Thumb Code    32  _printf_char_file.o(.text)
    __aeabi_memcpy4                          0x080005f5   Thumb Code     0  rt_memcpy_w.o(.text)
    __aeabi_memcpy8                          0x080005f5   Thumb Code     0  rt_memcpy_w.o(.text)
    __rt_memcpy_w                            0x080005f5   Thumb Code   100  rt_memcpy_w.o(.text)
    _memcpy_lastbytes_aligned                0x0800063d   Thumb Code     0  rt_memcpy_w.o(.text)
    __aeabi_memclr                           0x08000659   Thumb Code     0  rt_memclr.o(.text)
    __rt_memclr                              0x08000659   Thumb Code    68  rt_memclr.o(.text)
    _memset                                  0x0800065d   Thumb Code     0  rt_memclr.o(.text)
    _printf_char_common                      0x080006a7   Thumb Code    32  _printf_char_common.o(.text)
    ferror                                   0x080006cd   Thumb Code     8  ferror.o(.text)
    __user_setup_stackheap                   0x080006d5   Thumb Code    74  sys_stackheap_outer.o(.text)
    exit                                     0x0800071f   Thumb Code    18  exit.o(.text)
    __user_libspace                          0x08000731   Thumb Code     8  libspace.o(.text)
    __user_perproc_libspace                  0x08000731   Thumb Code     0  libspace.o(.text)
    __user_perthread_libspace                0x08000731   Thumb Code     0  libspace.o(.text)
    AutoReloadCallback                       0x08000739   Thumb Code    26  main.o(i.AutoReloadCallback)
    BusFault_Handler                         0x08000779   Thumb Code     4  stm32f4xx_it.o(i.BusFault_Handler)
    DebugMon_Handler                         0x0800077d   Thumb Code     2  stm32f4xx_it.o(i.DebugMon_Handler)
    GPIO_Init                                0x0800077f   Thumb Code   144  stm32f4xx_gpio.o(i.GPIO_Init)
    GPIO_PinAFConfig                         0x0800080f   Thumb Code    70  stm32f4xx_gpio.o(i.GPIO_PinAFConfig)
    GPIO_ReadInputDataBit                    0x08000855   Thumb Code    18  stm32f4xx_gpio.o(i.GPIO_ReadInputDataBit)
    GPIO_SetBits                             0x08000867   Thumb Code     4  stm32f4xx_gpio.o(i.GPIO_SetBits)
    HardFault_Handler                        0x0800086b   Thumb Code     4  stm32f4xx_it.o(i.HardFault_Handler)
    KEY_Init                                 0x08000871   Thumb Code    60  key.o(i.KEY_Init)
    KEY_Scan                                 0x080008b5   Thumb Code   188  key.o(i.KEY_Scan)
    LED_Init                                 0x0800097d   Thumb Code    56  led.o(i.LED_Init)
    MemManage_Handler                        0x080009b9   Thumb Code     4  stm32f4xx_it.o(i.MemManage_Handler)
    NMI_Handler                              0x080009bd   Thumb Code     2  stm32f4xx_it.o(i.NMI_Handler)
    NVIC_Init                                0x080009c1   Thumb Code   106  misc.o(i.NVIC_Init)
    NVIC_PriorityGroupConfig                 0x08000a39   Thumb Code    10  misc.o(i.NVIC_PriorityGroupConfig)
    OneShotCallback                          0x08000a4d   Thumb Code    26  main.o(i.OneShotCallback)
    RCC_AHB1PeriphClockCmd                   0x08000a89   Thumb Code    26  stm32f4xx_rcc.o(i.RCC_AHB1PeriphClockCmd)
    RCC_APB2PeriphClockCmd                   0x08000aa9   Thumb Code    26  stm32f4xx_rcc.o(i.RCC_APB2PeriphClockCmd)
    RCC_GetClocksFreq                        0x08000ac9   Thumb Code   214  stm32f4xx_rcc.o(i.RCC_GetClocksFreq)
    StartTask                                0x08000c9d   Thumb Code    86  main.o(i.StartTask)
    SysTick_CLKSourceConfig                  0x08000d3d   Thumb Code    40  misc.o(i.SysTick_CLKSourceConfig)
    SysTick_Handler                          0x08000d65   Thumb Code    46  port.o(i.SysTick_Handler)
    SystemInit                               0x08000d99   Thumb Code    88  system_stm32f4xx.o(i.SystemInit)
    USART1_IRQHandler                        0x08000e01   Thumb Code   122  usart.o(i.USART1_IRQHandler)
    USART_Cmd                                0x08000e89   Thumb Code    24  stm32f4xx_usart.o(i.USART_Cmd)
    USART_GetITStatus                        0x08000ea1   Thumb Code    84  stm32f4xx_usart.o(i.USART_GetITStatus)
    USART_ITConfig                           0x08000ef5   Thumb Code    74  stm32f4xx_usart.o(i.USART_ITConfig)
    USART_Init                               0x08000f41   Thumb Code   204  stm32f4xx_usart.o(i.USART_Init)
    USART_ReceiveData                        0x08001015   Thumb Code    10  stm32f4xx_usart.o(i.USART_ReceiveData)
    UsageFault_Handler                       0x0800101f   Thumb Code     4  stm32f4xx_it.o(i.UsageFault_Handler)
    _sys_exit                                0x08001023   Thumb Code     4  usart.o(i._sys_exit)
    delay_init                               0x08001029   Thumb Code    58  delay.o(i.delay_init)
    delay_ms                                 0x0800106d   Thumb Code    60  delay.o(i.delay_ms)
    delay_us                                 0x080010ad   Thumb Code    68  delay.o(i.delay_us)
    fputc                                    0x080010f5   Thumb Code    22  usart.o(i.fputc)
    main                                     0x08001111   Thumb Code    60  main.o(i.main)
    pvPortMalloc                             0x08001b85   Thumb Code   306  heap_4.o(i.pvPortMalloc)
    pxPortInitialiseStack                    0x08001cd1   Thumb Code    38  port.o(i.pxPortInitialiseStack)
    timerTask                                0x08001cfd   Thumb Code   160  main.o(i.timerTask)
    uart_init                                0x08001e35   Thumb Code   164  usart.o(i.uart_init)
    uxListRemove                             0x08001ee1   Thumb Code    40  list.o(i.uxListRemove)
    vListInitialise                          0x08001f09   Thumb Code    26  list.o(i.vListInitialise)
    vListInitialiseItem                      0x08001f23   Thumb Code     6  list.o(i.vListInitialiseItem)
    vListInsert                              0x08001f29   Thumb Code    52  list.o(i.vListInsert)
    vListInsertEnd                           0x08001f5d   Thumb Code    24  list.o(i.vListInsertEnd)
    vPortEnterCritical                       0x08001f75   Thumb Code    76  port.o(i.vPortEnterCritical)
    vPortExitCritical                        0x08001fc9   Thumb Code    56  port.o(i.vPortExitCritical)
    vPortFree                                0x08002005   Thumb Code   150  heap_4.o(i.vPortFree)
    vPortSetupTimerInterrupt                 0x080020a9   Thumb Code    36  port.o(i.vPortSetupTimerInterrupt)
    vPortValidateInterruptPriority           0x080020d1   Thumb Code   106  port.o(i.vPortValidateInterruptPriority)
    vQueueAddToRegistry                      0x08002149   Thumb Code    38  queue.o(i.vQueueAddToRegistry)
    vQueueWaitForMessageRestricted           0x08002175   Thumb Code    74  queue.o(i.vQueueWaitForMessageRestricted)
    vTaskDelay                               0x080021c1   Thumb Code    82  tasks.o(i.vTaskDelay)
    vTaskDelete                              0x0800221d   Thumb Code   202  tasks.o(i.vTaskDelete)
    vTaskInternalSetTimeOutState             0x08002311   Thumb Code    14  tasks.o(i.vTaskInternalSetTimeOutState)
    vTaskMissedYield                         0x08002329   Thumb Code     8  tasks.o(i.vTaskMissedYield)
    vTaskPlaceOnEventList                    0x08002335   Thumb Code    52  tasks.o(i.vTaskPlaceOnEventList)
    vTaskPlaceOnEventListRestricted          0x0800236d   Thumb Code    60  tasks.o(i.vTaskPlaceOnEventListRestricted)
    vTaskStartScheduler                      0x080023ad   Thumb Code   118  tasks.o(i.vTaskStartScheduler)
    vTaskSuspendAll                          0x08002441   Thumb Code    12  tasks.o(i.vTaskSuspendAll)
    vTaskSwitchContext                       0x08002451   Thumb Code   118  tasks.o(i.vTaskSwitchContext)
    xPortStartScheduler                      0x080024dd   Thumb Code   330  port.o(i.xPortStartScheduler)
    xQueueGenericCreate                      0x08002645   Thumb Code    84  queue.o(i.xQueueGenericCreate)
    xQueueGenericReset                       0x08002699   Thumb Code   146  queue.o(i.xQueueGenericReset)
    xQueueGenericSend                        0x08002731   Thumb Code   420  queue.o(i.xQueueGenericSend)
    xQueueGenericSendFromISR                 0x080028d9   Thumb Code   252  queue.o(i.xQueueGenericSendFromISR)
    xQueueReceive                            0x080029d5   Thumb Code   356  queue.o(i.xQueueReceive)
    xTaskCheckForTimeOut                     0x08002b3d   Thumb Code   132  tasks.o(i.xTaskCheckForTimeOut)
    xTaskCreate                              0x08002bc9   Thumb Code    96  tasks.o(i.xTaskCreate)
    xTaskGetSchedulerState                   0x08002c29   Thumb Code    24  tasks.o(i.xTaskGetSchedulerState)
    xTaskGetTickCount                        0x08002c49   Thumb Code     6  tasks.o(i.xTaskGetTickCount)
    xTaskIncrementTick                       0x08002c55   Thumb Code   282  tasks.o(i.xTaskIncrementTick)
    xTaskPriorityDisinherit                  0x08002d9d   Thumb Code   188  tasks.o(i.xTaskPriorityDisinherit)
    xTaskRemoveFromEventList                 0x08002e65   Thumb Code   128  tasks.o(i.xTaskRemoveFromEventList)
    xTaskResumeAll                           0x08002efd   Thumb Code   224  tasks.o(i.xTaskResumeAll)
    xTimerCreate                             0x08003001   Thumb Code    54  timers.o(i.xTimerCreate)
    xTimerCreateTimerTask                    0x08003039   Thumb Code    66  timers.o(i.xTimerCreateTimerTask)
    xTimerGenericCommand                     0x08003091   Thumb Code   126  timers.o(i.xTimerGenericCommand)
    _fp_init                                 0x08003115   Thumb Code    10  fpinit.o(x$fpl$fpinit)
    __fplib_config_fpu_vfp                   0x0800311d   Thumb Code     0  fpinit.o(x$fpl$fpinit)
    __fplib_config_pureend_doubles           0x0800311d   Thumb Code     0  fpinit.o(x$fpl$fpinit)
    Region$$Table$$Base                      0x08003120   Number         0  anon$$obj.o(Region$$Table)
    Region$$Table$$Limit                     0x08003140   Number         0  anon$$obj.o(Region$$Table)
    StartTask_Handler                        0x20000000   Data           4  main.o(.data)
    timerTask_Handler                        0x20000004   Data           4  main.o(.data)
    AutoReloadTimer_Handle                   0x20000008   Data           4  main.o(.data)
    OneShotTimer_Handle                      0x2000000c   Data           4  main.o(.data)
    SystemCoreClock                          0x20000014   Data           4  system_stm32f4xx.o(.data)
    AHBPrescTable                            0x20000018   Data          16  system_stm32f4xx.o(.data)
    __stdout                                 0x20000030   Data           4  usart.o(.data)
    USART_RX_STA                             0x20000034   Data           2  usart.o(.data)
    pxCurrentTCB                             0x20000048   Data           4  tasks.o(.data)
    USART_RX_BUF                             0x200000c4   Data         200  usart.o(.bss)
    xQueueRegistry                           0x2000018c   Data          64  queue.o(.bss)
    __libspace_start                         0x20012ebc   Data          96  libspace.o(.bss)
    __temporary_stack_top$libspace           0x20012f1c   Data           0  libspace.o(.bss)



==============================================================================

Memory Map of the image

  Image Entry point : 0x08000189

  Load Region LR_IROM1 (Base: 0x08000000, Size: 0x00003204, Max: 0x00100000, ABSOLUTE)

    Execution Region ER_IROM1 (Exec base: 0x08000000, Load base: 0x08000000, Size: 0x00003140, Max: 0x00100000, ABSOLUTE)

    Exec Addr    Load Addr    Size         Type   Attr      Idx    E Section Name        Object

    0x08000000   0x08000000   0x00000188   Data   RO          498    RESET               startup_stm32f40_41xxx.o
    0x08000188   0x08000188   0x00000008   Code   RO         2451  * !!!main             c_w.l(__main.o)
    0x08000190   0x08000190   0x00000034   Code   RO         2623    !!!scatter          c_w.l(__scatter.o)
    0x080001c4   0x080001c4   0x0000001a   Code   RO         2625    !!handler_copy      c_w.l(__scatter_copy.o)
    0x080001de   0x080001de   0x00000002   PAD
    0x080001e0   0x080001e0   0x0000001c   Code   RO         2627    !!handler_zi        c_w.l(__scatter_zi.o)
    0x080001fc   0x080001fc   0x00000000   Code   RO         2440    .ARM.Collect$$_printf_percent$$00000000  c_w.l(_printf_percent.o)
    0x080001fc   0x080001fc   0x00000006   Code   RO         2439    .ARM.Collect$$_printf_percent$$00000009  c_w.l(_printf_d.o)
    0x08000202   0x08000202   0x00000004   Code   RO         2460    .ARM.Collect$$_printf_percent$$00000017  c_w.l(_printf_percent_end.o)
    0x08000206   0x08000206   0x00000002   Code   RO         2497    .ARM.Collect$$libinit$$00000000  c_w.l(libinit.o)
    0x08000208   0x08000208   0x00000004   Code   RO         2503    .ARM.Collect$$libinit$$00000001  c_w.l(libinit2.o)
    0x0800020c   0x0800020c   0x00000000   Code   RO         2506    .ARM.Collect$$libinit$$00000004  c_w.l(libinit2.o)
    0x0800020c   0x0800020c   0x00000000   Code   RO         2509    .ARM.Collect$$libinit$$0000000A  c_w.l(libinit2.o)
    0x0800020c   0x0800020c   0x00000000   Code   RO         2511    .ARM.Collect$$libinit$$0000000C  c_w.l(libinit2.o)
    0x0800020c   0x0800020c   0x00000000   Code   RO         2513    .ARM.Collect$$libinit$$0000000E  c_w.l(libinit2.o)
    0x0800020c   0x0800020c   0x00000000   Code   RO         2516    .ARM.Collect$$libinit$$00000011  c_w.l(libinit2.o)
    0x0800020c   0x0800020c   0x00000000   Code   RO         2518    .ARM.Collect$$libinit$$00000013  c_w.l(libinit2.o)
    0x0800020c   0x0800020c   0x00000000   Code   RO         2520    .ARM.Collect$$libinit$$00000015  c_w.l(libinit2.o)
    0x0800020c   0x0800020c   0x00000000   Code   RO         2522    .ARM.Collect$$libinit$$00000017  c_w.l(libinit2.o)
    0x0800020c   0x0800020c   0x00000000   Code   RO         2524    .ARM.Collect$$libinit$$00000019  c_w.l(libinit2.o)
    0x0800020c   0x0800020c   0x00000000   Code   RO         2526    .ARM.Collect$$libinit$$0000001B  c_w.l(libinit2.o)
    0x0800020c   0x0800020c   0x00000000   Code   RO         2528    .ARM.Collect$$libinit$$0000001D  c_w.l(libinit2.o)
    0x0800020c   0x0800020c   0x00000000   Code   RO         2530    .ARM.Collect$$libinit$$0000001F  c_w.l(libinit2.o)
    0x0800020c   0x0800020c   0x00000000   Code   RO         2532    .ARM.Collect$$libinit$$00000021  c_w.l(libinit2.o)
    0x0800020c   0x0800020c   0x00000000   Code   RO         2534    .ARM.Collect$$libinit$$00000023  c_w.l(libinit2.o)
    0x0800020c   0x0800020c   0x00000000   Code   RO         2536    .ARM.Collect$$libinit$$00000025  c_w.l(libinit2.o)
    0x0800020c   0x0800020c   0x00000000   Code   RO         2540    .ARM.Collect$$libinit$$0000002C  c_w.l(libinit2.o)
    0x0800020c   0x0800020c   0x00000000   Code   RO         2542    .ARM.Collect$$libinit$$0000002E  c_w.l(libinit2.o)
    0x0800020c   0x0800020c   0x00000000   Code   RO         2544    .ARM.Collect$$libinit$$00000030  c_w.l(libinit2.o)
    0x0800020c   0x0800020c   0x00000000   Code   RO         2546    .ARM.Collect$$libinit$$00000032  c_w.l(libinit2.o)
    0x0800020c   0x0800020c   0x00000002   Code   RO         2547    .ARM.Collect$$libinit$$00000033  c_w.l(libinit2.o)
    0x0800020e   0x0800020e   0x00000002   Code   RO         2565    .ARM.Collect$$libshutdown$$00000000  c_w.l(libshutdown.o)
    0x08000210   0x08000210   0x00000000   Code   RO         2575    .ARM.Collect$$libshutdown$$00000002  c_w.l(libshutdown2.o)
    0x08000210   0x08000210   0x00000000   Code   RO         2577    .ARM.Collect$$libshutdown$$00000004  c_w.l(libshutdown2.o)
    0x08000210   0x08000210   0x00000000   Code   RO         2580    .ARM.Collect$$libshutdown$$00000007  c_w.l(libshutdown2.o)
    0x08000210   0x08000210   0x00000000   Code   RO         2583    .ARM.Collect$$libshutdown$$0000000A  c_w.l(libshutdown2.o)
    0x08000210   0x08000210   0x00000000   Code   RO         2585    .ARM.Collect$$libshutdown$$0000000C  c_w.l(libshutdown2.o)
    0x08000210   0x08000210   0x00000000   Code   RO         2588    .ARM.Collect$$libshutdown$$0000000F  c_w.l(libshutdown2.o)
    0x08000210   0x08000210   0x00000002   Code   RO         2589    .ARM.Collect$$libshutdown$$00000010  c_w.l(libshutdown2.o)
    0x08000212   0x08000212   0x00000000   Code   RO         2455    .ARM.Collect$$rtentry$$00000000  c_w.l(__rtentry.o)
    0x08000212   0x08000212   0x00000000   Code   RO         2466    .ARM.Collect$$rtentry$$00000002  c_w.l(__rtentry2.o)
    0x08000212   0x08000212   0x00000006   Code   RO         2478    .ARM.Collect$$rtentry$$00000004  c_w.l(__rtentry4.o)
    0x08000218   0x08000218   0x00000000   Code   RO         2468    .ARM.Collect$$rtentry$$00000009  c_w.l(__rtentry2.o)
    0x08000218   0x08000218   0x00000004   Code   RO         2469    .ARM.Collect$$rtentry$$0000000A  c_w.l(__rtentry2.o)
    0x0800021c   0x0800021c   0x00000000   Code   RO         2471    .ARM.Collect$$rtentry$$0000000C  c_w.l(__rtentry2.o)
    0x0800021c   0x0800021c   0x00000008   Code   RO         2472    .ARM.Collect$$rtentry$$0000000D  c_w.l(__rtentry2.o)
    0x08000224   0x08000224   0x00000002   Code   RO         2501    .ARM.Collect$$rtexit$$00000000  c_w.l(rtexit.o)
    0x08000226   0x08000226   0x00000000   Code   RO         2549    .ARM.Collect$$rtexit$$00000002  c_w.l(rtexit2.o)
    0x08000226   0x08000226   0x00000004   Code   RO         2550    .ARM.Collect$$rtexit$$00000003  c_w.l(rtexit2.o)
    0x0800022a   0x0800022a   0x00000006   Code   RO         2551    .ARM.Collect$$rtexit$$00000004  c_w.l(rtexit2.o)
    0x08000230   0x08000230   0x000000be   Code   RO         2275    .emb_text           port.o
    0x080002ee   0x080002ee   0x00000002   PAD
    0x080002f0   0x080002f0   0x00000040   Code   RO          499    .text               startup_stm32f40_41xxx.o
    0x08000330   0x08000330   0x00000002   Code   RO         2409    .text               c_w.l(use_no_semi_2.o)
    0x08000332   0x08000332   0x00000002   PAD
    0x08000334   0x08000334   0x00000018   Code   RO         2413    .text               c_w.l(noretval__2printf.o)
    0x0800034c   0x0800034c   0x00000068   Code   RO         2415    .text               c_w.l(__printf.o)
    0x080003b4   0x080003b4   0x00000078   Code   RO         2417    .text               c_w.l(_printf_dec.o)
    0x0800042c   0x0800042c   0x0000008a   Code   RO         2441    .text               c_w.l(rt_memcpy_v6.o)
    0x080004b6   0x080004b6   0x00000010   Code   RO         2445    .text               c_w.l(aeabi_memset.o)
    0x080004c6   0x080004c6   0x0000004e   Code   RO         2447    .text               c_w.l(rt_memclr_w.o)
    0x08000514   0x08000514   0x00000006   Code   RO         2449    .text               c_w.l(heapauxi.o)
    0x0800051a   0x0800051a   0x00000002   Code   RO         2453    .text               c_w.l(use_no_semi.o)
    0x0800051c   0x0800051c   0x000000b2   Code   RO         2456    .text               c_w.l(_printf_intcommon.o)
    0x080005ce   0x080005ce   0x00000002   PAD
    0x080005d0   0x080005d0   0x00000024   Code   RO         2458    .text               c_w.l(_printf_char_file.o)
    0x080005f4   0x080005f4   0x00000064   Code   RO         2461    .text               c_w.l(rt_memcpy_w.o)
    0x08000658   0x08000658   0x00000044   Code   RO         2463    .text               c_w.l(rt_memclr.o)
    0x0800069c   0x0800069c   0x00000030   Code   RO         2480    .text               c_w.l(_printf_char_common.o)
    0x080006cc   0x080006cc   0x00000008   Code   RO         2482    .text               c_w.l(ferror.o)
    0x080006d4   0x080006d4   0x0000004a   Code   RO         2486    .text               c_w.l(sys_stackheap_outer.o)
    0x0800071e   0x0800071e   0x00000012   Code   RO         2490    .text               c_w.l(exit.o)
    0x08000730   0x08000730   0x00000008   Code   RO         2498    .text               c_w.l(libspace.o)
    0x08000738   0x08000738   0x00000040   Code   RO            3    i.AutoReloadCallback  main.o
    0x08000778   0x08000778   0x00000004   Code   RO          213    i.BusFault_Handler  stm32f4xx_it.o
    0x0800077c   0x0800077c   0x00000002   Code   RO          214    i.DebugMon_Handler  stm32f4xx_it.o
    0x0800077e   0x0800077e   0x00000090   Code   RO          550    i.GPIO_Init         stm32f4xx_gpio.o
    0x0800080e   0x0800080e   0x00000046   Code   RO          551    i.GPIO_PinAFConfig  stm32f4xx_gpio.o
    0x08000854   0x08000854   0x00000012   Code   RO          554    i.GPIO_ReadInputDataBit  stm32f4xx_gpio.o
    0x08000866   0x08000866   0x00000004   Code   RO          558    i.GPIO_SetBits      stm32f4xx_gpio.o
    0x0800086a   0x0800086a   0x00000004   Code   RO          215    i.HardFault_Handler  stm32f4xx_it.o
    0x0800086e   0x0800086e   0x00000002   PAD
    0x08000870   0x08000870   0x00000044   Code   RO          349    i.KEY_Init          key.o
    0x080008b4   0x080008b4   0x000000c8   Code   RO          350    i.KEY_Scan          key.o
    0x0800097c   0x0800097c   0x0000003c   Code   RO          329    i.LED_Init          led.o
    0x080009b8   0x080009b8   0x00000004   Code   RO          216    i.MemManage_Handler  stm32f4xx_it.o
    0x080009bc   0x080009bc   0x00000002   Code   RO          217    i.NMI_Handler       stm32f4xx_it.o
    0x080009be   0x080009be   0x00000002   PAD
    0x080009c0   0x080009c0   0x00000078   Code   RO          505    i.NVIC_Init         misc.o
    0x08000a38   0x08000a38   0x00000014   Code   RO          506    i.NVIC_PriorityGroupConfig  misc.o
    0x08000a4c   0x08000a4c   0x0000003c   Code   RO            4    i.OneShotCallback   main.o
    0x08000a88   0x08000a88   0x00000020   Code   RO          647    i.RCC_AHB1PeriphClockCmd  stm32f4xx_rcc.o
    0x08000aa8   0x08000aa8   0x00000020   Code   RO          659    i.RCC_APB2PeriphClockCmd  stm32f4xx_rcc.o
    0x08000ac8   0x08000ac8   0x000000e8   Code   RO          668    i.RCC_GetClocksFreq  stm32f4xx_rcc.o
    0x08000bb0   0x08000bb0   0x000000ec   Code   RO          292    i.SetSysClock       system_stm32f4xx.o
    0x08000c9c   0x08000c9c   0x000000a0   Code   RO            5    i.StartTask         main.o
    0x08000d3c   0x08000d3c   0x00000028   Code   RO          509    i.SysTick_CLKSourceConfig  misc.o
    0x08000d64   0x08000d64   0x00000034   Code   RO         2276    i.SysTick_Handler   port.o
    0x08000d98   0x08000d98   0x00000068   Code   RO          294    i.SystemInit        system_stm32f4xx.o
    0x08000e00   0x08000e00   0x00000088   Code   RO          443    i.USART1_IRQHandler  usart.o
    0x08000e88   0x08000e88   0x00000018   Code   RO         1041    i.USART_Cmd         stm32f4xx_usart.o
    0x08000ea0   0x08000ea0   0x00000054   Code   RO         1045    i.USART_GetITStatus  stm32f4xx_usart.o
    0x08000ef4   0x08000ef4   0x0000004a   Code   RO         1047    i.USART_ITConfig    stm32f4xx_usart.o
    0x08000f3e   0x08000f3e   0x00000002   PAD
    0x08000f40   0x08000f40   0x000000d4   Code   RO         1048    i.USART_Init        stm32f4xx_usart.o
    0x08001014   0x08001014   0x0000000a   Code   RO         1055    i.USART_ReceiveData  stm32f4xx_usart.o
    0x0800101e   0x0800101e   0x00000004   Code   RO          218    i.UsageFault_Handler  stm32f4xx_it.o
    0x08001022   0x08001022   0x00000004   Code   RO          444    i._sys_exit         usart.o
    0x08001026   0x08001026   0x00000002   PAD
    0x08001028   0x08001028   0x00000044   Code   RO          376    i.delay_init        delay.o
    0x0800106c   0x0800106c   0x00000040   Code   RO          377    i.delay_ms          delay.o
    0x080010ac   0x080010ac   0x00000048   Code   RO          378    i.delay_us          delay.o
    0x080010f4   0x080010f4   0x0000001c   Code   RO          445    i.fputc             usart.o
    0x08001110   0x08001110   0x00000050   Code   RO            6    i.main              main.o
    0x08001160   0x08001160   0x00000098   Code   RO         1754    i.prvAddCurrentTaskToDelayedList  tasks.o
    0x080011f8   0x080011f8   0x000000b8   Code   RO         1755    i.prvAddNewTaskToReadyList  tasks.o
    0x080012b0   0x080012b0   0x00000064   Code   RO         2118    i.prvCheckForValidListAndQueue  timers.o
    0x08001314   0x08001314   0x00000048   Code   RO         1756    i.prvCheckTasksWaitingTermination  tasks.o
    0x0800135c   0x0800135c   0x0000002a   Code   RO         1377    i.prvCopyDataFromQueue  queue.o
    0x08001386   0x08001386   0x0000007e   Code   RO         1378    i.prvCopyDataToQueue  queue.o
    0x08001404   0x08001404   0x00000012   Code   RO         1757    i.prvDeleteTCB      tasks.o
    0x08001416   0x08001416   0x00000002   PAD
    0x08001418   0x08001418   0x00000028   Code   RO         2119    i.prvGetNextExpireTime  timers.o
    0x08001440   0x08001440   0x0000007c   Code   RO         2352    i.prvHeapInit       heap_4.o
    0x080014bc   0x080014bc   0x00000028   Code   RO         1758    i.prvIdleTask       tasks.o
    0x080014e4   0x080014e4   0x0000002a   Code   RO         1381    i.prvInitialiseNewQueue  queue.o
    0x0800150e   0x0800150e   0x000000be   Code   RO         1759    i.prvInitialiseNewTask  tasks.o
    0x080015cc   0x080015cc   0x0000005a   Code   RO         2120    i.prvInitialiseNewTimer  timers.o
    0x08001626   0x08001626   0x00000002   PAD
    0x08001628   0x08001628   0x00000068   Code   RO         1760    i.prvInitialiseTaskLists  tasks.o
    0x08001690   0x08001690   0x00000068   Code   RO         2353    i.prvInsertBlockIntoFreeList  heap_4.o
    0x080016f8   0x080016f8   0x00000058   Code   RO         2121    i.prvInsertTimerInActiveList  timers.o
    0x08001750   0x08001750   0x0000001a   Code   RO         1382    i.prvIsQueueEmpty   queue.o
    0x0800176a   0x0800176a   0x0000001e   Code   RO         1383    i.prvIsQueueFull    queue.o
    0x08001788   0x08001788   0x00000074   Code   RO         2122    i.prvProcessExpiredTimer  timers.o
    0x080017fc   0x080017fc   0x00000138   Code   RO         2123    i.prvProcessReceivedCommands  timers.o
    0x08001934   0x08001934   0x00000074   Code   RO         2124    i.prvProcessTimerOrBlockTask  timers.o
    0x080019a8   0x080019a8   0x00000034   Code   RO         1762    i.prvResetNextTaskUnblockTime  tasks.o
    0x080019dc   0x080019dc   0x0000002c   Code   RO         2125    i.prvSampleTimeNow  timers.o
    0x08001a08   0x08001a08   0x000000a4   Code   RO         2126    i.prvSwitchTimerLists  timers.o
    0x08001aac   0x08001aac   0x00000040   Code   RO         2277    i.prvTaskExitError  port.o
    0x08001aec   0x08001aec   0x0000001a   Code   RO         2127    i.prvTimerTask      timers.o
    0x08001b06   0x08001b06   0x0000007e   Code   RO         1384    i.prvUnlockQueue    queue.o
    0x08001b84   0x08001b84   0x0000014c   Code   RO         2354    i.pvPortMalloc      heap_4.o
    0x08001cd0   0x08001cd0   0x0000002c   Code   RO         2278    i.pxPortInitialiseStack  port.o
    0x08001cfc   0x08001cfc   0x00000138   Code   RO            7    i.timerTask         main.o
    0x08001e34   0x08001e34   0x000000ac   Code   RO          446    i.uart_init         usart.o
    0x08001ee0   0x08001ee0   0x00000028   Code   RO         1337    i.uxListRemove      list.o
    0x08001f08   0x08001f08   0x0000001a   Code   RO         1338    i.vListInitialise   list.o
    0x08001f22   0x08001f22   0x00000006   Code   RO         1339    i.vListInitialiseItem  list.o
    0x08001f28   0x08001f28   0x00000034   Code   RO         1340    i.vListInsert       list.o
    0x08001f5c   0x08001f5c   0x00000018   Code   RO         1341    i.vListInsertEnd    list.o
    0x08001f74   0x08001f74   0x00000054   Code   RO         2280    i.vPortEnterCritical  port.o
    0x08001fc8   0x08001fc8   0x0000003c   Code   RO         2281    i.vPortExitCritical  port.o
    0x08002004   0x08002004   0x000000a4   Code   RO         2355    i.vPortFree         heap_4.o
    0x080020a8   0x080020a8   0x00000028   Code   RO         2282    i.vPortSetupTimerInterrupt  port.o
    0x080020d0   0x080020d0   0x00000078   Code   RO         2283    i.vPortValidateInterruptPriority  port.o
    0x08002148   0x08002148   0x0000002c   Code   RO         1390    i.vQueueAddToRegistry  queue.o
    0x08002174   0x08002174   0x0000004a   Code   RO         1394    i.vQueueWaitForMessageRestricted  queue.o
    0x080021be   0x080021be   0x00000002   PAD
    0x080021c0   0x080021c0   0x0000005c   Code   RO         1774    i.vTaskDelay        tasks.o
    0x0800221c   0x0800221c   0x000000f4   Code   RO         1776    i.vTaskDelete       tasks.o
    0x08002310   0x08002310   0x00000018   Code   RO         1779    i.vTaskInternalSetTimeOutState  tasks.o
    0x08002328   0x08002328   0x0000000c   Code   RO         1780    i.vTaskMissedYield  tasks.o
    0x08002334   0x08002334   0x00000038   Code   RO         1782    i.vTaskPlaceOnEventList  tasks.o
    0x0800236c   0x0800236c   0x00000040   Code   RO         1783    i.vTaskPlaceOnEventListRestricted  tasks.o
    0x080023ac   0x080023ac   0x00000094   Code   RO         1791    i.vTaskStartScheduler  tasks.o
    0x08002440   0x08002440   0x00000010   Code   RO         1793    i.vTaskSuspendAll   tasks.o
    0x08002450   0x08002450   0x0000008c   Code   RO         1794    i.vTaskSwitchContext  tasks.o
    0x080024dc   0x080024dc   0x00000168   Code   RO         2284    i.xPortStartScheduler  port.o
    0x08002644   0x08002644   0x00000054   Code   RO         1397    i.xQueueGenericCreate  queue.o
    0x08002698   0x08002698   0x00000098   Code   RO         1398    i.xQueueGenericReset  queue.o
    0x08002730   0x08002730   0x000001a8   Code   RO         1399    i.xQueueGenericSend  queue.o
    0x080028d8   0x080028d8   0x000000fc   Code   RO         1400    i.xQueueGenericSendFromISR  queue.o
    0x080029d4   0x080029d4   0x00000168   Code   RO         1407    i.xQueueReceive     queue.o
    0x08002b3c   0x08002b3c   0x0000008c   Code   RO         1796    i.xTaskCheckForTimeOut  tasks.o
    0x08002bc8   0x08002bc8   0x00000060   Code   RO         1797    i.xTaskCreate       tasks.o
    0x08002c28   0x08002c28   0x00000020   Code   RO         1801    i.xTaskGetSchedulerState  tasks.o
    0x08002c48   0x08002c48   0x0000000c   Code   RO         1802    i.xTaskGetTickCount  tasks.o
    0x08002c54   0x08002c54   0x00000148   Code   RO         1804    i.xTaskIncrementTick  tasks.o
    0x08002d9c   0x08002d9c   0x000000c8   Code   RO         1807    i.xTaskPriorityDisinherit  tasks.o
    0x08002e64   0x08002e64   0x00000098   Code   RO         1809    i.xTaskRemoveFromEventList  tasks.o
    0x08002efc   0x08002efc   0x00000104   Code   RO         1810    i.xTaskResumeAll    tasks.o
    0x08003000   0x08003000   0x00000036   Code   RO         2134    i.xTimerCreate      timers.o
    0x08003036   0x08003036   0x00000002   PAD
    0x08003038   0x08003038   0x00000058   Code   RO         2135    i.xTimerCreateTimerTask  timers.o
    0x08003090   0x08003090   0x00000084   Code   RO         2136    i.xTimerGenericCommand  timers.o
    0x08003114   0x08003114   0x0000000a   Code   RO         2557    x$fpl$fpinit        fz_wm.l(fpinit.o)
    0x0800311e   0x0800311e   0x00000002   PAD
    0x08003120   0x08003120   0x00000020   Data   RO         2621    Region$$Table       anon$$obj.o


    Execution Region RW_IRAM1 (Exec base: 0x20000000, Load base: 0x08003140, Size: 0x00013520, Max: 0x00020000, ABSOLUTE)

    Exec Addr    Load Addr    Size         Type   Attr      Idx    E Section Name        Object

    0x20000000   0x08003140   0x00000012   Data   RW            8    .data               main.o
    0x20000012   0x08003152   0x00000002   PAD
    0x20000014   0x08003154   0x00000014   Data   RW          295    .data               system_stm32f4xx.o
    0x20000028   0x08003168   0x00000001   Data   RW          351    .data               key.o
    0x20000029   0x08003169   0x00000001   PAD
    0x2000002a   0x0800316a   0x00000004   Data   RW          380    .data               delay.o
    0x2000002e   0x0800316e   0x00000002   PAD
    0x20000030   0x08003170   0x00000006   Data   RW          448    .data               usart.o
    0x20000036   0x08003176   0x00000010   Data   RW          700    .data               stm32f4xx_rcc.o
    0x20000046   0x08003186   0x00000002   PAD
    0x20000048   0x08003188   0x0000003c   Data   RW         1813    .data               tasks.o
    0x20000084   0x080031c4   0x00000014   Data   RW         2142    .data               timers.o
    0x20000098   0x080031d8   0x0000000c   Data   RW         2285    .data               port.o
    0x200000a4   0x080031e4   0x00000020   Data   RW         2361    .data               heap_4.o
    0x200000c4        -       0x000000c8   Zero   RW          447    .bss                usart.o
    0x2000018c        -       0x00000040   Zero   RW         1411    .bss                queue.o
    0x200001cc        -       0x000000c8   Zero   RW         1812    .bss                tasks.o
    0x20000294        -       0x00000028   Zero   RW         2141    .bss                timers.o
    0x200002bc        -       0x00012c00   Zero   RW         2360    .bss                heap_4.o
    0x20012ebc        -       0x00000060   Zero   RW         2499    .bss                c_w.l(libspace.o)
    0x20012f1c   0x08003204   0x00000004   PAD
    0x20012f20        -       0x00000200   Zero   RW          497    HEAP                startup_stm32f40_41xxx.o
    0x20013120        -       0x00000400   Zero   RW          496    STACK               startup_stm32f40_41xxx.o


==============================================================================

Image component sizes


      Code (inc. data)   RO Data    RW Data    ZI Data      Debug   Object Name

       204         18          0          4          0       2051   delay.o
         0          0          0          0          0      10540   event_groups.o
       724         74          0         32      76800       4535   heap_4.o
       268         20          0          1          0       1270   key.o
        60          4          0          0          0        543   led.o
       148          0          0          0          0       3262   list.o
       676        318          0         18          0     280131   main.o
       180         24          0          0          0       2097   misc.o
      1014         92          0         12          0      11565   port.o
      1782         20          0          0         64      15882   queue.o
        64         26        392          0       1536        848   startup_stm32f40_41xxx.o
       236          0          0          0          0       2998   stm32f4xx_gpio.o
        20          0          0          0          0       2765   stm32f4xx_it.o
       296         30          0         16          0       4058   stm32f4xx_rcc.o
       404          8          0          0          0       4302   stm32f4xx_usart.o
       340         32          0         20          0       1781   system_stm32f4xx.o
      2828        390          0         60        200      24972   tasks.o
      1370        116          0         20         40      22138   timers.o
       340         28          0          6        200       4324   usart.o

    ----------------------------------------------------------------------
     10972       1200        424        196      78840     400062   Object Totals
         0          0         32          0          0          0   (incl. Generated)
        18          0          0          7          0          0   (incl. Padding)

    ----------------------------------------------------------------------

      Code (inc. data)   RO Data    RW Data    ZI Data      Debug   Library Member Name

         8          0          0          0          0         68   __main.o
       104          0          0          0          0         84   __printf.o
         0          0          0          0          0          0   __rtentry.o
        12          0          0          0          0          0   __rtentry2.o
         6          0          0          0          0          0   __rtentry4.o
        52          8          0          0          0          0   __scatter.o
        26          0          0          0          0          0   __scatter_copy.o
        28          0          0          0          0          0   __scatter_zi.o
        48          6          0          0          0         96   _printf_char_common.o
        36          4          0          0          0         80   _printf_char_file.o
         6          0          0          0          0          0   _printf_d.o
       120         16          0          0          0         92   _printf_dec.o
       178          0          0          0          0         88   _printf_intcommon.o
         0          0          0          0          0          0   _printf_percent.o
         4          0          0          0          0          0   _printf_percent_end.o
        16          0          0          0          0         68   aeabi_memset.o
        18          0          0          0          0         80   exit.o
         8          0          0          0          0         68   ferror.o
         6          0          0          0          0        152   heapauxi.o
         2          0          0          0          0          0   libinit.o
         6          0          0          0          0          0   libinit2.o
         2          0          0          0          0          0   libshutdown.o
         2          0          0          0          0          0   libshutdown2.o
         8          4          0          0         96         68   libspace.o
        24          4          0          0          0         84   noretval__2printf.o
        68          0          0          0          0         68   rt_memclr.o
        78          0          0          0          0         80   rt_memclr_w.o
       138          0          0          0          0         68   rt_memcpy_v6.o
       100          0          0          0          0         80   rt_memcpy_w.o
         2          0          0          0          0          0   rtexit.o
        10          0          0          0          0          0   rtexit2.o
        74          0          0          0          0         80   sys_stackheap_outer.o
         2          0          0          0          0         68   use_no_semi.o
         2          0          0          0          0         68   use_no_semi_2.o
        10          0          0          0          0        116   fpinit.o

    ----------------------------------------------------------------------
      1212         42          0          0        100       1656   Library Totals
         8          0          0          0          4          0   (incl. Padding)

    ----------------------------------------------------------------------

      Code (inc. data)   RO Data    RW Data    ZI Data      Debug   Library Name

      1194         42          0          0         96       1540   c_w.l
        10          0          0          0          0        116   fz_wm.l

    ----------------------------------------------------------------------
      1212         42          0          0        100       1656   Library Totals

    ----------------------------------------------------------------------

==============================================================================


      Code (inc. data)   RO Data    RW Data    ZI Data      Debug   

     12184       1242        424        196      78940     390838   Grand Totals
     12184       1242        424        196      78940     390838   ELF Image Totals
     12184       1242        424        196          0          0   ROM Totals

==============================================================================

    Total RO  Size (Code + RO Data)                12608 (  12.31kB)
    Total RW  Size (RW Data + ZI Data)             79136 (  77.28kB)
    Total ROM Size (Code + RO Data + RW Data)      12804 (  12.50kB)

==============================================================================

